Component: ARM Compiler 5.06 update 5 (build 528) Tool: armlink [4d35e2]

==============================================================================

Section Cross References

    debug_frmwrk.o(i.UARTGetChar) refers to lpc17xx_uart.o(i.UART_Receive) for UART_Receive
    debug_frmwrk.o(i.UARTPutChar) refers to lpc17xx_uart.o(i.UART_Send) for UART_Send
    debug_frmwrk.o(i.UARTPutDec) refers to debug_frmwrk.o(i.UARTPutChar) for UARTPutChar
    debug_frmwrk.o(i.UARTPutDec16) refers to debug_frmwrk.o(i.UARTPutChar) for UARTPutChar
    debug_frmwrk.o(i.UARTPutDec32) refers to debug_frmwrk.o(i.UARTPutChar) for UARTPutChar
    debug_frmwrk.o(i.UARTPutHex) refers to debug_frmwrk.o(i.UARTPuts) for UARTPuts
    debug_frmwrk.o(i.UARTPutHex) refers to debug_frmwrk.o(i.UARTPutChar) for UARTPutChar
    debug_frmwrk.o(i.UARTPutHex16) refers to debug_frmwrk.o(i.UARTPuts) for UARTPuts
    debug_frmwrk.o(i.UARTPutHex16) refers to debug_frmwrk.o(i.UARTPutChar) for UARTPutChar
    debug_frmwrk.o(i.UARTPutHex32) refers to debug_frmwrk.o(i.UARTPuts) for UARTPuts
    debug_frmwrk.o(i.UARTPutHex32) refers to debug_frmwrk.o(i.UARTPutChar) for UARTPutChar
    debug_frmwrk.o(i.UARTPuts) refers to debug_frmwrk.o(i.UARTPutChar) for UARTPutChar
    debug_frmwrk.o(i.UARTPuts_) refers to debug_frmwrk.o(i.UARTPuts) for UARTPuts
    debug_frmwrk.o(i.debug_frmwrk_init) refers to lpc17xx_pinsel.o(i.PINSEL_ConfigPin) for PINSEL_ConfigPin
    debug_frmwrk.o(i.debug_frmwrk_init) refers to lpc17xx_uart.o(i.UART_ConfigStructInit) for UART_ConfigStructInit
    debug_frmwrk.o(i.debug_frmwrk_init) refers to lpc17xx_uart.o(i.UART_Init) for UART_Init
    debug_frmwrk.o(i.debug_frmwrk_init) refers to lpc17xx_uart.o(i.UART_TxCmd) for UART_TxCmd
    debug_frmwrk.o(i.debug_frmwrk_init) refers to debug_frmwrk.o(i.UARTPuts) for UARTPuts
    debug_frmwrk.o(i.debug_frmwrk_init) refers to debug_frmwrk.o(.data) for _db_msg
    debug_frmwrk.o(i.debug_frmwrk_init) refers to debug_frmwrk.o(i.UARTPuts_) for UARTPuts_
    debug_frmwrk.o(i.debug_frmwrk_init) refers to debug_frmwrk.o(i.UARTPutChar) for UARTPutChar
    debug_frmwrk.o(i.debug_frmwrk_init) refers to debug_frmwrk.o(i.UARTPutHex) for UARTPutHex
    debug_frmwrk.o(i.debug_frmwrk_init) refers to debug_frmwrk.o(i.UARTPutHex16) for UARTPutHex16
    debug_frmwrk.o(i.debug_frmwrk_init) refers to debug_frmwrk.o(i.UARTPutHex32) for UARTPutHex32
    debug_frmwrk.o(i.debug_frmwrk_init) refers to debug_frmwrk.o(i.UARTPutDec) for UARTPutDec
    debug_frmwrk.o(i.debug_frmwrk_init) refers to debug_frmwrk.o(i.UARTPutDec16) for UARTPutDec16
    debug_frmwrk.o(i.debug_frmwrk_init) refers to debug_frmwrk.o(i.UARTPutDec32) for UARTPutDec32
    debug_frmwrk.o(i.debug_frmwrk_init) refers to debug_frmwrk.o(i.UARTGetChar) for UARTGetChar
    lpc17xx_adc.o(i.ADC_BurstCmd) refers to lpc17xx_libcfg_default.o(i.check_failed) for check_failed
    lpc17xx_adc.o(i.ADC_ChannelCmd) refers to lpc17xx_libcfg_default.o(i.check_failed) for check_failed
    lpc17xx_adc.o(i.ADC_ChannelGetData) refers to lpc17xx_libcfg_default.o(i.check_failed) for check_failed
    lpc17xx_adc.o(i.ADC_ChannelGetStatus) refers to lpc17xx_libcfg_default.o(i.check_failed) for check_failed
    lpc17xx_adc.o(i.ADC_DeInit) refers to lpc17xx_libcfg_default.o(i.check_failed) for check_failed
    lpc17xx_adc.o(i.ADC_DeInit) refers to lpc17xx_clkpwr.o(i.CLKPWR_ConfigPPWR) for CLKPWR_ConfigPPWR
    lpc17xx_adc.o(i.ADC_EdgeStartConfig) refers to lpc17xx_libcfg_default.o(i.check_failed) for check_failed
    lpc17xx_adc.o(i.ADC_GlobalGetData) refers to lpc17xx_libcfg_default.o(i.check_failed) for check_failed
    lpc17xx_adc.o(i.ADC_GlobalGetStatus) refers to lpc17xx_libcfg_default.o(i.check_failed) for check_failed
    lpc17xx_adc.o(i.ADC_Init) refers to lpc17xx_libcfg_default.o(i.check_failed) for check_failed
    lpc17xx_adc.o(i.ADC_Init) refers to lpc17xx_clkpwr.o(i.CLKPWR_ConfigPPWR) for CLKPWR_ConfigPPWR
    lpc17xx_adc.o(i.ADC_Init) refers to lpc17xx_clkpwr.o(i.CLKPWR_GetPCLK) for CLKPWR_GetPCLK
    lpc17xx_adc.o(i.ADC_IntConfig) refers to lpc17xx_libcfg_default.o(i.check_failed) for check_failed
    lpc17xx_adc.o(i.ADC_PowerdownCmd) refers to lpc17xx_libcfg_default.o(i.check_failed) for check_failed
    lpc17xx_adc.o(i.ADC_StartCmd) refers to lpc17xx_libcfg_default.o(i.check_failed) for check_failed
    lpc17xx_can.o(i.CAN_DeInit) refers to lpc17xx_libcfg_default.o(i.check_failed) for check_failed
    lpc17xx_can.o(i.CAN_DeInit) refers to lpc17xx_clkpwr.o(i.CLKPWR_ConfigPPWR) for CLKPWR_ConfigPPWR
    lpc17xx_can.o(i.CAN_FullCANIntGetStatus) refers to lpc17xx_libcfg_default.o(i.check_failed) for check_failed
    lpc17xx_can.o(i.CAN_FullCANPendGetStatus) refers to lpc17xx_libcfg_default.o(i.check_failed) for check_failed
    lpc17xx_can.o(i.CAN_GetCRStatus) refers to lpc17xx_libcfg_default.o(i.check_failed) for check_failed
    lpc17xx_can.o(i.CAN_GetCTRLStatus) refers to lpc17xx_libcfg_default.o(i.check_failed) for check_failed
[...]
    initio_locked.o(.text) refers to defsig_rtred_outer.o(.text) for __rt_SIGRTRED
    initio_locked.o(.text) refers to setvbuf.o(.text) for setvbuf
    initio_locked.o(.text) refers to fclose.o(.text) for _fclose_internal
    initio_locked.o(.text) refers to h1_free.o(.text) for free
    initio_locked.o(.text) refers to stdio_streams.o(.bss) for __stdin
    initio_locked.o(.text) refers to stdio_streams.o(.bss) for __stdout
    initio_locked.o(.text) refers to stdio_streams.o(.bss) for __stderr
    initio_locked.o(.text) refers to stdio_streams.o(.data) for __aeabi_stdin
    initio_locked.o(.text) refers to stdio_streams.o(.data) for __aeabi_stdout
    initio_locked.o(.text) refers to stdio_streams.o(.data) for __aeabi_stderr
    initio_locked.o(.text) refers to streamlock.o(.data) for _stream_list_lock
    initio_locked.o(.text) refers to sys_io.o(.constdata) for __stdin_name
    initio_locked.o(.text) refers to sys_io.o(.constdata) for __stdout_name
    initio_locked.o(.text) refers to sys_io.o(.constdata) for __stderr_name
    _get_argv.o(.text) refers (Special) to hrguard.o(.text) for __heap_region$guard
    _get_argv.o(.text) refers to h1_alloc.o(.text) for malloc
    _get_argv.o(.text) refers to defsig_rtmem_outer.o(.text) for __rt_SIGRTMEM
    _get_argv.o(.text) refers to sys_command.o(.text) for _sys_command_string
    libinit2.o(.ARM.Collect$$libinit$$00000005) refers (Weak) to init_alloc.o(.text) for _init_alloc
    libinit2.o(.ARM.Collect$$libinit$$00000010) refers to libinit2.o(.ARM.Collect$$libinit$$0000000F) for .ARM.Collect$$libinit$$0000000F
    libinit2.o(.ARM.Collect$$libinit$$00000012) refers to libinit2.o(.ARM.Collect$$libinit$$0000000F) for .ARM.Collect$$libinit$$0000000F
    libinit2.o(.ARM.Collect$$libinit$$00000014) refers to libinit2.o(.ARM.Collect$$libinit$$0000000F) for .ARM.Collect$$libinit$$0000000F
    libinit2.o(.ARM.Collect$$libinit$$00000016) refers to libinit2.o(.ARM.Collect$$libinit$$0000000F) for .ARM.Collect$$libinit$$0000000F
    libinit2.o(.ARM.Collect$$libinit$$00000018) refers to libinit2.o(.ARM.Collect$$libinit$$0000000F) for .ARM.Collect$$libinit$$0000000F
    libinit2.o(.ARM.Collect$$libinit$$00000024) refers (Weak) to initio.o(.text) for _initio
    libinit2.o(.ARM.Collect$$libinit$$00000026) refers to argv_veneer.o(.emb_text) for __ARM_argv_veneer
    libinit2.o(.ARM.Collect$$libinit$$00000027) refers to argv_veneer.o(.emb_text) for __ARM_argv_veneer
    sys_command.o(.text) refers (Special) to use_no_semi.o(.text) for __I$use$semihosting
    sys_command.o(.text) refers (Special) to indicate_semi.o(.text) for __semihosting_library_function
    libspace.o(.text) refers to libspace.o(.bss) for __libspace_start
    sys_stackheap_outer.o(.text) refers to libspace.o(.text) for __user_perproc_libspace
    sys_stackheap_outer.o(.text) refers to startup_lpc17xx.o(.text) for __user_initial_stackheap
    rt_errno_addr.o(.text) refers to rt_errno_addr.o(.bss) for __aeabi_errno_addr_data
    rt_errno_addr_intlibspace.o(.text) refers to libspace.o(.bss) for __libspace_start
    maybetermalloc2.o(.emb_text) refers (Special) to term_alloc.o(.text) for _terminate_alloc
    h1_extend.o(.text) refers to h1_free.o(.text) for free
    h1_extend_mt.o(.text) refers to h1_free_mt.o(.text) for _free_internal
    exit.o(.text) refers to rtexit.o(.ARM.Collect$$rtexit$$00000000) for __rt_exit
    defsig_fpe_outer.o(.text) refers to defsig_fpe_inner.o(.text) for __rt_SIGFPE_inner
    defsig_fpe_outer.o(.text) refers to defsig_exit.o(.text) for __sig_exit
    defsig_fpe_formal.o(.text) refers to rt_raise.o(.text) for __rt_raise
    defsig_rtred_outer.o(.text) refers to defsig_rtred_inner.o(.text) for __rt_SIGRTRED_inner
    defsig_rtred_outer.o(.text) refers to defsig_exit.o(.text) for __sig_exit
    defsig_rtred_formal.o(.text) refers to rt_raise.o(.text) for __rt_raise
    defsig_rtmem_outer.o(.text) refers to defsig_rtmem_inner.o(.text) for __rt_SIGRTMEM_inner
    defsig_rtmem_outer.o(.text) refers to defsig_exit.o(.text) for __sig_exit
    defsig_rtmem_formal.o(.text) refers to rt_raise.o(.text) for __rt_raise
    heapauxa.o(.text) refers to heapauxa.o(.data) for .data
    argv_veneer.o(.emb_text) refers to no_argv.o(.text) for __ARM_get_argv
    libinit.o(.ARM.Collect$$libinit$$00000000) refers (Special) to libinit2.o(.ARM.Collect$$libinit$$0000002E) for __rt_lib_init_alloca_1
    libinit.o(.ARM.Collect$$libinit$$00000000) refers (Special) to libinit2.o(.ARM.Collect$$libinit$$0000002C) for __rt_lib_init_argv_1
    libinit.o(.ARM.Collect$$libinit$$00000000) refers (Special) to libinit2.o(.ARM.Collect$$libinit$$0000001B) for __rt_lib_init_atexit_1
    libinit.o(.ARM.Collect$$libinit$$00000000) refers (Special) to libinit2.o(.ARM.Collect$$libinit$$00000021) for __rt_lib_init_clock_1
    libinit.o(.ARM.Collect$$libinit$$00000000) refers (Special) to libinit2.o(.ARM.Collect$$libinit$$00000032) for __rt_lib_init_cpp_1
    libinit.o(.ARM.Collect$$libinit$$00000000) refers (Special) to libinit2.o(.ARM.Collect$$libinit$$00000030) for __rt_lib_init_exceptions_1
    libinit.o(.ARM.Collect$$libinit$$00000000) refers (Special) to libinit2.o(.ARM.Collect$$libinit$$00000002) for __rt_lib_init_fp_1
    libinit.o(.ARM.Collect$$libinit$$00000000) refers (Special) to libinit2.o(.ARM.Collect$$libinit$$0000001F) for __rt_lib_init_fp_trap_1
    libinit.o(.ARM.Collect$$libinit$$00000000) refers (Special) to libinit2.o(.ARM.Collect$$libinit$$00000023) for __rt_lib_init_getenv_1
    libinit.o(.ARM.Collect$$libinit$$00000000) refers (Special) to libinit2.o(.ARM.Collect$$libinit$$0000000A) for __rt_lib_init_heap_1
    libinit.o(.ARM.Collect$$libinit$$00000000) refers (Special) to libinit2.o(.ARM.Collect$$libinit$$00000011) for __rt_lib_init_lc_collate_1
    libinit.o(.ARM.Collect$$libinit$$00000000) refers (Special) to libinit2.o(.ARM.Collect$$libinit$$00000013) for __rt_lib_init_lc_ctype_1
    libinit.o(.ARM.Collect$$libinit$$00000000) refers (Special) to libinit2.o(.ARM.Collect$$libinit$$00000015) for __rt_lib_init_lc_monetary_1
    libinit.o(.ARM.Collect$$libinit$$00000000) refers (Special) to libinit2.o(.ARM.Collect$$libinit$$00000017) for __rt_lib_init_lc_numeric_1
    libinit.o(.ARM.Collect$$libinit$$00000000) refers (Special) to libinit2.o(.ARM.Collect$$libinit$$00000019) for __rt_lib_init_lc_time_1
    libinit.o(.ARM.Collect$$libinit$$00000000) refers (Special) to libinit2.o(.ARM.Collect$$libinit$$00000004) for __rt_lib_init_preinit_1
    libinit.o(.ARM.Collect$$libinit$$00000000) refers (Special) to libinit2.o(.ARM.Collect$$libinit$$0000000E) for __rt_lib_init_rand_1
    libinit.o(.ARM.Collect$$libinit$$00000000) refers (Special) to libinit2.o(.ARM.Collect$$libinit$$00000033) for __rt_lib_init_return
    libinit.o(.ARM.Collect$$libinit$$00000000) refers (Special) to libinit2.o(.ARM.Collect$$libinit$$0000001D) for __rt_lib_init_signal_1
    libinit.o(.ARM.Collect$$libinit$$00000000) refers (Special) to libinit2.o(.ARM.Collect$$libinit$$00000025) for __rt_lib_init_stdio_1
    libinit.o(.ARM.Collect$$libinit$$00000000) refers (Special) to libinit2.o(.ARM.Collect$$libinit$$0000000C) for __rt_lib_init_user_alloc_1
    libshutdown2.o(.ARM.Collect$$libshutdown$$00000003) refers (Weak) to initio.o(.text) for _terminateio
    libshutdown2.o(.ARM.Collect$$libshutdown$$0000000D) refers (Weak) to term_alloc.o(.text) for _terminate_alloc
    rtexit.o(.ARM.Collect$$rtexit$$00000000) refers (Special) to rtexit2.o(.ARM.Collect$$rtexit$$00000004) for __rt_exit_exit
    rtexit.o(.ARM.Collect$$rtexit$$00000000) refers (Special) to rtexit2.o(.ARM.Collect$$rtexit$$00000003) for __rt_exit_ls
    rtexit.o(.ARM.Collect$$rtexit$$00000000) refers (Special) to rtexit2.o(.ARM.Collect$$rtexit$$00000002) for __rt_exit_prels_1
    rtexit.o(.ARM.exidx) refers (Special) to rtexit2.o(.ARM.Collect$$rtexit$$00000004) for __rt_exit_exit
    rtexit.o(.ARM.exidx) refers (Special) to rtexit2.o(.ARM.Collect$$rtexit$$00000003) for __rt_exit_ls
    rtexit.o(.ARM.exidx) refers (Special) to rtexit2.o(.ARM.Collect$$rtexit$$00000002) for __rt_exit_prels_1
    rtexit.o(.ARM.exidx) refers to rtexit.o(.ARM.Collect$$rtexit$$00000000) for .ARM.Collect$$rtexit$$00000000
    rt_raise.o(.text) refers to __raise.o(.text) for __raise
    rt_raise.o(.text) refers to sys_exit.o(.text) for _sys_exit
    term_alloc.o(.text) refers (Special) to libshutdown2.o(.ARM.Collect$$libshutdown$$0000000E) for __rt_lib_shutdown_heap_2
    term_alloc.o(.text) refers to rt_heap_descriptor_intlibspace.o(.text) for __rt_heap_descriptor
    term_alloc.o(.text) refers to h1_final.o(.text) for __Heap_Finalize
    defsig_exit.o(.text) refers to sys_exit.o(.text) for _sys_exit
    defsig_fpe_inner.o(.text) refers to defsig_general.o(.text) for __default_signal_display
    defsig_rtred_inner.o(.text) refers to defsig_general.o(.text) for __default_signal_display
    defsig_rtmem_inner.o(.text) refers to defsig_general.o(.text) for __default_signal_display
    _get_argv_nomalloc.o(.text) refers (Special) to hrguard.o(.text) for __heap_region$guard
    _get_argv_nomalloc.o(.text) refers to defsig_rtmem_outer.o(.text) for __rt_SIGRTMEM
    _get_argv_nomalloc.o(.text) refers to sys_command.o(.text) for _sys_command_string
    sys_exit.o(.text) refers (Special) to use_no_semi.o(.text) for __I$use$semihosting
    sys_exit.o(.text) refers (Special) to indicate_semi.o(.text) for __semihosting_library_function
    rtexit2.o(.ARM.Collect$$rtexit$$00000003) refers to libshutdown.o(.ARM.Collect$$libshutdown$$00000000) for __rt_lib_shutdown
    rtexit2.o(.ARM.Collect$$rtexit$$00000004) refers to sys_exit.o(.text) for _sys_exit
    rtexit2.o(.ARM.exidx) refers to rtexit2.o(.ARM.Collect$$rtexit$$00000001) for .ARM.Collect$$rtexit$$00000001
    rtexit2.o(.ARM.exidx) refers to rtexit2.o(.ARM.Collect$$rtexit$$00000003) for .ARM.Collect$$rtexit$$00000003
    rtexit2.o(.ARM.exidx) refers to rtexit2.o(.ARM.Collect$$rtexit$$00000004) for .ARM.Collect$$rtexit$$00000004
    __raise.o(.text) refers to defsig.o(CL$$defsig) for __default_signal_handler
    defsig_general.o(.text) refers to sys_wrch.o(.text) for _ttywrch
    sys_wrch.o(.text) refers (Special) to use_no_semi.o(.text) for __I$use$semihosting
    sys_wrch.o(.text) refers (Special) to indicate_semi.o(.text) for __semihosting_library_function
    defsig.o(CL$$defsig) refers to defsig_fpe_inner.o(.text) for __rt_SIGFPE_inner
    defsig.o(CL$$defsig) refers to defsig_rtred_inner.o(.text) for __rt_SIGRTRED_inner
    defsig.o(CL$$defsig) refers to defsig_rtmem_inner.o(.text) for __rt_SIGRTMEM_inner
    libshutdown.o(.ARM.Collect$$libshutdown$$00000000) refers (Special) to libshutdown2.o(.ARM.Collect$$libshutdown$$00000002) for __rt_lib_shutdown_cpp_1
    libshutdown.o(.ARM.Collect$$libshutdown$$00000000) refers (Special) to libshutdown2.o(.ARM.Collect$$libshutdown$$00000007) for __rt_lib_shutdown_fp_trap_1
    libshutdown.o(.ARM.Collect$$libshutdown$$00000000) refers (Special) to libshutdown2.o(.ARM.Collect$$libshutdown$$0000000F) for __rt_lib_shutdown_heap_1
    libshutdown.o(.ARM.Collect$$libshutdown$$00000000) refers (Special) to libshutdown2.o(.ARM.Collect$$libshutdown$$00000010) for __rt_lib_shutdown_return
    libshutdown.o(.ARM.Collect$$libshutdown$$00000000) refers (Special) to libshutdown2.o(.ARM.Collect$$libshutdown$$0000000A) for __rt_lib_shutdown_signal_1
    libshutdown.o(.ARM.Collect$$libshutdown$$00000000) refers (Special) to libshutdown2.o(.ARM.Collect$$libshutdown$$00000004) for __rt_lib_shutdown_stdio_1
    libshutdown.o(.ARM.Collect$$libshutdown$$00000000) refers (Special) to libshutdown2.o(.ARM.Collect$$libshutdown$$0000000C) for __rt_lib_shutdown_user_alloc_1
    defsig_abrt_inner.o(.text) refers to defsig_general.o(.text) for __default_signal_display
    defsig_stak_inner.o(.text) refers to defsig_general.o(.text) for __default_signal_display
    defsig_pvfn_inner.o(.text) refers to defsig_general.o(.text) for __default_signal_display
    defsig_cppl_inner.o(.text) refers to defsig_general.o(.text) for __default_signal_display
    defsig_segv_inner.o(.text) refers to defsig_general.o(.text) for __default_signal_display
    defsig_other.o(.text) refers to defsig_general.o(.text) for __default_signal_display


==============================================================================

Removing Unused input sections from the image.

    Removing debug_frmwrk.o(.rev16_text), (4 bytes).
    Removing debug_frmwrk.o(.revsh_text), (4 bytes).
    Removing debug_frmwrk.o(i.UARTGetChar), (26 bytes).
    Removing debug_frmwrk.o(i.UARTPutChar), (18 bytes).
    Removing debug_frmwrk.o(i.UARTPutDec), (96 bytes).
    Removing debug_frmwrk.o(i.UARTPutDec16), (160 bytes).
    Removing debug_frmwrk.o(i.UARTPutDec32), (300 bytes).
    Removing debug_frmwrk.o(i.UARTPutHex), (72 bytes).
    Removing debug_frmwrk.o(i.UARTPutHex16), (72 bytes).
    Removing debug_frmwrk.o(i.UARTPutHex32), (72 bytes).
    Removing debug_frmwrk.o(i.UARTPuts), (28 bytes).
    Removing debug_frmwrk.o(i.UARTPuts_), (28 bytes).
    Removing debug_frmwrk.o(i.debug_frmwrk_init), (224 bytes).
    Removing debug_frmwrk.o(.data), (40 bytes).
    Removing lpc17xx_adc.o(.rev16_text), (4 bytes).
    Removing lpc17xx_adc.o(.revsh_text), (4 bytes).
    Removing lpc17xx_adc.o(i.ADC_BurstCmd), (108 bytes).
    Removing lpc17xx_adc.o(i.ADC_ChannelCmd), (140 bytes).
    Removing lpc17xx_adc.o(i.ADC_ChannelGetData), (108 bytes).
    Removing lpc17xx_adc.o(i.ADC_ChannelGetStatus), (148 bytes).
    Removing lpc17xx_adc.o(i.ADC_DeInit), (128 bytes).
    Removing lpc17xx_adc.o(i.ADC_EdgeStartConfig), (124 bytes).
    Removing lpc17xx_adc.o(i.ADC_GetData), (24 bytes).
    Removing lpc17xx_adc.o(i.ADC_GlobalGetData), (92 bytes).
    Removing lpc17xx_adc.o(i.ADC_GlobalGetStatus), (132 bytes).
    Removing lpc17xx_adc.o(i.ADC_Init), (164 bytes).
    Removing lpc17xx_adc.o(i.ADC_IntConfig), (156 bytes).
    Removing lpc17xx_adc.o(i.ADC_PowerdownCmd), (108 bytes).
    Removing lpc17xx_adc.o(i.ADC_StartCmd), (144 bytes).
    Removing lpc17xx_can.o(.rev16_text), (4 bytes).
    Removing lpc17xx_can.o(.revsh_text), (4 bytes).
    Removing lpc17xx_can.o(i.CAN_DeInit), (124 bytes).
    Removing lpc17xx_can.o(i.CAN_FullCANIntGetStatus), (100 bytes).
    Removing lpc17xx_can.o(i.CAN_FullCANPendGetStatus), (116 bytes).
    Removing lpc17xx_can.o(i.CAN_GetCRStatus), (132 bytes).
    Removing lpc17xx_can.o(i.CAN_GetCTRLStatus), (152 bytes).
    Removing lpc17xx_can.o(i.CAN_IRQCmd), (244 bytes).
    Removing lpc17xx_can.o(i.CAN_Init), (228 bytes).
    Removing lpc17xx_can.o(i.CAN_IntGetStatus), (100 bytes).
    Removing lpc17xx_can.o(i.CAN_LoadExplicitEntry), (936 bytes).
    Removing lpc17xx_can.o(i.CAN_LoadFullCANEntry), (876 bytes).
    Removing lpc17xx_can.o(i.CAN_LoadGroupEntry), (896 bytes).
    Removing lpc17xx_can.o(i.CAN_ModeConfig), (388 bytes).
    Removing lpc17xx_can.o(i.CAN_ReceiveMsg), (192 bytes).
    Removing lpc17xx_can.o(i.CAN_RemoveEntry), (1304 bytes).
    Removing lpc17xx_can.o(i.CAN_SendMsg), (604 bytes).
    Removing lpc17xx_can.o(i.CAN_SetAFMode), (160 bytes).
    Removing lpc17xx_can.o(i.CAN_SetCommand), (108 bytes).
    Removing lpc17xx_can.o(i.CAN_SetupAFLUT), (1784 bytes).
    Removing lpc17xx_can.o(i.FCAN_ReadObj), (288 bytes).
    Removing lpc17xx_can.o(i.can_SetBaudrate), (248 bytes).
    Removing lpc17xx_can.o(.data), (12 bytes).
    Removing lpc17xx_clkpwr.o(.rev16_text), (4 bytes).
    Removing lpc17xx_clkpwr.o(.revsh_text), (4 bytes).
    Removing lpc17xx_clkpwr.o(i.CLKPWR_ConfigPPWR), (56 bytes).
    Removing lpc17xx_clkpwr.o(i.CLKPWR_DeepPowerDown), (24 bytes).
    Removing lpc17xx_clkpwr.o(i.CLKPWR_DeepSleep), (24 bytes).
    Removing lpc17xx_clkpwr.o(i.CLKPWR_GetPCLK), (64 bytes).
    Removing lpc17xx_clkpwr.o(i.CLKPWR_GetPCLKSEL), (40 bytes).
    Removing lpc17xx_clkpwr.o(i.CLKPWR_PowerDown), (24 bytes).
    Removing lpc17xx_clkpwr.o(i.CLKPWR_SetPCLKDiv), (104 bytes).
    Removing lpc17xx_clkpwr.o(i.CLKPWR_Sleep), (16 bytes).
    Removing lpc17xx_exti.o(.rev16_text), (4 bytes).
    Removing lpc17xx_exti.o(.revsh_text), (4 bytes).
    Removing lpc17xx_exti.o(i.EXTI_ClearEXTIFlag), (16 bytes).
    Removing lpc17xx_exti.o(i.EXTI_Config), (32 bytes).
    Removing lpc17xx_exti.o(i.EXTI_ConfigPin), (36 bytes).
    Removing lpc17xx_exti.o(i.EXTI_DeInit), (2 bytes).
    Removing lpc17xx_exti.o(i.EXTI_Init), (28 bytes).
    Removing lpc17xx_exti.o(i.EXTI_SetMode), (52 bytes).
    Removing lpc17xx_exti.o(i.EXTI_SetPolarity), (52 bytes).
    Removing lpc17xx_gpio.o(.rev16_text), (4 bytes).
    Removing lpc17xx_gpio.o(.revsh_text), (4 bytes).
    Removing lpc17xx_gpio.o(i.FIO_ByteClearValue), (34 bytes).
    Removing lpc17xx_gpio.o(i.FIO_ByteGetPointer), (56 bytes).
    Removing lpc17xx_gpio.o(i.FIO_ByteReadValue), (32 bytes).
    Removing lpc17xx_gpio.o(i.FIO_ByteSetDir), (50 bytes).
    Removing lpc17xx_gpio.o(i.FIO_ByteSetMask), (66 bytes).
    Removing lpc17xx_gpio.o(i.FIO_ByteSetValue), (34 bytes).
    Removing lpc17xx_gpio.o(i.FIO_ClearInt), (16 bytes).
    Removing lpc17xx_gpio.o(i.FIO_ClearValue), (16 bytes).
    Removing lpc17xx_gpio.o(i.FIO_GetIntStatus), (20 bytes).
    Removing lpc17xx_gpio.o(i.FIO_HalfWordClearValue), (32 bytes).
    Removing lpc17xx_gpio.o(i.FIO_HalfWordGetPointer), (56 bytes).
    Removing lpc17xx_gpio.o(i.FIO_HalfWordReadValue), (30 bytes).
    Removing lpc17xx_gpio.o(i.FIO_HalfWordSetDir), (62 bytes).
    Removing lpc17xx_gpio.o(i.FIO_HalfWordSetMask), (62 bytes).
    Removing lpc17xx_gpio.o(i.FIO_HalfWordSetValue), (32 bytes).
    Removing lpc17xx_gpio.o(i.FIO_IntCmd), (20 bytes).
    Removing lpc17xx_gpio.o(i.FIO_ReadValue), (12 bytes).
    Removing lpc17xx_gpio.o(i.FIO_SetDir), (20 bytes).
    Removing lpc17xx_gpio.o(i.FIO_SetMask), (40 bytes).
    Removing lpc17xx_gpio.o(i.FIO_SetValue), (16 bytes).
    Removing lpc17xx_gpio.o(i.GPIO_ClearInt), (32 bytes).
    Removing lpc17xx_gpio.o(i.GPIO_ClearValue), (20 bytes).
    Removing lpc17xx_gpio.o(i.GPIO_GetIntStatus), (88 bytes).
    Removing lpc17xx_gpio.o(i.GPIO_GetPointer), (56 bytes).
    Removing lpc17xx_gpio.o(i.GPIO_IntCmd), (64 bytes).
    Removing lpc17xx_gpio.o(i.GPIO_ReadValue), (22 bytes).
    Removing lpc17xx_gpio.o(i.GPIO_SetDir), (40 bytes).
    Removing lpc17xx_gpio.o(i.GPIO_SetValue), (20 bytes).
    Removing lpc17xx_i2c.o(.rev16_text), (4 bytes).
    Removing lpc17xx_i2c.o(.revsh_text), (4 bytes).
    Removing lpc17xx_i2c.o(i.I2C_Cmd), (156 bytes).
    Removing lpc17xx_i2c.o(i.I2C_DeInit), (164 bytes).
    Removing lpc17xx_i2c.o(i.I2C_GetByte), (32 bytes).
    Removing lpc17xx_i2c.o(i.I2C_Init), (200 bytes).
    Removing lpc17xx_i2c.o(i.I2C_IntCmd), (104 bytes).
    Removing lpc17xx_i2c.o(i.I2C_MasterHandler), (152 bytes).
    Removing lpc17xx_i2c.o(i.I2C_MasterHanleStates), (382 bytes).
    Removing lpc17xx_i2c.o(i.I2C_MasterTransferComplete), (36 bytes).
    Removing lpc17xx_i2c.o(i.I2C_MasterTransferData), (220 bytes).
    Removing lpc17xx_i2c.o(i.I2C_MonitorGetDatabuffer), (112 bytes).
    Removing lpc17xx_i2c.o(i.I2C_MonitorHandler), (44 bytes).
    Removing lpc17xx_i2c.o(i.I2C_MonitorModeCmd), (172 bytes).
    Removing lpc17xx_i2c.o(i.I2C_MonitorModeConfig), (160 bytes).
    Removing lpc17xx_i2c.o(i.I2C_SendByte), (62 bytes).
    Removing lpc17xx_i2c.o(i.I2C_SetClock), (172 bytes).
    Removing lpc17xx_i2c.o(i.I2C_SetOwnSlaveAddr), (236 bytes).
    Removing lpc17xx_i2c.o(i.I2C_SlaveHandler), (156 bytes).
    Removing lpc17xx_i2c.o(i.I2C_SlaveHanleStates), (300 bytes).
    Removing lpc17xx_i2c.o(i.I2C_SlaveTransferComplete), (36 bytes).
    Removing lpc17xx_i2c.o(i.I2C_SlaveTransferData), (212 bytes).
    Removing lpc17xx_i2c.o(i.I2C_Start), (34 bytes).
    Removing lpc17xx_i2c.o(i.I2C_Stop), (22 bytes).
    Removing lpc17xx_i2c.o(i.I2C_getNum), (52 bytes).
    Removing lpc17xx_i2c.o(i.NVIC_DisableIRQ), (24 bytes).
    Removing lpc17xx_i2c.o(i.NVIC_EnableIRQ), (22 bytes).
    Removing lpc17xx_i2c.o(.bss), (48 bytes).
    Removing lpc17xx_i2c.o(.data), (4 bytes).
    Removing lpc17xx_libcfg_default.o(i.check_failed), (4 bytes).
    Removing lpc17xx_nvic.o(.rev16_text), (4 bytes).
    Removing lpc17xx_nvic.o(.revsh_text), (4 bytes).
    Removing lpc17xx_nvic.o(i.NVIC_DeInit), (68 bytes).
    Removing lpc17xx_nvic.o(i.NVIC_SCBDeInit), (84 bytes).
    Removing lpc17xx_nvic.o(i.NVIC_SetVTOR), (12 bytes).
    Removing lpc17xx_pinsel.o(.rev16_text), (4 bytes).
    Removing lpc17xx_pinsel.o(.revsh_text), (4 bytes).
    Removing lpc17xx_pinsel.o(i.AF_ConfigPin), (30 bytes).
    Removing lpc17xx_pinsel.o(i.PINSEL_ConfigPin), (36 bytes).
    Removing lpc17xx_pinsel.o(i.PINSEL_ConfigTraceFunc), (40 bytes).
    Removing lpc17xx_pinsel.o(i.PINSEL_SetI2C0Pins), (20 bytes).
    Removing lpc17xx_pinsel.o(i.set_OpenDrainMode), (48 bytes).
    Removing lpc17xx_pinsel.o(i.set_PinFunc), (64 bytes).
    Removing lpc17xx_pinsel.o(i.set_ResistorMode), (64 bytes).
    Removing lpc17xx_spi.o(.rev16_text), (4 bytes).
    Removing lpc17xx_spi.o(.revsh_text), (4 bytes).
    Removing lpc17xx_spi.o(i.SPI_CheckStatus), (112 bytes).
    Removing lpc17xx_spi.o(i.SPI_ClearIntPending), (92 bytes).
    Removing lpc17xx_spi.o(i.SPI_ConfigStructInit), (32 bytes).
    Removing lpc17xx_spi.o(i.SPI_DeInit), (100 bytes).
    Removing lpc17xx_spi.o(i.SPI_GetDataSize), (92 bytes).
    Removing lpc17xx_spi.o(i.SPI_GetIntStatus), (96 bytes).
    Removing lpc17xx_spi.o(i.SPI_GetStatus), (96 bytes).
    Removing lpc17xx_spi.o(i.SPI_Init), (160 bytes).
    Removing lpc17xx_spi.o(i.SPI_IntCmd), (132 bytes).
    Removing lpc17xx_spi.o(i.SPI_ReadWrite), (322 bytes).
    Removing lpc17xx_spi.o(i.SPI_ReceiveData), (92 bytes).
    Removing lpc17xx_spi.o(i.SPI_SendData), (92 bytes).
    Removing lpc17xx_spi.o(i.SPI_SetClock), (144 bytes).
    Removing lpc17xx_timer.o(.rev16_text), (4 bytes).
    Removing lpc17xx_timer.o(.revsh_text), (4 bytes).
    Removing lpc17xx_timer.o(i.TIM_ClearIntCapturePending), (156 bytes).
    Removing lpc17xx_timer.o(i.TIM_ClearIntPending), (152 bytes).
    Removing lpc17xx_timer.o(i.TIM_Cmd), (140 bytes).
    Removing lpc17xx_timer.o(i.TIM_ConfigCapture), (196 bytes).
    Removing lpc17xx_timer.o(i.TIM_ConfigMatch), (320 bytes).
    Removing lpc17xx_timer.o(i.TIM_ConfigStructInit), (22 bytes).
    Removing lpc17xx_timer.o(i.TIM_DeInit), (184 bytes).
    Removing lpc17xx_timer.o(i.TIM_GetCaptureValue), (144 bytes).
    Removing lpc17xx_timer.o(i.TIM_GetIntCaptureStatus), (168 bytes).
    Removing lpc17xx_timer.o(i.TIM_GetIntStatus), (164 bytes).
    Removing lpc17xx_timer.o(i.TIM_Init), (344 bytes).
    Removing lpc17xx_timer.o(i.TIM_ResetCounter), (132 bytes).
    Removing lpc17xx_timer.o(i.TIM_UpdateMatchValue), (156 bytes).
    Removing lpc17xx_timer.o(i.converPtrToTimeNum), (60 bytes).
    Removing lpc17xx_timer.o(i.converUSecToVal), (56 bytes).
    Removing lpc17xx_timer.o(i.getPClock), (66 bytes).
    Removing lpc17xx_uart.o(.rev16_text), (4 bytes).
    Removing lpc17xx_uart.o(.revsh_text), (4 bytes).
    Removing lpc17xx_uart.o(i.UART_ABClearIntPending), (140 bytes).
    Removing lpc17xx_uart.o(i.UART_ABCmd), (264 bytes).
    Removing lpc17xx_uart.o(i.UART_CheckBusy), (18 bytes).
    Removing lpc17xx_uart.o(i.UART_ConfigStructInit), (18 bytes).
    Removing lpc17xx_uart.o(i.UART_DeInit), (188 bytes).
    Removing lpc17xx_uart.o(i.UART_FIFOConfig), (320 bytes).
    Removing lpc17xx_uart.o(i.UART_FIFOConfigStructInit), (14 bytes).
    Removing lpc17xx_uart.o(i.UART_ForceBreak), (144 bytes).
    Removing lpc17xx_uart.o(i.UART_FullModemConfigMode), (188 bytes).
    Removing lpc17xx_uart.o(i.UART_FullModemForcePinState), (176 bytes).
    Removing lpc17xx_uart.o(i.UART_FullModemGetStatus), (92 bytes).
    Removing lpc17xx_uart.o(i.UART_GetIntId), (128 bytes).
    Removing lpc17xx_uart.o(i.UART_GetLineStatus), (132 bytes).
    Removing lpc17xx_uart.o(i.UART_Init), (568 bytes).
    Removing lpc17xx_uart.o(i.UART_IntConfig), (328 bytes).
    Removing lpc17xx_uart.o(i.UART_IrDACmd), (140 bytes).
    Removing lpc17xx_uart.o(i.UART_IrDAInvtInputCmd), (140 bytes).
    Removing lpc17xx_uart.o(i.UART_IrDAPulseDivConfig), (164 bytes).
    Removing lpc17xx_uart.o(i.UART_RS485Config), (348 bytes).
    Removing lpc17xx_uart.o(i.UART_RS485ReceiverCmd), (32 bytes).
    Removing lpc17xx_uart.o(i.UART_RS485Send), (88 bytes).
    Removing lpc17xx_uart.o(i.UART_RS485SendData), (22 bytes).
    Removing lpc17xx_uart.o(i.UART_RS485SendSlvAddr), (18 bytes).
    Removing lpc17xx_uart.o(i.UART_Receive), (124 bytes).
    Removing lpc17xx_uart.o(i.UART_ReceiveByte), (132 bytes).
    Removing lpc17xx_uart.o(i.UART_Send), (152 bytes).
    Removing lpc17xx_uart.o(i.UART_SendByte), (132 bytes).
    Removing lpc17xx_uart.o(i.UART_TxCmd), (204 bytes).
    Removing lpc17xx_uart.o(i.Uart0_Init), (72 bytes).
    Removing lpc17xx_uart.o(i.uart_set_divisors), (480 bytes).
    Removing lpc1768_fnd.o(.rev16_text), (4 bytes).
    Removing lpc1768_fnd.o(.revsh_text), (4 bytes).
    Removing lpc1768_fnd.o(i.FND_COM_CS), (28 bytes).
    Removing lpc1768_fnd.o(i.FND_COM_DATA_Select), (20 bytes).
    Removing lpc1768_fnd.o(i.FND_COM_Init), (84 bytes).
    Removing lpc1768_fnd.o(i.FND_COM_Select), (210 bytes).
    Removing lpc1768_fnd.o(i.FND_DATA_Select), (608 bytes).
    Removing lpc1768_fnd.o(i.FND_Data_CS), (20 bytes).
    Removing lpc1768_fnd.o(i.FND_Data_Reset), (88 bytes).
    Removing lpc1768_fnd.o(i.FND_Init), (52 bytes).
    Removing lpc1768_utility.o(.rev16_text), (4 bytes).
    Removing lpc1768_utility.o(.revsh_text), (4 bytes).
    Removing lpc1768_utility.o(i.Delay), (12 bytes).
    Removing lpc1768_utility.o(i.Led_All_Off), (74 bytes).
    Removing lpc1768_utility.o(i.Led_All_On), (74 bytes).
    Removing lpc1768_utility.o(i.Led_Init), (216 bytes).
    Removing lpc1768_utility.o(i.Led_Off), (112 bytes).
    Removing lpc1768_utility.o(i.Led_On), (132 bytes).
    Removing lpc1768_utility.o(i.Led_Toggle), (332 bytes).
    Removing lpc1768_utility.o(.data), (8 bytes).
    Removing bmp.o(.rev16_text), (4 bytes).
    Removing bmp.o(.revsh_text), (4 bytes).
    Removing bmp.o(i.GLCD_bitmap), (66 bytes).
    Removing bmp.o(i.GLCD_clearLn), (40 bytes).
    Removing bmp.o(i.GLCD_displayChar), (8 bytes).
    Removing bmp.o(i.GLCD_displayStringLn), (56 bytes).
    Removing bmp.o(i.GLCD_drawChar), (100 bytes).
    Removing bmp.o(i.GLCD_putPixel), (44 bytes).
    Removing bmp.o(i.GLCD_setBackColor), (12 bytes).
    Removing bmp.o(i.GLCD_setTextColor), (12 bytes).
    Removing bmp.o(.data), (4 bytes).
    Removing system_lpc17xx.o(.rev16_text), (4 bytes).
    Removing system_lpc17xx.o(.revsh_text), (4 bytes).
    Removing system_lpc17xx.o(i.SystemCoreClockUpdate), (424 bytes).
    Removing system_lpc17xx.o(.data), (4 bytes).

245 unused section(s) (total 29062 bytes) removed from the image.

==============================================================================

Image Symbol Table

    Local Symbols

    Symbol Name                              Value     Ov Type        Size  Object(Section)

    RESET                                    0x00000000   Section      204  startup_lpc17xx.o(RESET)
    ../clib/angel/boardlib.s                 0x00000000   Number         0  boardshut.o ABSOLUTE
    ../clib/angel/boardlib.s                 0x00000000   Number         0  boardinit3.o ABSOLUTE
    ../clib/angel/boardlib.s                 0x00000000   Number         0  boardinit2.o ABSOLUTE
    ../clib/angel/boardlib.s                 0x00000000   Number         0  boardinit1.o ABSOLUTE
    ../clib/angel/handlers.s                 0x00000000   Number         0  __scatter_copy.o ABSOLUTE
    ../clib/angel/handlers.s                 0x00000000   Number         0  __scatter_zi.o ABSOLUTE
    ../clib/angel/kernel.s                   0x00000000   Number         0  rtexit2.o ABSOLUTE
    ../clib/angel/kernel.s                   0x00000000   Number         0  __rtentry.o ABSOLUTE
    ../clib/angel/kernel.s                   0x00000000   Number         0  rtexit.o ABSOLUTE
    ../clib/angel/kernel.s                   0x00000000   Number         0  __rtentry2.o ABSOLUTE
    ../clib/angel/kernel.s                   0x00000000   Number         0  __rtentry4.o ABSOLUTE
    ../clib/angel/rt.s                       0x00000000   Number         0  rt_errno_addr.o ABSOLUTE
    ../clib/angel/rt.s                       0x00000000   Number         0  rt_errno_addr_intlibspace.o ABSOLUTE
    ../clib/angel/rt.s                       0x00000000   Number         0  aeabi_ldiv0_sigfpe.o ABSOLUTE
    ../clib/angel/rt.s                       0x00000000   Number         0  aeabi_ldiv0.o ABSOLUTE
    ../clib/angel/rt.s                       0x00000000   Number         0  rt_heap_descriptor_intlibspace.o ABSOLUTE
    ../clib/angel/rt.s                       0x00000000   Number         0  rt_raise.o ABSOLUTE
    ../clib/angel/rt.s                       0x00000000   Number         0  rt_heap_descriptor.o ABSOLUTE
    ../clib/angel/rt.s                       0x00000000   Number         0  rt_div0.o ABSOLUTE
    ../clib/angel/scatter.s                  0x00000000   Number         0  __scatter.o ABSOLUTE
    ../clib/angel/startup.s                  0x00000000   Number         0  __main.o ABSOLUTE
    ../clib/angel/sys.s                      0x00000000   Number         0  sys_stackheap_outer.o ABSOLUTE
    ../clib/angel/sys.s                      0x00000000   Number         0  use_no_semi.o ABSOLUTE
    ../clib/angel/sys.s                      0x00000000   Number         0  mutex_dummy.o ABSOLUTE
    ../clib/angel/sys.s                      0x00000000   Number         0  libspace.o ABSOLUTE
    ../clib/angel/sys.s                      0x00000000   Number         0  indicate_semi.o ABSOLUTE
    ../clib/angel/sysapp.c                   0x00000000   Number         0  sys_wrch.o ABSOLUTE
    ../clib/angel/sysapp.c                   0x00000000   Number         0  sys_exit.o ABSOLUTE
    ../clib/angel/sysapp.c                   0x00000000   Number         0  sys_command.o ABSOLUTE
    ../clib/angel/sysapp.c                   0x00000000   Number         0  sys_io.o ABSOLUTE
    ../clib/armsys.c                         0x00000000   Number         0  _get_argv.o ABSOLUTE
    ../clib/armsys.c                         0x00000000   Number         0  no_argv.o ABSOLUTE
    ../clib/armsys.c                         0x00000000   Number         0  _get_argv_nomalloc.o ABSOLUTE
    ../clib/armsys.c                         0x00000000   Number         0  argv_veneer.o ABSOLUTE
    ../clib/armsys.c                         0x00000000   Number         0  argv_veneer.o ABSOLUTE
    ../clib/heap1.c                          0x00000000   Number         0  h1_alloc_mt.o ABSOLUTE
    ../clib/heap1.c                          0x00000000   Number         0  h1_final.o ABSOLUTE
    ../clib/heap1.c                          0x00000000   Number         0  h1_extend.o ABSOLUTE
    ../clib/heap1.c                          0x00000000   Number         0  h1_final_mt.o ABSOLUTE
    ../clib/heap1.c                          0x00000000   Number         0  h1_free.o ABSOLUTE
    ../clib/heap1.c                          0x00000000   Number         0  h1_init.o ABSOLUTE
    ../clib/heap1.c                          0x00000000   Number         0  h1_free_mt.o ABSOLUTE
    ../clib/heap1.c                          0x00000000   Number         0  h1_init_mt.o ABSOLUTE
    ../clib/heap1.c                          0x00000000   Number         0  h1_alloc.o ABSOLUTE
    ../clib/heap1.c                          0x00000000   Number         0  h1_extend_mt.o ABSOLUTE
    ../clib/heap2.c                          0x00000000   Number         0  heap2.o ABSOLUTE
    ../clib/heap2.c                          0x00000000   Number         0  fdtree.o ABSOLUTE
    ../clib/heap2.c                          0x00000000   Number         0  heap2mt.o ABSOLUTE
    ../clib/heapalloc.c                      0x00000000   Number         0  free.o ABSOLUTE
    ../clib/heapalloc.c                      0x00000000   Number         0  heapstubs.o ABSOLUTE
    ../clib/heapalloc.c                      0x00000000   Number         0  init_alloc.o ABSOLUTE
    ../clib/heapalloc.c                      0x00000000   Number         0  hguard.o ABSOLUTE
    ../clib/heapalloc.c                      0x00000000   Number         0  term_alloc.o ABSOLUTE
    ../clib/heapalloc.c                      0x00000000   Number         0  maybetermalloc2.o ABSOLUTE
    ../clib/heapalloc.c                      0x00000000   Number         0  maybetermalloc2.o ABSOLUTE
    ../clib/heapalloc.c                      0x00000000   Number         0  maybetermalloc1.o ABSOLUTE
    ../clib/heapalloc.c                      0x00000000   Number         0  maybetermalloc1.o ABSOLUTE
    ../clib/heapalloc.c                      0x00000000   Number         0  hrguard.o ABSOLUTE
    ../clib/heapalloc.c                      0x00000000   Number         0  malloc.o ABSOLUTE
    ../clib/heapaux.c                        0x00000000   Number         0  heapauxi.o ABSOLUTE
    ../clib/heapaux.c                        0x00000000   Number         0  heapauxa.o ABSOLUTE
    ../clib/libinit.s                        0x00000000   Number         0  libshutdown2.o ABSOLUTE
    ../clib/libinit.s                        0x00000000   Number         0  libshutdown.o ABSOLUTE
    ../clib/libinit.s                        0x00000000   Number         0  libinit.o ABSOLUTE
    ../clib/libinit.s                        0x00000000   Number         0  libinit2.o ABSOLUTE
    ../clib/longlong.s                       0x00000000   Number         0  lludivv7m.o ABSOLUTE
    ../clib/memcpset.s                       0x00000000   Number         0  rt_memcpy_w.o ABSOLUTE
    ../clib/memcpset.s                       0x00000000   Number         0  rt_memclr_w.o ABSOLUTE
    ../clib/signal.c                         0x00000000   Number         0  defsig_abrt_inner.o ABSOLUTE
    ../clib/signal.c                         0x00000000   Number         0  __raise.o ABSOLUTE
    ../clib/signal.c                         0x00000000   Number         0  defsig_exit.o ABSOLUTE
    ../clib/signal.c                         0x00000000   Number         0  defsig_stak_inner.o ABSOLUTE
    ../clib/signal.c                         0x00000000   Number         0  defsig_rtred_outer.o ABSOLUTE
    ../clib/signal.c                         0x00000000   Number         0  defsig_fpe_formal.o ABSOLUTE
    ../clib/signal.c                         0x00000000   Number         0  defsig_fpe_outer.o ABSOLUTE
    ../clib/signal.c                         0x00000000   Number         0  defsig_pvfn_inner.o ABSOLUTE
    ../clib/signal.c                         0x00000000   Number         0  defsig_cppl_inner.o ABSOLUTE
    ../clib/signal.c                         0x00000000   Number         0  defsig_segv_inner.o ABSOLUTE
    ../clib/signal.c                         0x00000000   Number         0  defsig_other.o ABSOLUTE
    ../clib/signal.c                         0x00000000   Number         0  defsig_rtmem_outer.o ABSOLUTE
    ../clib/signal.c                         0x00000000   Number         0  defsig_rtmem_inner.o ABSOLUTE
    ../clib/signal.c                         0x00000000   Number         0  defsig_general.o ABSOLUTE
    ../clib/signal.c                         0x00000000   Number         0  defsig_rtmem_formal.o ABSOLUTE
    ../clib/signal.c                         0x00000000   Number         0  defsig_fpe_inner.o ABSOLUTE
    ../clib/signal.c                         0x00000000   Number         0  defsig_rtred_inner.o ABSOLUTE
    ../clib/signal.c                         0x00000000   Number         0  defsig_rtred_formal.o ABSOLUTE
    ../clib/signal.s                         0x00000000   Number         0  defsig.o ABSOLUTE
    ../clib/stdio.c                          0x00000000   Number         0  fseek.o ABSOLUTE
    ../clib/stdio.c                          0x00000000   Number         0  streamlock.o ABSOLUTE
    ../clib/stdio.c                          0x00000000   Number         0  stdio_streams.o ABSOLUTE
    ../clib/stdio.c                          0x00000000   Number         0  fclose.o ABSOLUTE
    ../clib/stdio.c                          0x00000000   Number         0  initio_locked.o ABSOLUTE
    ../clib/stdio.c                          0x00000000   Number         0  initio.o ABSOLUTE
    ../clib/stdio.c                          0x00000000   Number         0  stdio.o ABSOLUTE
    ../clib/stdio.c                          0x00000000   Number         0  ftell.o ABSOLUTE
    ../clib/stdio.c                          0x00000000   Number         0  fopen.o ABSOLUTE
    ../clib/stdio.c                          0x00000000   Number         0  setvbuf_locked.o ABSOLUTE
    ../clib/stdio.c                          0x00000000   Number         0  fopen_locked.o ABSOLUTE
    ../clib/stdio.c                          0x00000000   Number         0  setvbuf.o ABSOLUTE
    ../clib/stdlib.c                         0x00000000   Number         0  exit.o ABSOLUTE
    ../clib/string.c                         0x00000000   Number         0  strlen.o ABSOLUTE
    ../fplib/fpinit.s                        0x00000000   Number         0  fpinit.o ABSOLUTE
    ..\Huins_NXP_LPC1768_Library\Drivers\source\LPC1768_fnd.c 0x00000000   Number         0  lpc1768_fnd.o ABSOLUTE
    ..\Huins_NXP_LPC1768_Library\Drivers\source\LPC1768_utility.c 0x00000000   Number         0  lpc1768_utility.o ABSOLUTE
    ..\Huins_NXP_LPC1768_Library\Drivers\source\debug_frmwrk.c 0x00000000   Number         0  debug_frmwrk.o ABSOLUTE
    ..\Huins_NXP_LPC1768_Library\Drivers\source\lpc17xx_adc.c 0x00000000   Number         0  lpc17xx_adc.o ABSOLUTE
    ..\Huins_NXP_LPC1768_Library\Drivers\source\lpc17xx_can.c 0x00000000   Number         0  lpc17xx_can.o ABSOLUTE
    ..\Huins_NXP_LPC1768_Library\Drivers\source\lpc17xx_clkpwr.c 0x00000000   Number         0  lpc17xx_clkpwr.o ABSOLUTE
    ..\Huins_NXP_LPC1768_Library\Drivers\source\lpc17xx_exti.c 0x00000000   Number         0  lpc17xx_exti.o ABSOLUTE
    ..\Huins_NXP_LPC1768_Library\Drivers\source\lpc17xx_gpio.c 0x00000000   Number         0  lpc17xx_gpio.o ABSOLUTE
    ..\Huins_NXP_LPC1768_Library\Drivers\source\lpc17xx_i2c.c 0x00000000   Number         0  lpc17xx_i2c.o ABSOLUTE
    ..\Huins_NXP_LPC1768_Library\Drivers\source\lpc17xx_libcfg_default.c 0x00000000   Number         0  lpc17xx_libcfg_default.o ABSOLUTE
    ..\Huins_NXP_LPC1768_Library\Drivers\source\lpc17xx_nvic.c 0x00000000   Number         0  lpc17xx_nvic.o ABSOLUTE
    ..\Huins_NXP_LPC1768_Library\Drivers\source\lpc17xx_pinsel.c 0x00000000   Number         0  lpc17xx_pinsel.o ABSOLUTE
    ..\Huins_NXP_LPC1768_Library\Drivers\source\lpc17xx_spi.c 0x00000000   Number         0  lpc17xx_spi.o ABSOLUTE
    ..\Huins_NXP_LPC1768_Library\Drivers\source\lpc17xx_timer.c 0x00000000   Number         0  lpc17xx_timer.o ABSOLUTE
    ..\Huins_NXP_LPC1768_Library\Drivers\source\lpc17xx_uart.c 0x00000000   Number         0  lpc17xx_uart.o ABSOLUTE
    ..\\Huins_NXP_LPC1768_Library\\Drivers\\source\\LPC1768_fnd.c 0x00000000   Number         0  lpc1768_fnd.o ABSOLUTE
    ..\\Huins_NXP_LPC1768_Library\\Drivers\\source\\LPC1768_utility.c 0x00000000   Number         0  lpc1768_utility.o ABSOLUTE
    ..\\Huins_NXP_LPC1768_Library\\Drivers\\source\\debug_frmwrk.c 0x00000000   Number         0  debug_frmwrk.o ABSOLUTE
    ..\\Huins_NXP_LPC1768_Library\\Drivers\\source\\lpc17xx_adc.c 0x00000000   Number         0  lpc17xx_adc.o ABSOLUTE
    ..\\Huins_NXP_LPC1768_Library\\Drivers\\source\\lpc17xx_can.c 0x00000000   Number         0  lpc17xx_can.o ABSOLUTE
    ..\\Huins_NXP_LPC1768_Library\\Drivers\\source\\lpc17xx_clkpwr.c 0x00000000   Number         0  lpc17xx_clkpwr.o ABSOLUTE
    ..\\Huins_NXP_LPC1768_Library\\Drivers\\source\\lpc17xx_exti.c 0x00000000   Number         0  lpc17xx_exti.o ABSOLUTE
    ..\\Huins_NXP_LPC1768_Library\\Drivers\\source\\lpc17xx_gpio.c 0x00000000   Number         0  lpc17xx_gpio.o ABSOLUTE
    ..\\Huins_NXP_LPC1768_Library\\Drivers\\source\\lpc17xx_i2c.c 0x00000000   Number         0  lpc17xx_i2c.o ABSOLUTE
    ..\\Huins_NXP_LPC1768_Library\\Drivers\\source\\lpc17xx_nvic.c 0x00000000   Number         0  lpc17xx_nvic.o ABSOLUTE
    ..\\Huins_NXP_LPC1768_Library\\Drivers\\source\\lpc17xx_pinsel.c 0x00000000   Number         0  lpc17xx_pinsel.o ABSOLUTE
    ..\\Huins_NXP_LPC1768_Library\\Drivers\\source\\lpc17xx_spi.c 0x00000000   Number         0  lpc17xx_spi.o ABSOLUTE
    ..\\Huins_NXP_LPC1768_Library\\Drivers\\source\\lpc17xx_timer.c 0x00000000   Number         0  lpc17xx_timer.o ABSOLUTE
    ..\\Huins_NXP_LPC1768_Library\\Drivers\\source\\lpc17xx_uart.c 0x00000000   Number         0  lpc17xx_uart.o ABSOLUTE
    RTE\Device\LPC1768\startup_LPC17xx.s     0x00000000   Number         0  startup_lpc17xx.o ABSOLUTE
    RTE\Device\LPC1768\system_LPC17xx.c      0x00000000   Number         0  system_lpc17xx.o ABSOLUTE
    RTE\\Device\\LPC1768\\system_LPC17xx.c   0x00000000   Number         0  system_lpc17xx.o ABSOLUTE
    bmp.c                                    0x00000000   Number         0  bmp.o ABSOLUTE
    bmp.c                                    0x00000000   Number         0  bmp.o ABSOLUTE
    dc.s                                     0x00000000   Number         0  dc.o ABSOLUTE
    !!!main                                  0x000000cc   Section        8  __main.o(!!!main)
    !!!scatter                               0x000000d4   Section       52  __scatter.o(!!!scatter)
    !!handler_copy                           0x00000108   Section       26  __scatter_copy.o(!!handler_copy)
    !!handler_zi                             0x00000124   Section       28  __scatter_zi.o(!!handler_zi)
    .ARM.Collect$$libinit$$00000000          0x00000140   Section        2  libinit.o(.ARM.Collect$$libinit$$00000000)
    .ARM.Collect$$libinit$$00000002          0x00000142   Section        0  libinit2.o(.ARM.Collect$$libinit$$00000002)
    .ARM.Collect$$libinit$$00000004          0x00000142   Section        0  libinit2.o(.ARM.Collect$$libinit$$00000004)
    .ARM.Collect$$libinit$$00000005          0x00000142   Section        8  libinit2.o(.ARM.Collect$$libinit$$00000005)
    .ARM.Collect$$libinit$$0000000A          0x0000014a   Section        0  libinit2.o(.ARM.Collect$$libinit$$0000000A)
    .ARM.Collect$$libinit$$0000000C          0x0000014a   Section        0  libinit2.o(.ARM.Collect$$libinit$$0000000C)
    .ARM.Collect$$libinit$$0000000E          0x0000014a   Section        0  libinit2.o(.ARM.Collect$$libinit$$0000000E)
    .ARM.Collect$$libinit$$00000011          0x0000014a   Section        0  libinit2.o(.ARM.Collect$$libinit$$00000011)
    .ARM.Collect$$libinit$$00000013          0x0000014a   Section        0  libinit2.o(.ARM.Collect$$libinit$$00000013)
    .ARM.Collect$$libinit$$00000015          0x0000014a   Section        0  libinit2.o(.ARM.Collect$$libinit$$00000015)
    .ARM.Collect$$libinit$$00000017          0x0000014a   Section        0  libinit2.o(.ARM.Collect$$libinit$$00000017)
    .ARM.Collect$$libinit$$00000019          0x0000014a   Section        0  libinit2.o(.ARM.Collect$$libinit$$00000019)
    .ARM.Collect$$libinit$$0000001B          0x0000014a   Section        0  libinit2.o(.ARM.Collect$$libinit$$0000001B)
    .ARM.Collect$$libinit$$0000001D          0x0000014a   Section        0  libinit2.o(.ARM.Collect$$libinit$$0000001D)
    .ARM.Collect$$libinit$$0000001F          0x0000014a   Section        0  libinit2.o(.ARM.Collect$$libinit$$0000001F)
    .ARM.Collect$$libinit$$00000021          0x0000014a   Section        0  libinit2.o(.ARM.Collect$$libinit$$00000021)
    .ARM.Collect$$libinit$$00000023          0x0000014a   Section        0  libinit2.o(.ARM.Collect$$libinit$$00000023)
    .ARM.Collect$$libinit$$00000024          0x0000014a   Section        4  libinit2.o(.ARM.Collect$$libinit$$00000024)
    .ARM.Collect$$libinit$$00000025          0x0000014e   Section        0  libinit2.o(.ARM.Collect$$libinit$$00000025)
    .ARM.Collect$$libinit$$0000002C          0x0000014e   Section        0  libinit2.o(.ARM.Collect$$libinit$$0000002C)
    .ARM.Collect$$libinit$$0000002E          0x0000014e   Section        0  libinit2.o(.ARM.Collect$$libinit$$0000002E)
    .ARM.Collect$$libinit$$00000030          0x0000014e   Section        0  libinit2.o(.ARM.Collect$$libinit$$00000030)
    .ARM.Collect$$libinit$$00000032          0x0000014e   Section        0  libinit2.o(.ARM.Collect$$libinit$$00000032)
    .ARM.Collect$$libinit$$00000033          0x0000014e   Section        2  libinit2.o(.ARM.Collect$$libinit$$00000033)
    .ARM.Collect$$libshutdown$$00000000      0x00000150   Section        2  libshutdown.o(.ARM.Collect$$libshutdown$$00000000)
    .ARM.Collect$$libshutdown$$00000002      0x00000152   Section        0  libshutdown2.o(.ARM.Collect$$libshutdown$$00000002)
    .ARM.Collect$$libshutdown$$00000003      0x00000152   Section        4  libshutdown2.o(.ARM.Collect$$libshutdown$$00000003)
    .ARM.Collect$$libshutdown$$00000004      0x00000156   Section        0  libshutdown2.o(.ARM.Collect$$libshutdown$$00000004)
    .ARM.Collect$$libshutdown$$00000007      0x00000156   Section        0  libshutdown2.o(.ARM.Collect$$libshutdown$$00000007)
    .ARM.Collect$$libshutdown$$0000000A      0x00000156   Section        0  libshutdown2.o(.ARM.Collect$$libshutdown$$0000000A)
    .ARM.Collect$$libshutdown$$0000000C      0x00000156   Section        0  libshutdown2.o(.ARM.Collect$$libshutdown$$0000000C)
    .ARM.Collect$$libshutdown$$0000000F      0x00000156   Section        0  libshutdown2.o(.ARM.Collect$$libshutdown$$0000000F)
    .ARM.Collect$$libshutdown$$00000010      0x00000156   Section        2  libshutdown2.o(.ARM.Collect$$libshutdown$$00000010)
    .ARM.Collect$$rtentry$$00000000          0x00000158   Section        0  __rtentry.o(.ARM.Collect$$rtentry$$00000000)
    .ARM.Collect$$rtentry$$00000002          0x00000158   Section        0  __rtentry2.o(.ARM.Collect$$rtentry$$00000002)
    .ARM.Collect$$rtentry$$00000004          0x00000158   Section        6  __rtentry4.o(.ARM.Collect$$rtentry$$00000004)
    .ARM.Collect$$rtentry$$00000009          0x0000015e   Section        0  __rtentry2.o(.ARM.Collect$$rtentry$$00000009)
    .ARM.Collect$$rtentry$$0000000A          0x0000015e   Section        4  __rtentry2.o(.ARM.Collect$$rtentry$$0000000A)
    .ARM.Collect$$rtentry$$0000000C          0x00000162   Section        0  __rtentry2.o(.ARM.Collect$$rtentry$$0000000C)
    .ARM.Collect$$rtentry$$0000000D          0x00000162   Section        8  __rtentry2.o(.ARM.Collect$$rtentry$$0000000D)
    .ARM.Collect$$rtexit$$00000000           0x0000016a   Section        2  rtexit.o(.ARM.Collect$$rtexit$$00000000)
    .ARM.Collect$$rtexit$$00000002           0x0000016c   Section        0  rtexit2.o(.ARM.Collect$$rtexit$$00000002)
    .ARM.Collect$$rtexit$$00000003           0x0000016c   Section        4  rtexit2.o(.ARM.Collect$$rtexit$$00000003)
    .ARM.Collect$$rtexit$$00000004           0x00000170   Section        6  rtexit2.o(.ARM.Collect$$rtexit$$00000004)
    .emb_text                                0x00000178   Section        0  maybetermalloc1.o(.emb_text)
    .text                                    0x00000178   Section       60  startup_lpc17xx.o(.text)
    .text                                    0x000001b4   Section        0  fopen.o(.text)
    _freopen_locked                          0x000001b5   Thumb Code     0  fopen.o(.text)
    .text                                    0x000002a0   Section        0  heapauxi.o(.text)
    .text                                    0x000002a6   Section        0  fclose.o(.text)
    .text                                    0x000002f2   Section        2  use_no_semi.o(.text)
    .text                                    0x000002f4   Section        0  indicate_semi.o(.text)
    .text                                    0x000002f4   Section        8  rt_heap_descriptor_intlibspace.o(.text)
    .ARM.__at_0x02FC                         0x000002fc   Section        4  startup_lpc17xx.o(.ARM.__at_0x02FC)
    .text                                    0x00000300   Section        0  sys_io.o(.text)
    .text                                    0x00000366   Section        0  h1_alloc.o(.text)
    .text                                    0x000003c4   Section        0  fseek.o(.text)
    .text                                    0x000004bc   Section       78  rt_memclr_w.o(.text)
    .text                                    0x0000050a   Section        0  hguard.o(.text)
    .text                                    0x0000050e   Section        0  init_alloc.o(.text)
    .text                                    0x00000598   Section        0  h1_init.o(.text)
    .text                                    0x000005a6   Section        0  h1_free.o(.text)
    .text                                    0x000005f4   Section        0  ftell.o(.text)
    .text                                    0x00000638   Section        0  stdio.o(.text)
    .text                                    0x00000728   Section        0  initio.o(.text)
    .text                                    0x00000860   Section        0  strlen.o(.text)
    .text                                    0x000008a0   Section        8  libspace.o(.text)
    .text                                    0x000008a8   Section       74  sys_stackheap_outer.o(.text)
    .text                                    0x000008f4   Section        8  rt_errno_addr_intlibspace.o(.text)
    .text                                    0x000008fc   Section        0  h1_extend.o(.text)
    .text                                    0x00000930   Section        0  setvbuf.o(.text)
    .text                                    0x00000976   Section        0  exit.o(.text)
    .text                                    0x00000988   Section        0  defsig_rtred_outer.o(.text)
    .text                                    0x00000996   Section        0  defsig_rtmem_outer.o(.text)
    .text                                    0x000009a4   Section        0  defsig_exit.o(.text)
    .text                                    0x000009b0   Section        0  defsig_rtred_inner.o(.text)
    .text                                    0x000009e4   Section        0  defsig_rtmem_inner.o(.text)
    .text                                    0x00000a34   Section        0  sys_exit.o(.text)
    .text                                    0x00000a40   Section        0  defsig_general.o(.text)
    .text                                    0x00000a72   Section        0  sys_wrch.o(.text)
    i.GLCD_SetX                              0x00000a80   Section        0  bmp.o(i.GLCD_SetX)
    GLCD_SetX                                0x00000a81   Thumb Code    50  bmp.o(i.GLCD_SetX)
    i.GLCD_SetY                              0x00000ab2   Section        0  bmp.o(i.GLCD_SetY)
    GLCD_SetY                                0x00000ab3   Thumb Code    50  bmp.o(i.GLCD_SetY)
    i.GLCD_clear                             0x00000ae4   Section        0  bmp.o(i.GLCD_clear)
    i.GLCD_init                              0x00000b14   Section        0  bmp.o(i.GLCD_init)
    i.LCD_PutPixel                           0x00000de8   Section        0  bmp.o(i.LCD_PutPixel)
    i.SystemInit                             0x00000e10   Section        0  system_lpc17xx.o(i.SystemInit)
    i.delay                                  0x00000f50   Section        0  bmp.o(i.delay)
    delay                                    0x00000f51   Thumb Code    14  bmp.o(i.delay)
    i.main                                   0x00000f60   Section        0  bmp.o(i.main)
    i.ssp_send                               0x00000ffc   Section        0  bmp.o(i.ssp_send)
    ssp_send                                 0x00000ffd   Thumb Code    32  bmp.o(i.ssp_send)
    i.wr_cmd                                 0x00001020   Section        0  bmp.o(i.wr_cmd)
    wr_cmd                                   0x00001021   Thumb Code    36  bmp.o(i.wr_cmd)
    i.wr_dat                                 0x00001048   Section        0  bmp.o(i.wr_dat)
    wr_dat                                   0x00001049   Thumb Code    38  bmp.o(i.wr_dat)
    i.wr_pixel                               0x00001074   Section        0  bmp.o(i.wr_pixel)
    wr_pixel                                 0x00001075   Thumb Code    50  bmp.o(i.wr_pixel)
    .constdata                               0x000010ac   Section      256  bmp.o(.constdata)
    .constdata                               0x000011ac   Section        4  sys_io.o(.constdata)
    .constdata                               0x000011b0   Section        4  sys_io.o(.constdata)
    .constdata                               0x000011b4   Section        4  sys_io.o(.constdata)
    .data                                    0x10000000   Section        4  stdio_streams.o(.data)
    .data                                    0x10000004   Section        4  stdio_streams.o(.data)
    .data                                    0x10000008   Section        4  stdio_streams.o(.data)
    .bss                                     0x1000000c   Section       84  stdio_streams.o(.bss)
    .bss                                     0x10000060   Section       84  stdio_streams.o(.bss)
    .bss                                     0x100000b4   Section       84  stdio_streams.o(.bss)
    .bss                                     0x10000108   Section       96  libspace.o(.bss)
    HEAP                                     0x10000168   Section        0  startup_lpc17xx.o(HEAP)
    STACK                                    0x10000168   Section      512  startup_lpc17xx.o(STACK)
    Heap_Mem                                 0x10000168   Data           0  startup_lpc17xx.o(HEAP)
    Stack_Mem                                0x10000168   Data         512  startup_lpc17xx.o(STACK)
    __initial_sp                             0x10000368   Data           0  startup_lpc17xx.o(STACK)

    Global Symbols

    Symbol Name                              Value     Ov Type        Size  Object(Section)

    BuildAttributes$$THM_ISAv4$P$D$K$B$S$PE$A:L22UL41UL21$X:L11$S22US41US21$IEEE1$IW$USESV6$~STKCKD$USESV7$~SHL$OTIME$ROPI$EBA8$UX$STANDARDLIB$REQ8$PRES8$EABIv2 0x00000000   Number         0  anon$$obj.o ABSOLUTE
    __ARM_use_no_argv                        0x00000000   Number         0  bmp.o ABSOLUTE
    __Vectors                                0x00000000   Data           4  startup_lpc17xx.o(RESET)
    __ARM_exceptions_init                     - Undefined Weak Reference
    __alloca_initialize                       - Undefined Weak Reference
    __arm_preinit_                            - Undefined Weak Reference
    __cpp_initialize__aeabi_                  - Undefined Weak Reference
    __cxa_finalize                            - Undefined Weak Reference
    __rt_locale                               - Undefined Weak Reference
    __sigvec_lookup                           - Undefined Weak Reference
    __user_heap_extent                        - Undefined Weak Reference
    _atexit_init                              - Undefined Weak Reference
    _call_atexit_fns                          - Undefined Weak Reference
    _clock_init                               - Undefined Weak Reference
    _fp_trap_init                             - Undefined Weak Reference
    _fp_trap_shutdown                         - Undefined Weak Reference
    _get_lc_collate                           - Undefined Weak Reference
    _get_lc_ctype                             - Undefined Weak Reference
    _get_lc_monetary                          - Undefined Weak Reference
    _get_lc_numeric                           - Undefined Weak Reference
    _get_lc_time                              - Undefined Weak Reference
    _getenv_init                              - Undefined Weak Reference
    _handle_redirection                       - Undefined Weak Reference
    _mutex_acquire                            - Undefined Weak Reference
    _mutex_free                               - Undefined Weak Reference
    _mutex_release                            - Undefined Weak Reference
    _rand_init                                - Undefined Weak Reference
    _signal_finish                            - Undefined Weak Reference
    _signal_init                              - Undefined Weak Reference
    __main                                   0x000000cd   Thumb Code     8  __main.o(!!!main)
    __scatterload                            0x000000d5   Thumb Code     0  __scatter.o(!!!scatter)
    __scatterload_rt2                        0x000000d5   Thumb Code    44  __scatter.o(!!!scatter)
    __scatterload_rt2_thumb_only             0x000000d5   Thumb Code     0  __scatter.o(!!!scatter)
    __scatterload_null                       0x000000e3   Thumb Code     0  __scatter.o(!!!scatter)
    __scatterload_copy                       0x00000109   Thumb Code    26  __scatter_copy.o(!!handler_copy)
    __scatterload_zeroinit                   0x00000125   Thumb Code    28  __scatter_zi.o(!!handler_zi)
    __rt_lib_init                            0x00000141   Thumb Code     0  libinit.o(.ARM.Collect$$libinit$$00000000)
    __rt_lib_init_fp_1                       0x00000143   Thumb Code     0  libinit2.o(.ARM.Collect$$libinit$$00000002)
    __rt_lib_init_heap_2                     0x00000143   Thumb Code     0  libinit2.o(.ARM.Collect$$libinit$$00000005)
    __rt_lib_init_preinit_1                  0x00000143   Thumb Code     0  libinit2.o(.ARM.Collect$$libinit$$00000004)
    __rt_lib_init_atexit_1                   0x0000014b   Thumb Code     0  libinit2.o(.ARM.Collect$$libinit$$0000001B)
    __rt_lib_init_clock_1                    0x0000014b   Thumb Code     0  libinit2.o(.ARM.Collect$$libinit$$00000021)
    __rt_lib_init_fp_trap_1                  0x0000014b   Thumb Code     0  libinit2.o(.ARM.Collect$$libinit$$0000001F)
    __rt_lib_init_getenv_1                   0x0000014b   Thumb Code     0  libinit2.o(.ARM.Collect$$libinit$$00000023)
    __rt_lib_init_heap_1                     0x0000014b   Thumb Code     0  libinit2.o(.ARM.Collect$$libinit$$0000000A)
    __rt_lib_init_lc_collate_1               0x0000014b   Thumb Code     0  libinit2.o(.ARM.Collect$$libinit$$00000011)
    __rt_lib_init_lc_ctype_1                 0x0000014b   Thumb Code     0  libinit2.o(.ARM.Collect$$libinit$$00000013)
    __rt_lib_init_lc_monetary_1              0x0000014b   Thumb Code     0  libinit2.o(.ARM.Collect$$libinit$$00000015)
    __rt_lib_init_lc_numeric_1               0x0000014b   Thumb Code     0  libinit2.o(.ARM.Collect$$libinit$$00000017)
    __rt_lib_init_lc_time_1                  0x0000014b   Thumb Code     0  libinit2.o(.ARM.Collect$$libinit$$00000019)
    __rt_lib_init_rand_1                     0x0000014b   Thumb Code     0  libinit2.o(.ARM.Collect$$libinit$$0000000E)
    __rt_lib_init_signal_1                   0x0000014b   Thumb Code     0  libinit2.o(.ARM.Collect$$libinit$$0000001D)
    __rt_lib_init_stdio_2                    0x0000014b   Thumb Code     0  libinit2.o(.ARM.Collect$$libinit$$00000024)
    __rt_lib_init_user_alloc_1               0x0000014b   Thumb Code     0  libinit2.o(.ARM.Collect$$libinit$$0000000C)
    __rt_lib_init_alloca_1                   0x0000014f   Thumb Code     0  libinit2.o(.ARM.Collect$$libinit$$0000002E)
    __rt_lib_init_argv_1                     0x0000014f   Thumb Code     0  libinit2.o(.ARM.Collect$$libinit$$0000002C)
    __rt_lib_init_cpp_1                      0x0000014f   Thumb Code     0  libinit2.o(.ARM.Collect$$libinit$$00000032)
    __rt_lib_init_exceptions_1               0x0000014f   Thumb Code     0  libinit2.o(.ARM.Collect$$libinit$$00000030)
    __rt_lib_init_return                     0x0000014f   Thumb Code     0  libinit2.o(.ARM.Collect$$libinit$$00000033)
    __rt_lib_init_stdio_1                    0x0000014f   Thumb Code     0  libinit2.o(.ARM.Collect$$libinit$$00000025)
    __rt_lib_shutdown                        0x00000151   Thumb Code     0  libshutdown.o(.ARM.Collect$$libshutdown$$00000000)
    __rt_lib_shutdown_cpp_1                  0x00000153   Thumb Code     0  libshutdown2.o(.ARM.Collect$$libshutdown$$00000002)
    __rt_lib_shutdown_stdio_2                0x00000153   Thumb Code     0  libshutdown2.o(.ARM.Collect$$libshutdown$$00000003)
    __rt_lib_shutdown_fp_trap_1              0x00000157   Thumb Code     0  libshutdown2.o(.ARM.Collect$$libshutdown$$00000007)
    __rt_lib_shutdown_heap_1                 0x00000157   Thumb Code     0  libshutdown2.o(.ARM.Collect$$libshutdown$$0000000F)
    __rt_lib_shutdown_return                 0x00000157   Thumb Code     0  libshutdown2.o(.ARM.Collect$$libshutdown$$00000010)
    __rt_lib_shutdown_signal_1               0x00000157   Thumb Code     0  libshutdown2.o(.ARM.Collect$$libshutdown$$0000000A)
    __rt_lib_shutdown_stdio_1                0x00000157   Thumb Code     0  libshutdown2.o(.ARM.Collect$$libshutdown$$00000004)
    __rt_lib_shutdown_user_alloc_1           0x00000157   Thumb Code     0  libshutdown2.o(.ARM.Collect$$libshutdown$$0000000C)
    __rt_entry                               0x00000159   Thumb Code     0  __rtentry.o(.ARM.Collect$$rtentry$$00000000)
    __rt_entry_presh_1                       0x00000159   Thumb Code     0  __rtentry2.o(.ARM.Collect$$rtentry$$00000002)
    __rt_entry_sh                            0x00000159   Thumb Code     0  __rtentry4.o(.ARM.Collect$$rtentry$$00000004)
    __rt_entry_li                            0x0000015f   Thumb Code     0  __rtentry2.o(.ARM.Collect$$rtentry$$0000000A)
    __rt_entry_postsh_1                      0x0000015f   Thumb Code     0  __rtentry2.o(.ARM.Collect$$rtentry$$00000009)
    __rt_entry_main                          0x00000163   Thumb Code     0  __rtentry2.o(.ARM.Collect$$rtentry$$0000000D)
    __rt_entry_postli_1                      0x00000163   Thumb Code     0  __rtentry2.o(.ARM.Collect$$rtentry$$0000000C)
    __rt_exit                                0x0000016b   Thumb Code     0  rtexit.o(.ARM.Collect$$rtexit$$00000000)
    __rt_exit_ls                             0x0000016d   Thumb Code     0  rtexit2.o(.ARM.Collect$$rtexit$$00000003)
    __rt_exit_prels_1                        0x0000016d   Thumb Code     0  rtexit2.o(.ARM.Collect$$rtexit$$00000002)
    __rt_exit_exit                           0x00000171   Thumb Code     0  rtexit2.o(.ARM.Collect$$rtexit$$00000004)
    Reset_Handler                            0x00000179   Thumb Code     8  startup_lpc17xx.o(.text)
    _maybe_terminate_alloc                   0x00000179   Thumb Code     0  maybetermalloc1.o(.emb_text)
    NMI_Handler                              0x00000181   Thumb Code     2  startup_lpc17xx.o(.text)
    HardFault_Handler                        0x00000183   Thumb Code     2  startup_lpc17xx.o(.text)
    MemManage_Handler                        0x00000185   Thumb Code     2  startup_lpc17xx.o(.text)
    BusFault_Handler                         0x00000187   Thumb Code     2  startup_lpc17xx.o(.text)
    UsageFault_Handler                       0x00000189   Thumb Code     2  startup_lpc17xx.o(.text)
    SVC_Handler                              0x0000018b   Thumb Code     2  startup_lpc17xx.o(.text)
    DebugMon_Handler                         0x0000018d   Thumb Code     2  startup_lpc17xx.o(.text)
    PendSV_Handler                           0x0000018f   Thumb Code     2  startup_lpc17xx.o(.text)
    SysTick_Handler                          0x00000191   Thumb Code     2  startup_lpc17xx.o(.text)
    ADC_IRQHandler                           0x00000193   Thumb Code     0  startup_lpc17xx.o(.text)
    BOD_IRQHandler                           0x00000193   Thumb Code     0  startup_lpc17xx.o(.text)
    CANActivity_IRQHandler                   0x00000193   Thumb Code     0  startup_lpc17xx.o(.text)
    CAN_IRQHandler                           0x00000193   Thumb Code     0  startup_lpc17xx.o(.text)
    DMA_IRQHandler                           0x00000193   Thumb Code     0  startup_lpc17xx.o(.text)
    EINT0_IRQHandler                         0x00000193   Thumb Code     0  startup_lpc17xx.o(.text)
    EINT1_IRQHandler                         0x00000193   Thumb Code     0  startup_lpc17xx.o(.text)
    EINT2_IRQHandler                         0x00000193   Thumb Code     0  startup_lpc17xx.o(.text)
    EINT3_IRQHandler                         0x00000193   Thumb Code     0  startup_lpc17xx.o(.text)
    ENET_IRQHandler                          0x00000193   Thumb Code     0  startup_lpc17xx.o(.text)
    I2C0_IRQHandler                          0x00000193   Thumb Code     0  startup_lpc17xx.o(.text)
    I2C1_IRQHandler                          0x00000193   Thumb Code     0  startup_lpc17xx.o(.text)
    I2C2_IRQHandler                          0x00000193   Thumb Code     0  startup_lpc17xx.o(.text)
    I2S_IRQHandler                           0x00000193   Thumb Code     0  startup_lpc17xx.o(.text)
    MCPWM_IRQHandler                         0x00000193   Thumb Code     0  startup_lpc17xx.o(.text)
    PLL0_IRQHandler                          0x00000193   Thumb Code     0  startup_lpc17xx.o(.text)
    PLL1_IRQHandler                          0x00000193   Thumb Code     0  startup_lpc17xx.o(.text)
    PWM1_IRQHandler                          0x00000193   Thumb Code     0  startup_lpc17xx.o(.text)
    QEI_IRQHandler                           0x00000193   Thumb Code     0  startup_lpc17xx.o(.text)
    RIT_IRQHandler                           0x00000193   Thumb Code     0  startup_lpc17xx.o(.text)
    RTC_IRQHandler                           0x00000193   Thumb Code     0  startup_lpc17xx.o(.text)
    SPI_IRQHandler                           0x00000193   Thumb Code     0  startup_lpc17xx.o(.text)
    SSP0_IRQHandler                          0x00000193   Thumb Code     0  startup_lpc17xx.o(.text)
    SSP1_IRQHandler                          0x00000193   Thumb Code     0  startup_lpc17xx.o(.text)
    TIMER0_IRQHandler                        0x00000193   Thumb Code     0  startup_lpc17xx.o(.text)
    TIMER1_IRQHandler                        0x00000193   Thumb Code     0  startup_lpc17xx.o(.text)
    TIMER2_IRQHandler                        0x00000193   Thumb Code     0  startup_lpc17xx.o(.text)
    TIMER3_IRQHandler                        0x00000193   Thumb Code     0  startup_lpc17xx.o(.text)
    UART0_IRQHandler                         0x00000193   Thumb Code     0  startup_lpc17xx.o(.text)
    UART1_IRQHandler                         0x00000193   Thumb Code     0  startup_lpc17xx.o(.text)
    UART2_IRQHandler                         0x00000193   Thumb Code     0  startup_lpc17xx.o(.text)
    UART3_IRQHandler                         0x00000193   Thumb Code     0  startup_lpc17xx.o(.text)
    USBActivity_IRQHandler                   0x00000193   Thumb Code     0  startup_lpc17xx.o(.text)
    USB_IRQHandler                           0x00000193   Thumb Code     0  startup_lpc17xx.o(.text)
    WDT_IRQHandler                           0x00000193   Thumb Code     0  startup_lpc17xx.o(.text)
    __user_initial_stackheap                 0x00000195   Thumb Code     0  startup_lpc17xx.o(.text)
    freopen                                  0x000001b5   Thumb Code   158  fopen.o(.text)
    fopen                                    0x00000253   Thumb Code    74  fopen.o(.text)
    __use_two_region_memory                  0x000002a1   Thumb Code     2  heapauxi.o(.text)
    __rt_heap_escrow                         0x000002a3   Thumb Code     2  heapauxi.o(.text)
    __rt_heap_expand                         0x000002a5   Thumb Code     2  heapauxi.o(.text)
    _fclose_internal                         0x000002a7   Thumb Code    76  fclose.o(.text)
    fclose                                   0x000002a7   Thumb Code     0  fclose.o(.text)
    __I$use$semihosting                      0x000002f3   Thumb Code     0  use_no_semi.o(.text)
    __use_no_semihosting_swi                 0x000002f3   Thumb Code     2  use_no_semi.o(.text)
    __rt_heap_descriptor                     0x000002f5   Thumb Code     8  rt_heap_descriptor_intlibspace.o(.text)
    __semihosting_library_function           0x000002f5   Thumb Code     0  indicate_semi.o(.text)
    _sys_open                                0x00000301   Thumb Code    20  sys_io.o(.text)
    _sys_close                               0x00000315   Thumb Code    12  sys_io.o(.text)
    _sys_write                               0x00000321   Thumb Code    16  sys_io.o(.text)
    _sys_read                                0x00000331   Thumb Code    14  sys_io.o(.text)
    _sys_istty                               0x0000033f   Thumb Code    12  sys_io.o(.text)
    _sys_seek                                0x0000034b   Thumb Code    14  sys_io.o(.text)
    _sys_ensure                              0x00000359   Thumb Code     2  sys_io.o(.text)
    _sys_flen                                0x0000035b   Thumb Code    12  sys_io.o(.text)
    malloc                                   0x00000367   Thumb Code    94  h1_alloc.o(.text)
    _fseek                                   0x000003c5   Thumb Code   242  fseek.o(.text)
    fseek                                    0x000003c5   Thumb Code     0  fseek.o(.text)
    __aeabi_memclr4                          0x000004bd   Thumb Code     0  rt_memclr_w.o(.text)
    __aeabi_memclr8                          0x000004bd   Thumb Code     0  rt_memclr_w.o(.text)
    __rt_memclr_w                            0x000004bd   Thumb Code    78  rt_memclr_w.o(.text)
    _memset_w                                0x000004c1   Thumb Code     0  rt_memclr_w.o(.text)
    __use_no_heap                            0x0000050b   Thumb Code     2  hguard.o(.text)
    __heap$guard                             0x0000050d   Thumb Code     2  hguard.o(.text)
    _terminate_user_alloc                    0x0000050f   Thumb Code     2  init_alloc.o(.text)
    _init_user_alloc                         0x00000511   Thumb Code     2  init_alloc.o(.text)
    __Heap_Full                              0x00000513   Thumb Code    34  init_alloc.o(.text)
    __Heap_Broken                            0x00000535   Thumb Code     6  init_alloc.o(.text)
    _init_alloc                              0x0000053b   Thumb Code    94  init_alloc.o(.text)
    __Heap_Initialize                        0x00000599   Thumb Code    10  h1_init.o(.text)
    __Heap_DescSize                          0x000005a3   Thumb Code     4  h1_init.o(.text)
    free                                     0x000005a7   Thumb Code    78  h1_free.o(.text)
    _ftell_internal                          0x000005f5   Thumb Code    66  ftell.o(.text)
    ftell                                    0x000005f5   Thumb Code     0  ftell.o(.text)
    _seterr                                  0x00000639   Thumb Code    20  stdio.o(.text)
    _writebuf                                0x0000064d   Thumb Code    84  stdio.o(.text)
    _fflush                                  0x000006a1   Thumb Code    70  stdio.o(.text)
    _deferredlazyseek                        0x000006e7   Thumb Code    60  stdio.o(.text)
    _initio                                  0x00000729   Thumb Code   210  initio.o(.text)
    _terminateio                             0x000007fb   Thumb Code    56  initio.o(.text)
    strlen                                   0x00000861   Thumb Code    62  strlen.o(.text)
    __user_libspace                          0x000008a1   Thumb Code     8  libspace.o(.text)
    __user_perproc_libspace                  0x000008a1   Thumb Code     0  libspace.o(.text)
    __user_perthread_libspace                0x000008a1   Thumb Code     0  libspace.o(.text)
    __user_setup_stackheap                   0x000008a9   Thumb Code    74  sys_stackheap_outer.o(.text)
    __aeabi_errno_addr                       0x000008f5   Thumb Code     8  rt_errno_addr_intlibspace.o(.text)
    __errno$intlibspace                      0x000008f5   Thumb Code     0  rt_errno_addr_intlibspace.o(.text)
    __rt_errno_addr$intlibspace              0x000008f5   Thumb Code     0  rt_errno_addr_intlibspace.o(.text)
    __Heap_ProvideMemory                     0x000008fd   Thumb Code    52  h1_extend.o(.text)
    setvbuf                                  0x00000931   Thumb Code    70  setvbuf.o(.text)
    exit                                     0x00000977   Thumb Code    18  exit.o(.text)
    __rt_SIGRTRED                            0x00000989   Thumb Code    14  defsig_rtred_outer.o(.text)
    __rt_SIGRTMEM                            0x00000997   Thumb Code    14  defsig_rtmem_outer.o(.text)
    __sig_exit                               0x000009a5   Thumb Code    10  defsig_exit.o(.text)
    __rt_SIGRTRED_inner                      0x000009b1   Thumb Code    14  defsig_rtred_inner.o(.text)
    __rt_SIGRTMEM_inner                      0x000009e5   Thumb Code    22  defsig_rtmem_inner.o(.text)
    _sys_exit                                0x00000a35   Thumb Code     8  sys_exit.o(.text)
    __default_signal_display                 0x00000a41   Thumb Code    50  defsig_general.o(.text)
    _ttywrch                                 0x00000a73   Thumb Code    14  sys_wrch.o(.text)
    GLCD_clear                               0x00000ae5   Thumb Code    48  bmp.o(i.GLCD_clear)
    GLCD_init                                0x00000b15   Thumb Code   706  bmp.o(i.GLCD_init)
    LCD_PutPixel                             0x00000de9   Thumb Code    38  bmp.o(i.LCD_PutPixel)
    SystemInit                               0x00000e11   Thumb Code   302  system_lpc17xx.o(i.SystemInit)
    main                                     0x00000f61   Thumb Code   134  bmp.o(i.main)
    bitmap1                                  0x000010ac   Data         256  bmp.o(.constdata)
    __stdin_name                             0x000011ac   Data           4  sys_io.o(.constdata)
    __stdout_name                            0x000011b0   Data           4  sys_io.o(.constdata)
    __stderr_name                            0x000011b4   Data           4  sys_io.o(.constdata)
    Region$$Table$$Base                      0x000011b8   Number         0  anon$$obj.o(Region$$Table)
    Region$$Table$$Limit                     0x000011d8   Number         0  anon$$obj.o(Region$$Table)
    __aeabi_stdin                            0x10000000   Data           4  stdio_streams.o(.data)
    __aeabi_stdout                           0x10000004   Data           4  stdio_streams.o(.data)
    __aeabi_stderr                           0x10000008   Data           4  stdio_streams.o(.data)
    __stdin                                  0x1000000c   Data          84  stdio_streams.o(.bss)
    __stdout                                 0x10000060   Data          84  stdio_streams.o(.bss)
    __stderr                                 0x100000b4   Data          84  stdio_streams.o(.bss)
    __libspace_start                         0x10000108   Data          96  libspace.o(.bss)
    __temporary_stack_top$libspace           0x10000168   Data           0  libspace.o(.bss)



==============================================================================

Memory Map of the image

  Image Entry point : 0x00000179

  Load Region LR_1 (Base: 0x00000000, Size: 0x000011e4, Max: 0xffffffff, ABSOLUTE)

    Execution Region ER_RO (Exec base: 0x00000000, Load base: 0x00000000, Size: 0x000011d8, Max: 0xffffffff, ABSOLUTE)

    Exec Addr    Load Addr    Size         Type   Attr      Idx    E Section Name        Object

    0x00000000   0x00000000   0x000000cc   Data   RO         1613    RESET               startup_lpc17xx.o
    0x000000cc   0x000000cc   0x00000008   Code   RO         1663  * !!!main             c_w.l(__main.o)
    0x000000d4   0x000000d4   0x00000034   Code   RO         1979    !!!scatter          c_w.l(__scatter.o)
    0x00000108   0x00000108   0x0000001a   Code   RO         1981    !!handler_copy      c_w.l(__scatter_copy.o)
    0x00000122   0x00000122   0x00000002   PAD
    0x00000124   0x00000124   0x0000001c   Code   RO         1983    !!handler_zi        c_w.l(__scatter_zi.o)
    0x00000140   0x00000140   0x00000002   Code   RO         1904    .ARM.Collect$$libinit$$00000000  c_w.l(libinit.o)
    0x00000142   0x00000142   0x00000000   Code   RO         1812    .ARM.Collect$$libinit$$00000002  c_w.l(libinit2.o)
    0x00000142   0x00000142   0x00000000   Code   RO         1814    .ARM.Collect$$libinit$$00000004  c_w.l(libinit2.o)
    0x00000142   0x00000142   0x00000008   Code   RO         1815    .ARM.Collect$$libinit$$00000005  c_w.l(libinit2.o)
    0x0000014a   0x0000014a   0x00000000   Code   RO         1817    .ARM.Collect$$libinit$$0000000A  c_w.l(libinit2.o)
    0x0000014a   0x0000014a   0x00000000   Code   RO         1819    .ARM.Collect$$libinit$$0000000C  c_w.l(libinit2.o)
    0x0000014a   0x0000014a   0x00000000   Code   RO         1821    .ARM.Collect$$libinit$$0000000E  c_w.l(libinit2.o)
    0x0000014a   0x0000014a   0x00000000   Code   RO         1824    .ARM.Collect$$libinit$$00000011  c_w.l(libinit2.o)
    0x0000014a   0x0000014a   0x00000000   Code   RO         1826    .ARM.Collect$$libinit$$00000013  c_w.l(libinit2.o)
    0x0000014a   0x0000014a   0x00000000   Code   RO         1828    .ARM.Collect$$libinit$$00000015  c_w.l(libinit2.o)
    0x0000014a   0x0000014a   0x00000000   Code   RO         1830    .ARM.Collect$$libinit$$00000017  c_w.l(libinit2.o)
    0x0000014a   0x0000014a   0x00000000   Code   RO         1832    .ARM.Collect$$libinit$$00000019  c_w.l(libinit2.o)
    0x0000014a   0x0000014a   0x00000000   Code   RO         1834    .ARM.Collect$$libinit$$0000001B  c_w.l(libinit2.o)
    0x0000014a   0x0000014a   0x00000000   Code   RO         1836    .ARM.Collect$$libinit$$0000001D  c_w.l(libinit2.o)
    0x0000014a   0x0000014a   0x00000000   Code   RO         1838    .ARM.Collect$$libinit$$0000001F  c_w.l(libinit2.o)
    0x0000014a   0x0000014a   0x00000000   Code   RO         1840    .ARM.Collect$$libinit$$00000021  c_w.l(libinit2.o)
    0x0000014a   0x0000014a   0x00000000   Code   RO         1842    .ARM.Collect$$libinit$$00000023  c_w.l(libinit2.o)
    0x0000014a   0x0000014a   0x00000004   Code   RO         1843    .ARM.Collect$$libinit$$00000024  c_w.l(libinit2.o)
    0x0000014e   0x0000014e   0x00000000   Code   RO         1844    .ARM.Collect$$libinit$$00000025  c_w.l(libinit2.o)
    0x0000014e   0x0000014e   0x00000000   Code   RO         1848    .ARM.Collect$$libinit$$0000002C  c_w.l(libinit2.o)
    0x0000014e   0x0000014e   0x00000000   Code   RO         1850    .ARM.Collect$$libinit$$0000002E  c_w.l(libinit2.o)
    0x0000014e   0x0000014e   0x00000000   Code   RO         1852    .ARM.Collect$$libinit$$00000030  c_w.l(libinit2.o)
    0x0000014e   0x0000014e   0x00000000   Code   RO         1854    .ARM.Collect$$libinit$$00000032  c_w.l(libinit2.o)
    0x0000014e   0x0000014e   0x00000002   Code   RO         1855    .ARM.Collect$$libinit$$00000033  c_w.l(libinit2.o)
    0x00000150   0x00000150   0x00000002   Code   RO         1964    .ARM.Collect$$libshutdown$$00000000  c_w.l(libshutdown.o)
    0x00000152   0x00000152   0x00000000   Code   RO         1906    .ARM.Collect$$libshutdown$$00000002  c_w.l(libshutdown2.o)
    0x00000152   0x00000152   0x00000004   Code   RO         1907    .ARM.Collect$$libshutdown$$00000003  c_w.l(libshutdown2.o)
    0x00000156   0x00000156   0x00000000   Code   RO         1908    .ARM.Collect$$libshutdown$$00000004  c_w.l(libshutdown2.o)
    0x00000156   0x00000156   0x00000000   Code   RO         1911    .ARM.Collect$$libshutdown$$00000007  c_w.l(libshutdown2.o)
    0x00000156   0x00000156   0x00000000   Code   RO         1914    .ARM.Collect$$libshutdown$$0000000A  c_w.l(libshutdown2.o)
    0x00000156   0x00000156   0x00000000   Code   RO         1916    .ARM.Collect$$libshutdown$$0000000C  c_w.l(libshutdown2.o)
    0x00000156   0x00000156   0x00000000   Code   RO         1919    .ARM.Collect$$libshutdown$$0000000F  c_w.l(libshutdown2.o)
    0x00000156   0x00000156   0x00000002   Code   RO         1920    .ARM.Collect$$libshutdown$$00000010  c_w.l(libshutdown2.o)
    0x00000158   0x00000158   0x00000000   Code   RO         1672    .ARM.Collect$$rtentry$$00000000  c_w.l(__rtentry.o)
    0x00000158   0x00000158   0x00000000   Code   RO         1750    .ARM.Collect$$rtentry$$00000002  c_w.l(__rtentry2.o)
    0x00000158   0x00000158   0x00000006   Code   RO         1762    .ARM.Collect$$rtentry$$00000004  c_w.l(__rtentry4.o)
    0x0000015e   0x0000015e   0x00000000   Code   RO         1752    .ARM.Collect$$rtentry$$00000009  c_w.l(__rtentry2.o)
    0x0000015e   0x0000015e   0x00000004   Code   RO         1753    .ARM.Collect$$rtentry$$0000000A  c_w.l(__rtentry2.o)
    0x00000162   0x00000162   0x00000000   Code   RO         1755    .ARM.Collect$$rtentry$$0000000C  c_w.l(__rtentry2.o)
    0x00000162   0x00000162   0x00000008   Code   RO         1756    .ARM.Collect$$rtentry$$0000000D  c_w.l(__rtentry2.o)
    0x0000016a   0x0000016a   0x00000002   Code   RO         1923    .ARM.Collect$$rtexit$$00000000  c_w.l(rtexit.o)
    0x0000016c   0x0000016c   0x00000000   Code   RO         1944    .ARM.Collect$$rtexit$$00000002  c_w.l(rtexit2.o)
    0x0000016c   0x0000016c   0x00000004   Code   RO         1945    .ARM.Collect$$rtexit$$00000003  c_w.l(rtexit2.o)
    0x00000170   0x00000170   0x00000006   Code   RO         1946    .ARM.Collect$$rtexit$$00000004  c_w.l(rtexit2.o)
    0x00000176   0x00000176   0x00000002   PAD
    0x00000178   0x00000178   0x00000000   Code   RO         1870    .emb_text           c_w.l(maybetermalloc1.o)
    0x00000178   0x00000178   0x0000003c   Code   RO         1615  * .text               startup_lpc17xx.o
    0x000001b4   0x000001b4   0x000000ec   Code   RO         1657    .text               c_w.l(fopen.o)
    0x000002a0   0x000002a0   0x00000006   Code   RO         1661    .text               c_w.l(heapauxi.o)
    0x000002a6   0x000002a6   0x0000004c   Code   RO         1742    .text               c_w.l(fclose.o)
    0x000002f2   0x000002f2   0x00000002   Code   RO         1746    .text               c_w.l(use_no_semi.o)
    0x000002f4   0x000002f4   0x00000000   Code   RO         1748    .text               c_w.l(indicate_semi.o)
    0x000002f4   0x000002f4   0x00000008   Code   RO         1769    .text               c_w.l(rt_heap_descriptor_intlibspace.o)
    0x000002fc   0x000002fc   0x00000004   Code   RO         1614    .ARM.__at_0x02FC    startup_lpc17xx.o
    0x00000300   0x00000300   0x00000066   Code   RO         1665    .text               c_w.l(sys_io.o)
    0x00000366   0x00000366   0x0000005e   Code   RO         1679    .text               c_w.l(h1_alloc.o)
    0x000003c4   0x000003c4   0x000000f8   Code   RO         1733    .text               c_w.l(fseek.o)
    0x000004bc   0x000004bc   0x0000004e   Code   RO         1744    .text               c_w.l(rt_memclr_w.o)
    0x0000050a   0x0000050a   0x00000004   Code   RO         1771    .text               c_w.l(hguard.o)
    0x0000050e   0x0000050e   0x0000008a   Code   RO         1773    .text               c_w.l(init_alloc.o)
    0x00000598   0x00000598   0x0000000e   Code   RO         1779    .text               c_w.l(h1_init.o)
    0x000005a6   0x000005a6   0x0000004e   Code   RO         1781    .text               c_w.l(h1_free.o)
    0x000005f4   0x000005f4   0x00000042   Code   RO         1797    .text               c_w.l(ftell.o)
    0x00000636   0x00000636   0x00000002   PAD
    0x00000638   0x00000638   0x000000f0   Code   RO         1799    .text               c_w.l(stdio.o)
    0x00000728   0x00000728   0x00000138   Code   RO         1801    .text               c_w.l(initio.o)
    0x00000860   0x00000860   0x0000003e   Code   RO         1805    .text               c_w.l(strlen.o)
    0x0000089e   0x0000089e   0x00000002   PAD
    0x000008a0   0x000008a0   0x00000008   Code   RO         1858    .text               c_w.l(libspace.o)
    0x000008a8   0x000008a8   0x0000004a   Code   RO         1861    .text               c_w.l(sys_stackheap_outer.o)
    0x000008f2   0x000008f2   0x00000002   PAD
    0x000008f4   0x000008f4   0x00000008   Code   RO         1866    .text               c_w.l(rt_errno_addr_intlibspace.o)
    0x000008fc   0x000008fc   0x00000034   Code   RO         1872    .text               c_w.l(h1_extend.o)
    0x00000930   0x00000930   0x00000046   Code   RO         1876    .text               c_w.l(setvbuf.o)
    0x00000976   0x00000976   0x00000012   Code   RO         1880    .text               c_w.l(exit.o)
    0x00000988   0x00000988   0x0000000e   Code   RO         1886    .text               c_w.l(defsig_rtred_outer.o)
    0x00000996   0x00000996   0x0000000e   Code   RO         1890    .text               c_w.l(defsig_rtmem_outer.o)
    0x000009a4   0x000009a4   0x0000000a   Code   RO         1929    .text               c_w.l(defsig_exit.o)
    0x000009ae   0x000009ae   0x00000002   PAD
    0x000009b0   0x000009b0   0x00000034   Code   RO         1933    .text               c_w.l(defsig_rtred_inner.o)
    0x000009e4   0x000009e4   0x00000050   Code   RO         1935    .text               c_w.l(defsig_rtmem_inner.o)
    0x00000a34   0x00000a34   0x0000000c   Code   RO         1941    .text               c_w.l(sys_exit.o)
    0x00000a40   0x00000a40   0x00000032   Code   RO         1956    .text               c_w.l(defsig_general.o)
    0x00000a72   0x00000a72   0x0000000e   Code   RO         1958    .text               c_w.l(sys_wrch.o)
    0x00000a80   0x00000a80   0x00000032   Code   RO         1461    i.GLCD_SetX         bmp.o
    0x00000ab2   0x00000ab2   0x00000032   Code   RO         1462    i.GLCD_SetY         bmp.o
    0x00000ae4   0x00000ae4   0x00000030   Code   RO         1464    i.GLCD_clear        bmp.o
    0x00000b14   0x00000b14   0x000002d4   Code   RO         1469    i.GLCD_init         bmp.o
    0x00000de8   0x00000de8   0x00000026   Code   RO         1473    i.LCD_PutPixel      bmp.o
    0x00000e0e   0x00000e0e   0x00000002   PAD
    0x00000e10   0x00000e10   0x00000140   Code   RO         1624    i.SystemInit        system_lpc17xx.o
    0x00000f50   0x00000f50   0x0000000e   Code   RO         1474    i.delay             bmp.o
    0x00000f5e   0x00000f5e   0x00000002   PAD
    0x00000f60   0x00000f60   0x0000009c   Code   RO         1475    i.main              bmp.o
    0x00000ffc   0x00000ffc   0x00000024   Code   RO         1476    i.ssp_send          bmp.o
    0x00001020   0x00001020   0x00000028   Code   RO         1477    i.wr_cmd            bmp.o
    0x00001048   0x00001048   0x0000002c   Code   RO         1478    i.wr_dat            bmp.o
    0x00001074   0x00001074   0x00000038   Code   RO         1479    i.wr_pixel          bmp.o
    0x000010ac   0x000010ac   0x00000100   Data   RO         1480    .constdata          bmp.o
    0x000011ac   0x000011ac   0x00000004   Data   RO         1666    .constdata          c_w.l(sys_io.o)
    0x000011b0   0x000011b0   0x00000004   Data   RO         1667    .constdata          c_w.l(sys_io.o)
    0x000011b4   0x000011b4   0x00000004   Data   RO         1668    .constdata          c_w.l(sys_io.o)
    0x000011b8   0x000011b8   0x00000020   Data   RO         1977    Region$$Table       anon$$obj.o


    Execution Region ER_RW (Exec base: 0x10000000, Load base: 0x000011d8, Size: 0x0000000c, Max: 0xffffffff, ABSOLUTE)

    Exec Addr    Load Addr    Size         Type   Attr      Idx    E Section Name        Object

    0x10000000   0x000011d8   0x00000004   Data   RW         1739    .data               c_w.l(stdio_streams.o)
    0x10000004   0x000011dc   0x00000004   Data   RW         1740    .data               c_w.l(stdio_streams.o)
    0x10000008   0x000011e0   0x00000004   Data   RW         1741    .data               c_w.l(stdio_streams.o)


    Execution Region ER_ZI (Exec base: 0x1000000c, Load base: 0x000011e4, Size: 0x0000035c, Max: 0xffffffff, ABSOLUTE)

    Exec Addr    Load Addr    Size         Type   Attr      Idx    E Section Name        Object

    0x1000000c        -       0x00000054   Zero   RW         1736    .bss                c_w.l(stdio_streams.o)
    0x10000060        -       0x00000054   Zero   RW         1737    .bss                c_w.l(stdio_streams.o)
    0x100000b4        -       0x00000054   Zero   RW         1738    .bss                c_w.l(stdio_streams.o)
    0x10000108        -       0x00000060   Zero   RW         1859    .bss                c_w.l(libspace.o)
    0x10000168        -       0x00000000   Zero   RW         1612    HEAP                startup_lpc17xx.o
    0x10000168        -       0x00000200   Zero   RW         1611    STACK               startup_lpc17xx.o


==============================================================================

Image component sizes


      Code (inc. data)   RO Data    RW Data    ZI Data      Debug   Object Name

      1256         60        256          0          0       8161   bmp.o
         0          0          0          0          0       1476   debug_frmwrk.o
        64         26        204          0        512        984   startup_lpc17xx.o
       320         18          0          0          0        565   system_lpc17xx.o

    ----------------------------------------------------------------------
      1644        104        492          0        512      11186   Object Totals
         0          0         32          0          0          0   (incl. Generated)
         4          0          0          0          0          0   (incl. Padding)

    ----------------------------------------------------------------------

      Code (inc. data)   RO Data    RW Data    ZI Data      Debug   Library Member Name

         8          0          0          0          0         68   __main.o
         0          0          0          0          0          0   __rtentry.o
        12          0          0          0          0          0   __rtentry2.o
         6          0          0          0          0          0   __rtentry4.o
        52          8          0          0          0          0   __scatter.o
        26          0          0          0          0          0   __scatter_copy.o
        28          0          0          0          0          0   __scatter_zi.o
        10          0          0          0          0         68   defsig_exit.o
        50          0          0          0          0         88   defsig_general.o
        80         58          0          0          0         76   defsig_rtmem_inner.o
        14          0          0          0          0         80   defsig_rtmem_outer.o
        52         38          0          0          0         76   defsig_rtred_inner.o
        14          0          0          0          0         80   defsig_rtred_outer.o
        18          0          0          0          0         80   exit.o
        76          0          0          0          0         88   fclose.o
       236          4          0          0          0        128   fopen.o
       248          6          0          0          0         84   fseek.o
        66          0          0          0          0         76   ftell.o
        94          0          0          0          0         80   h1_alloc.o
        52          0          0          0          0         68   h1_extend.o
        78          0          0          0          0         80   h1_free.o
        14          0          0          0          0         84   h1_init.o
         6          0          0          0          0        152   heapauxi.o
         4          0          0          0          0        136   hguard.o
         0          0          0          0          0          0   indicate_semi.o
       138          0          0          0          0        168   init_alloc.o
       312         46          0          0          0        112   initio.o
         2          0          0          0          0          0   libinit.o
        14          0          0          0          0          0   libinit2.o
         2          0          0          0          0          0   libshutdown.o
         6          0          0          0          0          0   libshutdown2.o
         8          4          0          0         96         68   libspace.o
         0          0          0          0          0          0   maybetermalloc1.o
         8          4          0          0          0         68   rt_errno_addr_intlibspace.o
         8          4          0          0          0         68   rt_heap_descriptor_intlibspace.o
        78          0          0          0          0         80   rt_memclr_w.o
         2          0          0          0          0          0   rtexit.o
        10          0          0          0          0          0   rtexit2.o
        70          0          0          0          0         80   setvbuf.o
       240          6          0          0          0        156   stdio.o
         0          0          0         12        252          0   stdio_streams.o
        62          0          0          0          0         76   strlen.o
        12          4          0          0          0         68   sys_exit.o
       102          0         12          0          0        240   sys_io.o
        74          0          0          0          0         80   sys_stackheap_outer.o
        14          0          0          0          0         76   sys_wrch.o
         2          0          0          0          0         68   use_no_semi.o

    ----------------------------------------------------------------------
      2420        182         12         12        348       3000   Library Totals
        12          0          0          0          0          0   (incl. Padding)

    ----------------------------------------------------------------------

      Code (inc. data)   RO Data    RW Data    ZI Data      Debug   Library Name

      2408        182         12         12        348       3000   c_w.l

    ----------------------------------------------------------------------
      2420        182         12         12        348       3000   Library Totals

    ----------------------------------------------------------------------

==============================================================================


      Code (inc. data)   RO Data    RW Data    ZI Data      Debug   

      4064        286        504         12        860      12154   Grand Totals
      4064        286        504         12        860      12154   ELF Image Totals
      4064        286        504         12          0          0   ROM Totals

==============================================================================

    Total RO  Size (Code + RO Data)                 4568 (   4.46kB)
    Total RW  Size (RW Data + ZI Data)               872 (   0.85kB)
    Total ROM Size (Code + RO Data + RW Data)       4580 (   4.47kB)

==============================================================================

