Component: ARM Compiler 5.06 update 5 (build 528) Tool: armlink [4d35e2]

==============================================================================

Section Cross References

    lpc17xx_gpio.o(i.FIO_ByteClearValue) refers to lpc17xx_gpio.o(i.FIO_ByteGetPointer) for FIO_ByteGetPointer
    lpc17xx_gpio.o(i.FIO_ByteReadValue) refers to lpc17xx_gpio.o(i.FIO_ByteGetPointer) for FIO_ByteGetPointer
    lpc17xx_gpio.o(i.FIO_ByteSetDir) refers to lpc17xx_gpio.o(i.FIO_ByteGetPointer) for FIO_ByteGetPointer
    lpc17xx_gpio.o(i.FIO_ByteSetMask) refers to lpc17xx_gpio.o(i.FIO_ByteGetPointer) for FIO_ByteGetPointer
    lpc17xx_gpio.o(i.FIO_ByteSetValue) refers to lpc17xx_gpio.o(i.FIO_ByteGetPointer) for FIO_ByteGetPointer
    lpc17xx_gpio.o(i.FIO_ClearInt) refers to lpc17xx_gpio.o(i.GPIO_ClearInt) for GPIO_ClearInt
    lpc17xx_gpio.o(i.FIO_ClearValue) refers to lpc17xx_gpio.o(i.GPIO_ClearValue) for GPIO_ClearValue
    lpc17xx_gpio.o(i.FIO_GetIntStatus) refers to lpc17xx_gpio.o(i.GPIO_GetIntStatus) for GPIO_GetIntStatus
    lpc17xx_gpio.o(i.FIO_HalfWordClearValue) refers to lpc17xx_gpio.o(i.FIO_HalfWordGetPointer) for FIO_HalfWordGetPointer
    lpc17xx_gpio.o(i.FIO_HalfWordReadValue) refers to lpc17xx_gpio.o(i.FIO_HalfWordGetPointer) for FIO_HalfWordGetPointer
    lpc17xx_gpio.o(i.FIO_HalfWordSetDir) refers to lpc17xx_gpio.o(i.FIO_HalfWordGetPointer) for FIO_HalfWordGetPointer
    lpc17xx_gpio.o(i.FIO_HalfWordSetMask) refers to lpc17xx_gpio.o(i.FIO_HalfWordGetPointer) for FIO_HalfWordGetPointer
    lpc17xx_gpio.o(i.FIO_HalfWordSetValue) refers to lpc17xx_gpio.o(i.FIO_HalfWordGetPointer) for FIO_HalfWordGetPointer
    lpc17xx_gpio.o(i.FIO_IntCmd) refers to lpc17xx_gpio.o(i.GPIO_IntCmd) for GPIO_IntCmd
    lpc17xx_gpio.o(i.FIO_ReadValue) refers to lpc17xx_gpio.o(i.GPIO_ReadValue) for GPIO_ReadValue
    lpc17xx_gpio.o(i.FIO_SetDir) refers to lpc17xx_gpio.o(i.GPIO_SetDir) for GPIO_SetDir
    lpc17xx_gpio.o(i.FIO_SetMask) refers to lpc17xx_gpio.o(i.GPIO_GetPointer) for GPIO_GetPointer
    lpc17xx_gpio.o(i.FIO_SetValue) refers to lpc17xx_gpio.o(i.GPIO_SetValue) for GPIO_SetValue
    lpc17xx_gpio.o(i.GPIO_ClearValue) refers to lpc17xx_gpio.o(i.GPIO_GetPointer) for GPIO_GetPointer
    lpc17xx_gpio.o(i.GPIO_ReadValue) refers to lpc17xx_gpio.o(i.GPIO_GetPointer) for GPIO_GetPointer
    lpc17xx_gpio.o(i.GPIO_SetDir) refers to lpc17xx_gpio.o(i.GPIO_GetPointer) for GPIO_GetPointer
    lpc17xx_gpio.o(i.GPIO_SetValue) refers to lpc17xx_gpio.o(i.GPIO_GetPointer) for GPIO_GetPointer
    lpc1768_utility.o(i.Led_All_Off) refers to lpc17xx_gpio.o(i.GPIO_ClearValue) for GPIO_ClearValue
    lpc1768_utility.o(i.Led_All_On) refers to lpc17xx_gpio.o(i.GPIO_SetValue) for GPIO_SetValue
    lpc1768_utility.o(i.Led_Init) refers to lpc17xx_gpio.o(i.GPIO_SetDir) for GPIO_SetDir
    lpc1768_utility.o(i.Led_Init) refers to lpc17xx_gpio.o(i.GPIO_ClearValue) for GPIO_ClearValue
    lpc1768_utility.o(i.Led_Off) refers to lpc17xx_gpio.o(i.GPIO_ClearValue) for GPIO_ClearValue
    lpc1768_utility.o(i.Led_On) refers to lpc17xx_gpio.o(i.GPIO_SetValue) for GPIO_SetValue
    lpc1768_utility.o(i.Led_Toggle) refers to lpc1768_utility.o(i.Led_On) for Led_On
    lpc1768_utility.o(i.Led_Toggle) refers to lpc1768_utility.o(i.Led_Off) for Led_Off
    lpc1768_utility.o(i.Led_Toggle) refers to lpc1768_utility.o(.data) for ledStatus1
    lpc17xx_pinsel.o(i.AF_ConfigPin) refers to lpc17xx_pinsel.o(i.PINSEL_ConfigPin) for PINSEL_ConfigPin
    lpc17xx_pinsel.o(i.PINSEL_ConfigPin) refers to lpc17xx_pinsel.o(i.set_PinFunc) for set_PinFunc
    lpc17xx_pinsel.o(i.PINSEL_ConfigPin) refers to lpc17xx_pinsel.o(i.set_ResistorMode) for set_ResistorMode
    lpc17xx_pinsel.o(i.PINSEL_ConfigPin) refers to lpc17xx_pinsel.o(i.set_OpenDrainMode) for set_OpenDrainMode
    lpc17xx_uart.o(i.UART_ABClearIntPending) refers to lpc17xx_libcfg_default.o(i.check_failed) for check_failed
    lpc17xx_uart.o(i.UART_ABCmd) refers to lpc17xx_libcfg_default.o(i.check_failed) for check_failed
    lpc17xx_uart.o(i.UART_DeInit) refers to lpc17xx_libcfg_default.o(i.check_failed) for check_failed
    lpc17xx_uart.o(i.UART_DeInit) refers to lpc17xx_uart.o(i.UART_TxCmd) for UART_TxCmd
    lpc17xx_uart.o(i.UART_DeInit) refers to lpc17xx_clkpwr.o(i.CLKPWR_ConfigPPWR) for CLKPWR_ConfigPPWR
    lpc17xx_uart.o(i.UART_FIFOConfig) refers to lpc17xx_libcfg_default.o(i.check_failed) for check_failed
    lpc17xx_uart.o(i.UART_ForceBreak) refers to lpc17xx_libcfg_default.o(i.check_failed) for check_failed
    lpc17xx_uart.o(i.UART_FullModemConfigMode) refers to lpc17xx_libcfg_default.o(i.check_failed) for check_failed
    lpc17xx_uart.o(i.UART_FullModemForcePinState) refers to lpc17xx_libcfg_default.o(i.check_failed) for check_failed
    lpc17xx_uart.o(i.UART_FullModemGetStatus) refers to lpc17xx_libcfg_default.o(i.check_failed) for check_failed
    lpc17xx_uart.o(i.UART_GetIntId) refers to lpc17xx_libcfg_default.o(i.check_failed) for check_failed
[...]
    ../clib/angel/rt.s                       0x00000000   Number         0  rt_locale_intlibspace.o ABSOLUTE
    ../clib/angel/rt.s                       0x00000000   Number         0  rt_ctype_table.o ABSOLUTE
    ../clib/angel/scatter.s                  0x00000000   Number         0  __scatter.o ABSOLUTE
    ../clib/angel/startup.s                  0x00000000   Number         0  __main.o ABSOLUTE
    ../clib/angel/sys.s                      0x00000000   Number         0  sys_stackheap_outer.o ABSOLUTE
    ../clib/angel/sys.s                      0x00000000   Number         0  libspace.o ABSOLUTE
    ../clib/angel/sys.s                      0x00000000   Number         0  indicate_semi.o ABSOLUTE
    ../clib/angel/sys.s                      0x00000000   Number         0  use_no_semi.o ABSOLUTE
    ../clib/angel/sysapp.c                   0x00000000   Number         0  sys_wrch.o ABSOLUTE
    ../clib/angel/sysapp.c                   0x00000000   Number         0  sys_exit.o ABSOLUTE
    ../clib/angel/sysapp.c                   0x00000000   Number         0  sys_command.o ABSOLUTE
    ../clib/armsys.c                         0x00000000   Number         0  _get_argv_nomalloc.o ABSOLUTE
    ../clib/armsys.c                         0x00000000   Number         0  no_argv.o ABSOLUTE
    ../clib/armsys.c                         0x00000000   Number         0  argv_veneer.o ABSOLUTE
    ../clib/armsys.c                         0x00000000   Number         0  argv_veneer.o ABSOLUTE
    ../clib/bigflt.c                         0x00000000   Number         0  bigflt0.o ABSOLUTE
    ../clib/btod.s                           0x00000000   Number         0  btod.o ABSOLUTE
    ../clib/heapalloc.c                      0x00000000   Number         0  hrguard.o ABSOLUTE
    ../clib/heapaux.c                        0x00000000   Number         0  heapauxi.o ABSOLUTE
    ../clib/libinit.s                        0x00000000   Number         0  libshutdown.o ABSOLUTE
    ../clib/libinit.s                        0x00000000   Number         0  libinit.o ABSOLUTE
    ../clib/libinit.s                        0x00000000   Number         0  libshutdown2.o ABSOLUTE
    ../clib/libinit.s                        0x00000000   Number         0  libinit2.o ABSOLUTE
    ../clib/locale.c                         0x00000000   Number         0  _wcrtomb.o ABSOLUTE
    ../clib/locale.s                         0x00000000   Number         0  lc_ctype_c.o ABSOLUTE
    ../clib/locale.s                         0x00000000   Number         0  lc_numeric_c.o ABSOLUTE
    ../clib/longlong.s                       0x00000000   Number         0  lludivv7m.o ABSOLUTE
    ../clib/longlong.s                       0x00000000   Number         0  lludiv10.o ABSOLUTE
    ../clib/memcpset.s                       0x00000000   Number         0  strcmpv7m.o ABSOLUTE
    ../clib/misc.s                           0x00000000   Number         0  printf_stubs.o ABSOLUTE
    ../clib/printf.c                         0x00000000   Number         0  _printf_str.o ABSOLUTE
    ../clib/printf.c                         0x00000000   Number         0  _printf_dec.o ABSOLUTE
    ../clib/printf.c                         0x00000000   Number         0  _printf_charcount.o ABSOLUTE
    ../clib/printf.c                         0x00000000   Number         0  _printf_char_common.o ABSOLUTE
    ../clib/printf.c                         0x00000000   Number         0  _sputc.o ABSOLUTE
    ../clib/printf.c                         0x00000000   Number         0  _printf_wctomb.o ABSOLUTE
    ../clib/printf.c                         0x00000000   Number         0  _printf_longlong_dec.o ABSOLUTE
    ../clib/printf.c                         0x00000000   Number         0  _printf_oct_ll.o ABSOLUTE
    ../clib/printf.c                         0x00000000   Number         0  _printf_oct_int.o ABSOLUTE
    ../clib/printf.c                         0x00000000   Number         0  _printf_oct_int_ll.o ABSOLUTE
    ../clib/printf.c                         0x00000000   Number         0  _printf_hex_ll.o ABSOLUTE
    ../clib/printf.c                         0x00000000   Number         0  _printf_hex_int.o ABSOLUTE
    ../clib/printf.c                         0x00000000   Number         0  _printf_hex_int_ll.o ABSOLUTE
    ../clib/printf.c                         0x00000000   Number         0  _printf_hex_ptr.o ABSOLUTE
    ../clib/printf.c                         0x00000000   Number         0  _printf_hex_int_ptr.o ABSOLUTE
    ../clib/printf.c                         0x00000000   Number         0  _printf_hex_int_ll_ptr.o ABSOLUTE
    ../clib/printf.c                         0x00000000   Number         0  __printf_flags.o ABSOLUTE
    ../clib/printf.c                         0x00000000   Number         0  __printf_ss.o ABSOLUTE
    ../clib/printf.c                         0x00000000   Number         0  __printf_flags_ss.o ABSOLUTE
    ../clib/printf.c                         0x00000000   Number         0  __printf_wp.o ABSOLUTE
    ../clib/printf.c                         0x00000000   Number         0  _printf_fp_infnan.o ABSOLUTE
    ../clib/printf.c                         0x00000000   Number         0  __printf_flags_wp.o ABSOLUTE
    ../clib/printf.c                         0x00000000   Number         0  __printf_ss_wp.o ABSOLUTE
    ../clib/printf.c                         0x00000000   Number         0  __printf_flags_ss_wp.o ABSOLUTE
    ../clib/printf.c                         0x00000000   Number         0  _printf_wchar.o ABSOLUTE
    ../clib/printf.c                         0x00000000   Number         0  _printf_char.o ABSOLUTE
    ../clib/printf.c                         0x00000000   Number         0  __printf_nopercent.o ABSOLUTE
    ../clib/printf.c                         0x00000000   Number         0  _printf_fp_hex.o ABSOLUTE
    ../clib/printf.c                         0x00000000   Number         0  _printf_fp_dec.o ABSOLUTE
    ../clib/printf.c                         0x00000000   Number         0  _printf_intcommon.o ABSOLUTE
    ../clib/printf.c                         0x00000000   Number         0  vsprintf.o ABSOLUTE
    ../clib/printf.c                         0x00000000   Number         0  _printf_hex_ll_ptr.o ABSOLUTE
    ../clib/printf.c                         0x00000000   Number         0  __printf.o ABSOLUTE
    ../clib/printf.c                         0x00000000   Number         0  _printf_pad.o ABSOLUTE
    ../clib/printf.c                         0x00000000   Number         0  _printf_truncate.o ABSOLUTE
    ../clib/printf_percent.s                 0x00000000   Number         0  _printf_llu.o ABSOLUTE
    ../clib/printf_percent.s                 0x00000000   Number         0  _printf_ls.o ABSOLUTE
    ../clib/printf_percent.s                 0x00000000   Number         0  _printf_g.o ABSOLUTE
    ../clib/printf_percent.s                 0x00000000   Number         0  _printf_a.o ABSOLUTE
    ../clib/printf_percent.s                 0x00000000   Number         0  _printf_e.o ABSOLUTE
    ../clib/printf_percent.s                 0x00000000   Number         0  _printf_c.o ABSOLUTE
    ../clib/printf_percent.s                 0x00000000   Number         0  _printf_s.o ABSOLUTE
    ../clib/printf_percent.s                 0x00000000   Number         0  _printf_n.o ABSOLUTE
    ../clib/printf_percent.s                 0x00000000   Number         0  _printf_percent.o ABSOLUTE
    ../clib/printf_percent.s                 0x00000000   Number         0  _printf_l.o ABSOLUTE
    ../clib/printf_percent.s                 0x00000000   Number         0  _printf_lli.o ABSOLUTE
    ../clib/printf_percent.s                 0x00000000   Number         0  _printf_percent_end.o ABSOLUTE
    ../clib/printf_percent.s                 0x00000000   Number         0  _printf_lld.o ABSOLUTE
    ../clib/printf_percent.s                 0x00000000   Number         0  _printf_x.o ABSOLUTE
    ../clib/printf_percent.s                 0x00000000   Number         0  _printf_p.o ABSOLUTE
    ../clib/printf_percent.s                 0x00000000   Number         0  _printf_o.o ABSOLUTE
    ../clib/printf_percent.s                 0x00000000   Number         0  _printf_i.o ABSOLUTE
    ../clib/printf_percent.s                 0x00000000   Number         0  _printf_ll.o ABSOLUTE
    ../clib/printf_percent.s                 0x00000000   Number         0  _printf_d.o ABSOLUTE
    ../clib/printf_percent.s                 0x00000000   Number         0  _printf_llx.o ABSOLUTE
    ../clib/printf_percent.s                 0x00000000   Number         0  _printf_lc.o ABSOLUTE
    ../clib/printf_percent.s                 0x00000000   Number         0  _printf_llo.o ABSOLUTE
    ../clib/printf_percent.s                 0x00000000   Number         0  _printf_u.o ABSOLUTE
    ../clib/printf_percent.s                 0x00000000   Number         0  _printf_f.o ABSOLUTE
    ../clib/signal.c                         0x00000000   Number         0  defsig_abrt_inner.o ABSOLUTE
    ../clib/signal.c                         0x00000000   Number         0  defsig_cppl_inner.o ABSOLUTE
    ../clib/signal.c                         0x00000000   Number         0  defsig_fpe_inner.o ABSOLUTE
    ../clib/signal.c                         0x00000000   Number         0  defsig_rtmem_formal.o ABSOLUTE
    ../clib/signal.c                         0x00000000   Number         0  defsig_pvfn_inner.o ABSOLUTE
    ../clib/signal.c                         0x00000000   Number         0  defsig_other.o ABSOLUTE
    ../clib/signal.c                         0x00000000   Number         0  defsig_segv_inner.o ABSOLUTE
    ../clib/signal.c                         0x00000000   Number         0  defsig_fpe_outer.o ABSOLUTE
    ../clib/signal.c                         0x00000000   Number         0  defsig_fpe_formal.o ABSOLUTE
    ../clib/signal.c                         0x00000000   Number         0  defsig_rtred_inner.o ABSOLUTE
    ../clib/signal.c                         0x00000000   Number         0  defsig_general.o ABSOLUTE
    ../clib/signal.c                         0x00000000   Number         0  defsig_stak_inner.o ABSOLUTE
    ../clib/signal.c                         0x00000000   Number         0  defsig_rtmem_outer.o ABSOLUTE
    ../clib/signal.c                         0x00000000   Number         0  defsig_exit.o ABSOLUTE
    ../clib/signal.c                         0x00000000   Number         0  __raise.o ABSOLUTE
    ../clib/signal.c                         0x00000000   Number         0  defsig_rtmem_inner.o ABSOLUTE
    ../clib/signal.s                         0x00000000   Number         0  defsig.o ABSOLUTE
    ../clib/stdlib.c                         0x00000000   Number         0  exit.o ABSOLUTE
    ../clib/string.c                         0x00000000   Number         0  strlen.o ABSOLUTE
    ../fplib/fpinit.s                        0x00000000   Number         0  fpinit.o ABSOLUTE
    ../fplib/istatus.s                       0x00000000   Number         0  istatus.o ABSOLUTE
    ../fplib/printf1.s                       0x00000000   Number         0  printf1.o ABSOLUTE
    ../fplib/printf2.s                       0x00000000   Number         0  printf2.o ABSOLUTE
    ../fplib/printf2a.s                      0x00000000   Number         0  printf2a.o ABSOLUTE
    ../fplib/printf2b.s                      0x00000000   Number         0  printf2b.o ABSOLUTE
    ../fplib/usenofp.s                       0x00000000   Number         0  usenofp.o ABSOLUTE
    ../mathlib/fpclassify.c                  0x00000000   Number         0  fpclassify.o ABSOLUTE
    ..\Huins_NXP_LPC1768_Library\Drivers\source\LPC1768_utility.c 0x00000000   Number         0  lpc1768_utility.o ABSOLUTE
    ..\Huins_NXP_LPC1768_Library\Drivers\source\debug_frmwrk.c 0x00000000   Number         0  debug_frmwrk.o ABSOLUTE
    ..\Huins_NXP_LPC1768_Library\Drivers\source\lpc17xx_clkpwr.c 0x00000000   Number         0  lpc17xx_clkpwr.o ABSOLUTE
    ..\Huins_NXP_LPC1768_Library\Drivers\source\lpc17xx_gpio.c 0x00000000   Number         0  lpc17xx_gpio.o ABSOLUTE
    ..\Huins_NXP_LPC1768_Library\Drivers\source\lpc17xx_libcfg_default.c 0x00000000   Number         0  lpc17xx_libcfg_default.o ABSOLUTE
    ..\Huins_NXP_LPC1768_Library\Drivers\source\lpc17xx_nvic.c 0x00000000   Number         0  lpc17xx_nvic.o ABSOLUTE
    ..\Huins_NXP_LPC1768_Library\Drivers\source\lpc17xx_pinsel.c 0x00000000   Number         0  lpc17xx_pinsel.o ABSOLUTE
    ..\Huins_NXP_LPC1768_Library\Drivers\source\lpc17xx_uart.c 0x00000000   Number         0  lpc17xx_uart.o ABSOLUTE
    ..\\Huins_NXP_LPC1768_Library\\Drivers\\source\\LPC1768_utility.c 0x00000000   Number         0  lpc1768_utility.o ABSOLUTE
    ..\\Huins_NXP_LPC1768_Library\\Drivers\\source\\debug_frmwrk.c 0x00000000   Number         0  debug_frmwrk.o ABSOLUTE
    ..\\Huins_NXP_LPC1768_Library\\Drivers\\source\\lpc17xx_clkpwr.c 0x00000000   Number         0  lpc17xx_clkpwr.o ABSOLUTE
    ..\\Huins_NXP_LPC1768_Library\\Drivers\\source\\lpc17xx_gpio.c 0x00000000   Number         0  lpc17xx_gpio.o ABSOLUTE
    ..\\Huins_NXP_LPC1768_Library\\Drivers\\source\\lpc17xx_nvic.c 0x00000000   Number         0  lpc17xx_nvic.o ABSOLUTE
    ..\\Huins_NXP_LPC1768_Library\\Drivers\\source\\lpc17xx_pinsel.c 0x00000000   Number         0  lpc17xx_pinsel.o ABSOLUTE
    ..\\Huins_NXP_LPC1768_Library\\Drivers\\source\\lpc17xx_uart.c 0x00000000   Number         0  lpc17xx_uart.o ABSOLUTE
    RTE\Device\LPC1768\startup_LPC17xx.s     0x00000000   Number         0  startup_lpc17xx.o ABSOLUTE
    RTE\Device\LPC1768\system_LPC17xx.c      0x00000000   Number         0  system_lpc17xx.o ABSOLUTE
    RTE\\Device\\LPC1768\\system_LPC17xx.c   0x00000000   Number         0  system_lpc17xx.o ABSOLUTE
    Uart_protocol.c                          0x00000000   Number         0  uart_protocol.o ABSOLUTE
    Uart_protocol.c                          0x00000000   Number         0  uart_protocol.o ABSOLUTE
    dc.s                                     0x00000000   Number         0  dc.o ABSOLUTE
    !!!main                                  0x000000cc   Section        8  __main.o(!!!main)
    !!!scatter                               0x000000d4   Section       52  __scatter.o(!!!scatter)
    !!handler_copy                           0x00000108   Section       26  __scatter_copy.o(!!handler_copy)
    !!handler_zi                             0x00000124   Section       28  __scatter_zi.o(!!handler_zi)
    .ARM.Collect$$_printf_percent$$00000000  0x00000140   Section        0  _printf_percent.o(.ARM.Collect$$_printf_percent$$00000000)
    .ARM.Collect$$_printf_percent$$00000001  0x00000140   Section        6  _printf_n.o(.ARM.Collect$$_printf_percent$$00000001)
    .ARM.Collect$$_printf_percent$$00000002  0x00000146   Section        6  _printf_p.o(.ARM.Collect$$_printf_percent$$00000002)
    .ARM.Collect$$_printf_percent$$00000003  0x0000014c   Section        6  _printf_f.o(.ARM.Collect$$_printf_percent$$00000003)
    .ARM.Collect$$_printf_percent$$00000004  0x00000152   Section        6  _printf_e.o(.ARM.Collect$$_printf_percent$$00000004)
    .ARM.Collect$$_printf_percent$$00000005  0x00000158   Section        6  _printf_g.o(.ARM.Collect$$_printf_percent$$00000005)
    .ARM.Collect$$_printf_percent$$00000006  0x0000015e   Section        6  _printf_a.o(.ARM.Collect$$_printf_percent$$00000006)
    .ARM.Collect$$_printf_percent$$00000007  0x00000164   Section       10  _printf_ll.o(.ARM.Collect$$_printf_percent$$00000007)
    .ARM.Collect$$_printf_percent$$00000008  0x0000016e   Section        6  _printf_i.o(.ARM.Collect$$_printf_percent$$00000008)
    .ARM.Collect$$_printf_percent$$00000009  0x00000174   Section        6  _printf_d.o(.ARM.Collect$$_printf_percent$$00000009)
    .ARM.Collect$$_printf_percent$$0000000A  0x0000017a   Section        6  _printf_u.o(.ARM.Collect$$_printf_percent$$0000000A)
    .ARM.Collect$$_printf_percent$$0000000B  0x00000180   Section        6  _printf_o.o(.ARM.Collect$$_printf_percent$$0000000B)
    .ARM.Collect$$_printf_percent$$0000000C  0x00000186   Section        6  _printf_x.o(.ARM.Collect$$_printf_percent$$0000000C)
    .ARM.Collect$$_printf_percent$$0000000D  0x0000018c   Section        6  _printf_lli.o(.ARM.Collect$$_printf_percent$$0000000D)
    .ARM.Collect$$_printf_percent$$0000000E  0x00000192   Section        6  _printf_lld.o(.ARM.Collect$$_printf_percent$$0000000E)
    .ARM.Collect$$_printf_percent$$0000000F  0x00000198   Section        6  _printf_llu.o(.ARM.Collect$$_printf_percent$$0000000F)
    .ARM.Collect$$_printf_percent$$00000010  0x0000019e   Section        6  _printf_llo.o(.ARM.Collect$$_printf_percent$$00000010)
    .ARM.Collect$$_printf_percent$$00000011  0x000001a4   Section        6  _printf_llx.o(.ARM.Collect$$_printf_percent$$00000011)
    .ARM.Collect$$_printf_percent$$00000012  0x000001aa   Section       10  _printf_l.o(.ARM.Collect$$_printf_percent$$00000012)
    .ARM.Collect$$_printf_percent$$00000013  0x000001b4   Section        6  _printf_c.o(.ARM.Collect$$_printf_percent$$00000013)
    .ARM.Collect$$_printf_percent$$00000014  0x000001ba   Section        6  _printf_s.o(.ARM.Collect$$_printf_percent$$00000014)
    .ARM.Collect$$_printf_percent$$00000015  0x000001c0   Section        6  _printf_lc.o(.ARM.Collect$$_printf_percent$$00000015)
    .ARM.Collect$$_printf_percent$$00000016  0x000001c6   Section        6  _printf_ls.o(.ARM.Collect$$_printf_percent$$00000016)
    .ARM.Collect$$_printf_percent$$00000017  0x000001cc   Section        4  _printf_percent_end.o(.ARM.Collect$$_printf_percent$$00000017)
    .ARM.Collect$$libinit$$00000000          0x000001d0   Section        2  libinit.o(.ARM.Collect$$libinit$$00000000)
    .ARM.Collect$$libinit$$00000002          0x000001d2   Section        0  libinit2.o(.ARM.Collect$$libinit$$00000002)
    .ARM.Collect$$libinit$$00000004          0x000001d2   Section        0  libinit2.o(.ARM.Collect$$libinit$$00000004)
    .ARM.Collect$$libinit$$0000000A          0x000001d2   Section        0  libinit2.o(.ARM.Collect$$libinit$$0000000A)
    .ARM.Collect$$libinit$$0000000C          0x000001d2   Section        0  libinit2.o(.ARM.Collect$$libinit$$0000000C)
    .ARM.Collect$$libinit$$0000000E          0x000001d2   Section        0  libinit2.o(.ARM.Collect$$libinit$$0000000E)
    .ARM.Collect$$libinit$$0000000F          0x000001d2   Section        6  libinit2.o(.ARM.Collect$$libinit$$0000000F)
    .ARM.Collect$$libinit$$00000011          0x000001d8   Section        0  libinit2.o(.ARM.Collect$$libinit$$00000011)
    .ARM.Collect$$libinit$$00000012          0x000001d8   Section       12  libinit2.o(.ARM.Collect$$libinit$$00000012)
    .ARM.Collect$$libinit$$00000013          0x000001e4   Section        0  libinit2.o(.ARM.Collect$$libinit$$00000013)
    .ARM.Collect$$libinit$$00000015          0x000001e4   Section        0  libinit2.o(.ARM.Collect$$libinit$$00000015)
    .ARM.Collect$$libinit$$00000016          0x000001e4   Section       10  libinit2.o(.ARM.Collect$$libinit$$00000016)
    .ARM.Collect$$libinit$$00000017          0x000001ee   Section        0  libinit2.o(.ARM.Collect$$libinit$$00000017)
    .ARM.Collect$$libinit$$00000019          0x000001ee   Section        0  libinit2.o(.ARM.Collect$$libinit$$00000019)
    .ARM.Collect$$libinit$$0000001B          0x000001ee   Section        0  libinit2.o(.ARM.Collect$$libinit$$0000001B)
    .ARM.Collect$$libinit$$0000001D          0x000001ee   Section        0  libinit2.o(.ARM.Collect$$libinit$$0000001D)
    .ARM.Collect$$libinit$$0000001F          0x000001ee   Section        0  libinit2.o(.ARM.Collect$$libinit$$0000001F)
    .ARM.Collect$$libinit$$00000021          0x000001ee   Section        0  libinit2.o(.ARM.Collect$$libinit$$00000021)
    .ARM.Collect$$libinit$$00000023          0x000001ee   Section        0  libinit2.o(.ARM.Collect$$libinit$$00000023)
    .ARM.Collect$$libinit$$00000025          0x000001ee   Section        0  libinit2.o(.ARM.Collect$$libinit$$00000025)
    .ARM.Collect$$libinit$$0000002C          0x000001ee   Section        0  libinit2.o(.ARM.Collect$$libinit$$0000002C)
    .ARM.Collect$$libinit$$0000002E          0x000001ee   Section        0  libinit2.o(.ARM.Collect$$libinit$$0000002E)
    .ARM.Collect$$libinit$$00000030          0x000001ee   Section        0  libinit2.o(.ARM.Collect$$libinit$$00000030)
    .ARM.Collect$$libinit$$00000032          0x000001ee   Section        0  libinit2.o(.ARM.Collect$$libinit$$00000032)
    .ARM.Collect$$libinit$$00000033          0x000001ee   Section        2  libinit2.o(.ARM.Collect$$libinit$$00000033)
    .ARM.Collect$$libshutdown$$00000000      0x000001f0   Section        2  libshutdown.o(.ARM.Collect$$libshutdown$$00000000)
    .ARM.Collect$$libshutdown$$00000002      0x000001f2   Section        0  libshutdown2.o(.ARM.Collect$$libshutdown$$00000002)
    .ARM.Collect$$libshutdown$$00000004      0x000001f2   Section        0  libshutdown2.o(.ARM.Collect$$libshutdown$$00000004)
    .ARM.Collect$$libshutdown$$00000007      0x000001f2   Section        0  libshutdown2.o(.ARM.Collect$$libshutdown$$00000007)
    .ARM.Collect$$libshutdown$$0000000A      0x000001f2   Section        0  libshutdown2.o(.ARM.Collect$$libshutdown$$0000000A)
    .ARM.Collect$$libshutdown$$0000000C      0x000001f2   Section        0  libshutdown2.o(.ARM.Collect$$libshutdown$$0000000C)
    .ARM.Collect$$libshutdown$$0000000F      0x000001f2   Section        0  libshutdown2.o(.ARM.Collect$$libshutdown$$0000000F)
    .ARM.Collect$$libshutdown$$00000010      0x000001f2   Section        2  libshutdown2.o(.ARM.Collect$$libshutdown$$00000010)
    .ARM.Collect$$rtentry$$00000000          0x000001f4   Section        0  __rtentry.o(.ARM.Collect$$rtentry$$00000000)
    .ARM.Collect$$rtentry$$00000002          0x000001f4   Section        0  __rtentry2.o(.ARM.Collect$$rtentry$$00000002)
    .ARM.Collect$$rtentry$$00000004          0x000001f4   Section        6  __rtentry4.o(.ARM.Collect$$rtentry$$00000004)
    .ARM.Collect$$rtentry$$00000009          0x000001fa   Section        0  __rtentry2.o(.ARM.Collect$$rtentry$$00000009)
    .ARM.Collect$$rtentry$$0000000A          0x000001fa   Section        4  __rtentry2.o(.ARM.Collect$$rtentry$$0000000A)
    .ARM.Collect$$rtentry$$0000000C          0x000001fe   Section        0  __rtentry2.o(.ARM.Collect$$rtentry$$0000000C)
    .ARM.Collect$$rtentry$$0000000D          0x000001fe   Section        8  __rtentry2.o(.ARM.Collect$$rtentry$$0000000D)
    .ARM.Collect$$rtexit$$00000000           0x00000206   Section        2  rtexit.o(.ARM.Collect$$rtexit$$00000000)
    .ARM.Collect$$rtexit$$00000002           0x00000208   Section        0  rtexit2.o(.ARM.Collect$$rtexit$$00000002)
    .ARM.Collect$$rtexit$$00000003           0x00000208   Section        4  rtexit2.o(.ARM.Collect$$rtexit$$00000003)
    .ARM.Collect$$rtexit$$00000004           0x0000020c   Section        6  rtexit2.o(.ARM.Collect$$rtexit$$00000004)
    .text                                    0x00000214   Section       60  startup_lpc17xx.o(.text)
    .text                                    0x00000250   Section        0  vsprintf.o(.text)
    .text                                    0x00000274   Section        0  strlen.o(.text)
    .text                                    0x000002b2   Section        0  heapauxi.o(.text)
    .text                                    0x000002b8   Section        0  _printf_truncate.o(.text)
    .text                                    0x000002dc   Section        0  _sputc.o(.text)
    .text                                    0x000002e8   Section       16  rt_ctype_table.o(.text)
    .text                                    0x000002f8   Section        2  use_no_semi.o(.text)
    .text                                    0x000002fa   Section        0  indicate_semi.o(.text)
    x$fpl$usenofp                            0x000002fa   Section        0  usenofp.o(x$fpl$usenofp)
    .ARM.__at_0x02FC                         0x000002fc   Section        4  startup_lpc17xx.o(.ARM.__at_0x02FC)
    .text                                    0x00000300   Section      238  lludivv7m.o(.text)
    .text                                    0x000003ee   Section        0  _printf_pad.o(.text)
    .text                                    0x0000043c   Section        0  _printf_str.o(.text)
    .text                                    0x00000490   Section        0  _printf_dec.o(.text)
    .text                                    0x00000508   Section        0  _printf_charcount.o(.text)
    .text                                    0x00000530   Section        0  _printf_char_common.o(.text)
    _printf_input_char                       0x00000531   Thumb Code    10  _printf_char_common.o(.text)
    .text                                    0x00000560   Section        0  _printf_wctomb.o(.text)
    .text                                    0x0000061c   Section        0  _printf_longlong_dec.o(.text)
    .text                                    0x00000698   Section        0  _printf_oct_int_ll.o(.text)
    _printf_longlong_oct_internal            0x00000699   Thumb Code     0  _printf_oct_int_ll.o(.text)
    .text                                    0x00000708   Section        0  _printf_hex_int_ll_ptr.o(.text)
    _printf_hex_common                       0x00000709   Thumb Code     0  _printf_hex_int_ll_ptr.o(.text)
    .text                                    0x0000079c   Section        0  __printf_flags_ss_wp.o(.text)
    .text                                    0x00000924   Section      138  lludiv10.o(.text)
    .text                                    0x000009ae   Section        0  _printf_intcommon.o(.text)
    .text                                    0x00000a60   Section        0  _printf_fp_dec.o(.text)
    _fp_digits                               0x00000a63   Thumb Code   432  _printf_fp_dec.o(.text)
    .text                                    0x00000e80   Section        0  _printf_fp_hex.o(.text)
    .text                                    0x0000117c   Section        0  _printf_char.o(.text)
    .text                                    0x000011a8   Section        0  _printf_wchar.o(.text)
    .text                                    0x000011d4   Section        0  _wcrtomb.o(.text)
    .text                                    0x00001214   Section       74  sys_stackheap_outer.o(.text)
    .text                                    0x00001260   Section        8  rt_locale_intlibspace.o(.text)
    .text                                    0x00001268   Section        0  _printf_fp_infnan.o(.text)
    .text                                    0x000012e8   Section        0  bigflt0.o(.text)
    .text                                    0x000013cc   Section        0  exit.o(.text)
    .text                                    0x000013e0   Section        8  libspace.o(.text)
    .text                                    0x000013e8   Section      128  strcmpv7m.o(.text)
    .text                                    0x00001468   Section        0  sys_exit.o(.text)
    CL$$btod_d2e                             0x00001474   Section       62  btod.o(CL$$btod_d2e)
    CL$$btod_d2e_denorm_low                  0x000014b2   Section       70  btod.o(CL$$btod_d2e_denorm_low)
    CL$$btod_d2e_norm_op1                    0x000014f8   Section       96  btod.o(CL$$btod_d2e_norm_op1)
    CL$$btod_div_common                      0x00001558   Section      824  btod.o(CL$$btod_div_common)
    CL$$btod_e2e                             0x00001890   Section      220  btod.o(CL$$btod_e2e)
    CL$$btod_ediv                            0x0000196c   Section       42  btod.o(CL$$btod_ediv)
    CL$$btod_emul                            0x00001996   Section       42  btod.o(CL$$btod_emul)
    CL$$btod_mult_common                     0x000019c0   Section      580  btod.o(CL$$btod_mult_common)
    i.AF_ConfigPin                           0x00001c04   Section        0  lpc17xx_pinsel.o(i.AF_ConfigPin)
    i.CLKPWR_ConfigPPWR                      0x00001c24   Section        0  lpc17xx_clkpwr.o(i.CLKPWR_ConfigPPWR)
    i.CLKPWR_GetPCLK                         0x00001c5c   Section        0  lpc17xx_clkpwr.o(i.CLKPWR_GetPCLK)
    i.CLKPWR_GetPCLKSEL                      0x00001c9c   Section        0  lpc17xx_clkpwr.o(i.CLKPWR_GetPCLKSEL)
    i.Delay                                  0x00001cc4   Section        0  lpc1768_utility.o(i.Delay)
    i.GPIO_ClearValue                        0x00001cd0   Section        0  lpc17xx_gpio.o(i.GPIO_ClearValue)
    i.GPIO_GetPointer                        0x00001ce4   Section        0  lpc17xx_gpio.o(i.GPIO_GetPointer)
    GPIO_GetPointer                          0x00001ce5   Thumb Code    52  lpc17xx_gpio.o(i.GPIO_GetPointer)
    i.GPIO_SetDir                            0x00001d1c   Section        0  lpc17xx_gpio.o(i.GPIO_SetDir)
    i.GPIO_SetValue                          0x00001d44   Section        0  lpc17xx_gpio.o(i.GPIO_SetValue)
    i.Led_All_Off                            0x00001d58   Section        0  lpc1768_utility.o(i.Led_All_Off)
    i.Led_All_On                             0x00001da2   Section        0  lpc1768_utility.o(i.Led_All_On)
    i.Led_Init                               0x00001dec   Section        0  lpc1768_utility.o(i.Led_Init)
    i.Led_Off                                0x00001ed6   Section        0  lpc1768_utility.o(i.Led_Off)
    i.Led_On                                 0x00001f46   Section        0  lpc1768_utility.o(i.Led_On)
    i.Led_on_off_alt                         0x00001fcc   Section        0  uart_protocol.o(i.Led_on_off_alt)
    i.Led_shift                              0x00002044   Section        0  uart_protocol.o(i.Led_shift)
    i.PINSEL_ConfigPin                       0x000020d8   Section        0  lpc17xx_pinsel.o(i.PINSEL_ConfigPin)
    i.Printf                                 0x000020fc   Section        0  uart_protocol.o(i.Printf)
    i.SystemInit                             0x00002150   Section        0  system_lpc17xx.o(i.SystemInit)
    i.UART0_IRQHandler                       0x00002290   Section        0  uart_protocol.o(i.UART0_IRQHandler)
    i.UARTPutChar                            0x00002308   Section        0  debug_frmwrk.o(i.UARTPutChar)
    i.UART_ConfigStructInit                  0x0000231a   Section        0  lpc17xx_uart.o(i.UART_ConfigStructInit)
    i.UART_Init                              0x0000232c   Section        0  lpc17xx_uart.o(i.UART_Init)
    i.UART_IntConfig                         0x00002564   Section        0  lpc17xx_uart.o(i.UART_IntConfig)
    i.UART_ReceiveByte                       0x000026ac   Section        0  lpc17xx_uart.o(i.UART_ReceiveByte)
    i.UART_Send                              0x00002730   Section        0  lpc17xx_uart.o(i.UART_Send)
    i.UART_SendByte                          0x000027c8   Section        0  lpc17xx_uart.o(i.UART_SendByte)
    i.UART_TxCmd                             0x0000284c   Section        0  lpc17xx_uart.o(i.UART_TxCmd)
    i.Uart0_Init                             0x00002918   Section        0  lpc17xx_uart.o(i.Uart0_Init)
    i.__ARM_fpclassify                       0x00002960   Section        0  fpclassify.o(i.__ARM_fpclassify)
    i._is_digit                              0x00002988   Section        0  __printf_wp.o(i._is_digit)
    i.check_failed                           0x00002996   Section        0  lpc17xx_libcfg_default.o(i.check_failed)
    i.hex_command                            0x0000299c   Section        0  uart_protocol.o(i.hex_command)
    i.main                                   0x000029f0   Section        0  uart_protocol.o(i.main)
    i.set_OpenDrainMode                      0x00002a40   Section        0  lpc17xx_pinsel.o(i.set_OpenDrainMode)
    set_OpenDrainMode                        0x00002a41   Thumb Code    42  lpc17xx_pinsel.o(i.set_OpenDrainMode)
    i.set_PinFunc                            0x00002a70   Section        0  lpc17xx_pinsel.o(i.set_PinFunc)
    set_PinFunc                              0x00002a71   Thumb Code    60  lpc17xx_pinsel.o(i.set_PinFunc)
    i.set_ResistorMode                       0x00002ab0   Section        0  lpc17xx_pinsel.o(i.set_ResistorMode)
    set_ResistorMode                         0x00002ab1   Thumb Code    60  lpc17xx_pinsel.o(i.set_ResistorMode)
    i.uart_set_divisors                      0x00002af0   Section        0  lpc17xx_uart.o(i.uart_set_divisors)
    uart_set_divisors                        0x00002af1   Thumb Code   464  lpc17xx_uart.o(i.uart_set_divisors)
    locale$$code                             0x00002cd0   Section       44  lc_numeric_c.o(locale$$code)
    locale$$code                             0x00002cfc   Section       44  lc_ctype_c.o(locale$$code)
    x$fpl$printf1                            0x00002d28   Section        4  printf1.o(x$fpl$printf1)
    x$fpl$printf2                            0x00002d2c   Section        4  printf2.o(x$fpl$printf2)
    .constdata                               0x00002d30   Section        8  _printf_wctomb.o(.constdata)
    initial_mbstate                          0x00002d30   Data           8  _printf_wctomb.o(.constdata)
    .constdata                               0x00002d38   Section       40  _printf_hex_int_ll_ptr.o(.constdata)
    uc_hextab                                0x00002d38   Data          20  _printf_hex_int_ll_ptr.o(.constdata)
    lc_hextab                                0x00002d4c   Data          20  _printf_hex_int_ll_ptr.o(.constdata)
    .constdata                               0x00002d60   Section       17  __printf_flags_ss_wp.o(.constdata)
    maptable                                 0x00002d60   Data          17  __printf_flags_ss_wp.o(.constdata)
    .constdata                               0x00002d71   Section       38  _printf_fp_hex.o(.constdata)
    lc_hextab                                0x00002d71   Data          19  _printf_fp_hex.o(.constdata)
    uc_hextab                                0x00002d84   Data          19  _printf_fp_hex.o(.constdata)
    .constdata                               0x00002d98   Section      148  bigflt0.o(.constdata)
    tenpwrs_x                                0x00002d98   Data          60  bigflt0.o(.constdata)
    tenpwrs_i                                0x00002dd4   Data          64  bigflt0.o(.constdata)
    locale$$data                             0x00002e4c   Section       28  lc_numeric_c.o(locale$$data)
    __lcnum_c_name                           0x00002e50   Data           2  lc_numeric_c.o(locale$$data)
    __lcnum_c_start                          0x00002e58   Data           0  lc_numeric_c.o(locale$$data)
    __lcnum_c_point                          0x00002e64   Data           0  lc_numeric_c.o(locale$$data)
    __lcnum_c_thousands                      0x00002e66   Data           0  lc_numeric_c.o(locale$$data)
    __lcnum_c_grouping                       0x00002e67   Data           0  lc_numeric_c.o(locale$$data)
    locale$$data                             0x00002e68   Section      272  lc_ctype_c.o(locale$$data)
    __lcnum_c_end                            0x00002e68   Data           0  lc_numeric_c.o(locale$$data)
    __lcctype_c_name                         0x00002e6c   Data           2  lc_ctype_c.o(locale$$data)
    __lcctype_c_start                        0x00002e74   Data           0  lc_ctype_c.o(locale$$data)
    __lcctype_c_end                          0x00002f78   Data           0  lc_ctype_c.o(locale$$data)
    .data                                    0x10000000   Section       20  uart_protocol.o(.data)
    .data                                    0x10000014   Section        4  system_lpc17xx.o(.data)
    .bss                                     0x10000018   Section       96  libspace.o(.bss)
    HEAP                                     0x10000078   Section        0  startup_lpc17xx.o(HEAP)
    STACK                                    0x10000078   Section      512  startup_lpc17xx.o(STACK)
    Heap_Mem                                 0x10000078   Data           0  startup_lpc17xx.o(HEAP)
    Stack_Mem                                0x10000078   Data         512  startup_lpc17xx.o(STACK)
    __initial_sp                             0x10000278   Data           0  startup_lpc17xx.o(STACK)

    Global Symbols

    Symbol Name                              Value     Ov Type        Size  Object(Section)

    BuildAttributes$$THM_ISAv4$P$D$K$B$S$PE$A:L22UL41UL21$X:L11$S22US41US21$IEEE1$IW$USESV6$~STKCKD$USESV7$~SHL$OTIME$ROPI$IEEEJ$EBA8$UX$STANDARDLIB$REQ8$PRES8$EABIv2 0x00000000   Number         0  anon$$obj.o ABSOLUTE
    __ARM_use_no_argv                        0x00000000   Number         0  uart_protocol.o ABSOLUTE
    __Vectors                                0x00000000   Data           4  startup_lpc17xx.o(RESET)
    _printf_flags                            0x00000000   Number         0  printf_stubs.o ABSOLUTE
    _printf_return_value                     0x00000000   Number         0  printf_stubs.o ABSOLUTE
    _printf_sizespec                         0x00000000   Number         0  printf_stubs.o ABSOLUTE
    _printf_widthprec                        0x00000000   Number         0  printf_stubs.o ABSOLUTE
    __ARM_exceptions_init                     - Undefined Weak Reference
    __alloca_initialize                       - Undefined Weak Reference
    __arm_preinit_                            - Undefined Weak Reference
    __cpp_initialize__aeabi_                  - Undefined Weak Reference
    __cxa_finalize                            - Undefined Weak Reference
    __sigvec_lookup                           - Undefined Weak Reference
    _atexit_init                              - Undefined Weak Reference
    _call_atexit_fns                          - Undefined Weak Reference
    _clock_init                               - Undefined Weak Reference
    _fp_trap_init                             - Undefined Weak Reference
    _fp_trap_shutdown                         - Undefined Weak Reference
    _get_lc_collate                           - Undefined Weak Reference
    _get_lc_monetary                          - Undefined Weak Reference
    _get_lc_time                              - Undefined Weak Reference
    _getenv_init                              - Undefined Weak Reference
    _handle_redirection                       - Undefined Weak Reference
    _init_alloc                               - Undefined Weak Reference
    _init_user_alloc                          - Undefined Weak Reference
    _initio                                   - Undefined Weak Reference
    _printf_mbtowc                            - Undefined Weak Reference
    _printf_wc                                - Undefined Weak Reference
    _rand_init                                - Undefined Weak Reference
    _signal_finish                            - Undefined Weak Reference
    _signal_init                              - Undefined Weak Reference
    _terminate_alloc                          - Undefined Weak Reference
    _terminate_user_alloc                     - Undefined Weak Reference
    _terminateio                              - Undefined Weak Reference
    __main                                   0x000000cd   Thumb Code     8  __main.o(!!!main)
    __scatterload                            0x000000d5   Thumb Code     0  __scatter.o(!!!scatter)
    __scatterload_rt2                        0x000000d5   Thumb Code    44  __scatter.o(!!!scatter)
    __scatterload_rt2_thumb_only             0x000000d5   Thumb Code     0  __scatter.o(!!!scatter)
    __scatterload_null                       0x000000e3   Thumb Code     0  __scatter.o(!!!scatter)
    __scatterload_copy                       0x00000109   Thumb Code    26  __scatter_copy.o(!!handler_copy)
    __scatterload_zeroinit                   0x00000125   Thumb Code    28  __scatter_zi.o(!!handler_zi)
    _printf_n                                0x00000141   Thumb Code     0  _printf_n.o(.ARM.Collect$$_printf_percent$$00000001)
    _printf_percent                          0x00000141   Thumb Code     0  _printf_percent.o(.ARM.Collect$$_printf_percent$$00000000)
    _printf_p                                0x00000147   Thumb Code     0  _printf_p.o(.ARM.Collect$$_printf_percent$$00000002)
    _printf_f                                0x0000014d   Thumb Code     0  _printf_f.o(.ARM.Collect$$_printf_percent$$00000003)
    _printf_e                                0x00000153   Thumb Code     0  _printf_e.o(.ARM.Collect$$_printf_percent$$00000004)
    _printf_g                                0x00000159   Thumb Code     0  _printf_g.o(.ARM.Collect$$_printf_percent$$00000005)
    _printf_a                                0x0000015f   Thumb Code     0  _printf_a.o(.ARM.Collect$$_printf_percent$$00000006)
    _printf_ll                               0x00000165   Thumb Code     0  _printf_ll.o(.ARM.Collect$$_printf_percent$$00000007)
    _printf_i                                0x0000016f   Thumb Code     0  _printf_i.o(.ARM.Collect$$_printf_percent$$00000008)
    _printf_d                                0x00000175   Thumb Code     0  _printf_d.o(.ARM.Collect$$_printf_percent$$00000009)
    _printf_u                                0x0000017b   Thumb Code     0  _printf_u.o(.ARM.Collect$$_printf_percent$$0000000A)
    _printf_o                                0x00000181   Thumb Code     0  _printf_o.o(.ARM.Collect$$_printf_percent$$0000000B)
    _printf_x                                0x00000187   Thumb Code     0  _printf_x.o(.ARM.Collect$$_printf_percent$$0000000C)
    _printf_lli                              0x0000018d   Thumb Code     0  _printf_lli.o(.ARM.Collect$$_printf_percent$$0000000D)
    _printf_lld                              0x00000193   Thumb Code     0  _printf_lld.o(.ARM.Collect$$_printf_percent$$0000000E)
    _printf_llu                              0x00000199   Thumb Code     0  _printf_llu.o(.ARM.Collect$$_printf_percent$$0000000F)
    _printf_llo                              0x0000019f   Thumb Code     0  _printf_llo.o(.ARM.Collect$$_printf_percent$$00000010)
    _printf_llx                              0x000001a5   Thumb Code     0  _printf_llx.o(.ARM.Collect$$_printf_percent$$00000011)
    _printf_l                                0x000001ab   Thumb Code     0  _printf_l.o(.ARM.Collect$$_printf_percent$$00000012)
    _printf_c                                0x000001b5   Thumb Code     0  _printf_c.o(.ARM.Collect$$_printf_percent$$00000013)
    _printf_s                                0x000001bb   Thumb Code     0  _printf_s.o(.ARM.Collect$$_printf_percent$$00000014)
    _printf_lc                               0x000001c1   Thumb Code     0  _printf_lc.o(.ARM.Collect$$_printf_percent$$00000015)
    _printf_ls                               0x000001c7   Thumb Code     0  _printf_ls.o(.ARM.Collect$$_printf_percent$$00000016)
    _printf_percent_end                      0x000001cd   Thumb Code     0  _printf_percent_end.o(.ARM.Collect$$_printf_percent$$00000017)
    __rt_lib_init                            0x000001d1   Thumb Code     0  libinit.o(.ARM.Collect$$libinit$$00000000)
    __rt_lib_init_fp_1                       0x000001d3   Thumb Code     0  libinit2.o(.ARM.Collect$$libinit$$00000002)
    __rt_lib_init_heap_1                     0x000001d3   Thumb Code     0  libinit2.o(.ARM.Collect$$libinit$$0000000A)
    __rt_lib_init_lc_common                  0x000001d3   Thumb Code     0  libinit2.o(.ARM.Collect$$libinit$$0000000F)
    __rt_lib_init_preinit_1                  0x000001d3   Thumb Code     0  libinit2.o(.ARM.Collect$$libinit$$00000004)
    __rt_lib_init_rand_1                     0x000001d3   Thumb Code     0  libinit2.o(.ARM.Collect$$libinit$$0000000E)
    __rt_lib_init_user_alloc_1               0x000001d3   Thumb Code     0  libinit2.o(.ARM.Collect$$libinit$$0000000C)
    __rt_lib_init_lc_collate_1               0x000001d9   Thumb Code     0  libinit2.o(.ARM.Collect$$libinit$$00000011)
    __rt_lib_init_lc_ctype_2                 0x000001d9   Thumb Code     0  libinit2.o(.ARM.Collect$$libinit$$00000012)
    __rt_lib_init_lc_ctype_1                 0x000001e5   Thumb Code     0  libinit2.o(.ARM.Collect$$libinit$$00000013)
    __rt_lib_init_lc_monetary_1              0x000001e5   Thumb Code     0  libinit2.o(.ARM.Collect$$libinit$$00000015)
    __rt_lib_init_lc_numeric_2               0x000001e5   Thumb Code     0  libinit2.o(.ARM.Collect$$libinit$$00000016)
    __rt_lib_init_alloca_1                   0x000001ef   Thumb Code     0  libinit2.o(.ARM.Collect$$libinit$$0000002E)
    __rt_lib_init_argv_1                     0x000001ef   Thumb Code     0  libinit2.o(.ARM.Collect$$libinit$$0000002C)
    __rt_lib_init_atexit_1                   0x000001ef   Thumb Code     0  libinit2.o(.ARM.Collect$$libinit$$0000001B)
    __rt_lib_init_clock_1                    0x000001ef   Thumb Code     0  libinit2.o(.ARM.Collect$$libinit$$00000021)
    __rt_lib_init_cpp_1                      0x000001ef   Thumb Code     0  libinit2.o(.ARM.Collect$$libinit$$00000032)
    __rt_lib_init_exceptions_1               0x000001ef   Thumb Code     0  libinit2.o(.ARM.Collect$$libinit$$00000030)
    __rt_lib_init_fp_trap_1                  0x000001ef   Thumb Code     0  libinit2.o(.ARM.Collect$$libinit$$0000001F)
    __rt_lib_init_getenv_1                   0x000001ef   Thumb Code     0  libinit2.o(.ARM.Collect$$libinit$$00000023)
    __rt_lib_init_lc_numeric_1               0x000001ef   Thumb Code     0  libinit2.o(.ARM.Collect$$libinit$$00000017)
    __rt_lib_init_lc_time_1                  0x000001ef   Thumb Code     0  libinit2.o(.ARM.Collect$$libinit$$00000019)
    __rt_lib_init_return                     0x000001ef   Thumb Code     0  libinit2.o(.ARM.Collect$$libinit$$00000033)
    __rt_lib_init_signal_1                   0x000001ef   Thumb Code     0  libinit2.o(.ARM.Collect$$libinit$$0000001D)
    __rt_lib_init_stdio_1                    0x000001ef   Thumb Code     0  libinit2.o(.ARM.Collect$$libinit$$00000025)
    __rt_lib_shutdown                        0x000001f1   Thumb Code     0  libshutdown.o(.ARM.Collect$$libshutdown$$00000000)
    __rt_lib_shutdown_cpp_1                  0x000001f3   Thumb Code     0  libshutdown2.o(.ARM.Collect$$libshutdown$$00000002)
    __rt_lib_shutdown_fp_trap_1              0x000001f3   Thumb Code     0  libshutdown2.o(.ARM.Collect$$libshutdown$$00000007)
    __rt_lib_shutdown_heap_1                 0x000001f3   Thumb Code     0  libshutdown2.o(.ARM.Collect$$libshutdown$$0000000F)
    __rt_lib_shutdown_return                 0x000001f3   Thumb Code     0  libshutdown2.o(.ARM.Collect$$libshutdown$$00000010)
    __rt_lib_shutdown_signal_1               0x000001f3   Thumb Code     0  libshutdown2.o(.ARM.Collect$$libshutdown$$0000000A)
    __rt_lib_shutdown_stdio_1                0x000001f3   Thumb Code     0  libshutdown2.o(.ARM.Collect$$libshutdown$$00000004)
    __rt_lib_shutdown_user_alloc_1           0x000001f3   Thumb Code     0  libshutdown2.o(.ARM.Collect$$libshutdown$$0000000C)
    __rt_entry                               0x000001f5   Thumb Code     0  __rtentry.o(.ARM.Collect$$rtentry$$00000000)
    __rt_entry_presh_1                       0x000001f5   Thumb Code     0  __rtentry2.o(.ARM.Collect$$rtentry$$00000002)
    __rt_entry_sh                            0x000001f5   Thumb Code     0  __rtentry4.o(.ARM.Collect$$rtentry$$00000004)
    __rt_entry_li                            0x000001fb   Thumb Code     0  __rtentry2.o(.ARM.Collect$$rtentry$$0000000A)
    __rt_entry_postsh_1                      0x000001fb   Thumb Code     0  __rtentry2.o(.ARM.Collect$$rtentry$$00000009)
    __rt_entry_main                          0x000001ff   Thumb Code     0  __rtentry2.o(.ARM.Collect$$rtentry$$0000000D)
    __rt_entry_postli_1                      0x000001ff   Thumb Code     0  __rtentry2.o(.ARM.Collect$$rtentry$$0000000C)
    __rt_exit                                0x00000207   Thumb Code     0  rtexit.o(.ARM.Collect$$rtexit$$00000000)
    __rt_exit_ls                             0x00000209   Thumb Code     0  rtexit2.o(.ARM.Collect$$rtexit$$00000003)
    __rt_exit_prels_1                        0x00000209   Thumb Code     0  rtexit2.o(.ARM.Collect$$rtexit$$00000002)
    __rt_exit_exit                           0x0000020d   Thumb Code     0  rtexit2.o(.ARM.Collect$$rtexit$$00000004)
    Reset_Handler                            0x00000215   Thumb Code     8  startup_lpc17xx.o(.text)
    NMI_Handler                              0x0000021d   Thumb Code     2  startup_lpc17xx.o(.text)
    HardFault_Handler                        0x0000021f   Thumb Code     2  startup_lpc17xx.o(.text)
    MemManage_Handler                        0x00000221   Thumb Code     2  startup_lpc17xx.o(.text)
    BusFault_Handler                         0x00000223   Thumb Code     2  startup_lpc17xx.o(.text)
    UsageFault_Handler                       0x00000225   Thumb Code     2  startup_lpc17xx.o(.text)
    SVC_Handler                              0x00000227   Thumb Code     2  startup_lpc17xx.o(.text)
    DebugMon_Handler                         0x00000229   Thumb Code     2  startup_lpc17xx.o(.text)
    PendSV_Handler                           0x0000022b   Thumb Code     2  startup_lpc17xx.o(.text)
    SysTick_Handler                          0x0000022d   Thumb Code     2  startup_lpc17xx.o(.text)
    ADC_IRQHandler                           0x0000022f   Thumb Code     0  startup_lpc17xx.o(.text)
    BOD_IRQHandler                           0x0000022f   Thumb Code     0  startup_lpc17xx.o(.text)
    CANActivity_IRQHandler                   0x0000022f   Thumb Code     0  startup_lpc17xx.o(.text)
    CAN_IRQHandler                           0x0000022f   Thumb Code     0  startup_lpc17xx.o(.text)
    DMA_IRQHandler                           0x0000022f   Thumb Code     0  startup_lpc17xx.o(.text)
    EINT0_IRQHandler                         0x0000022f   Thumb Code     0  startup_lpc17xx.o(.text)
    EINT1_IRQHandler                         0x0000022f   Thumb Code     0  startup_lpc17xx.o(.text)
    EINT2_IRQHandler                         0x0000022f   Thumb Code     0  startup_lpc17xx.o(.text)
    EINT3_IRQHandler                         0x0000022f   Thumb Code     0  startup_lpc17xx.o(.text)
    ENET_IRQHandler                          0x0000022f   Thumb Code     0  startup_lpc17xx.o(.text)
    I2C0_IRQHandler                          0x0000022f   Thumb Code     0  startup_lpc17xx.o(.text)
    I2C1_IRQHandler                          0x0000022f   Thumb Code     0  startup_lpc17xx.o(.text)
    I2C2_IRQHandler                          0x0000022f   Thumb Code     0  startup_lpc17xx.o(.text)
    I2S_IRQHandler                           0x0000022f   Thumb Code     0  startup_lpc17xx.o(.text)
    MCPWM_IRQHandler                         0x0000022f   Thumb Code     0  startup_lpc17xx.o(.text)
    PLL0_IRQHandler                          0x0000022f   Thumb Code     0  startup_lpc17xx.o(.text)
    PLL1_IRQHandler                          0x0000022f   Thumb Code     0  startup_lpc17xx.o(.text)
    PWM1_IRQHandler                          0x0000022f   Thumb Code     0  startup_lpc17xx.o(.text)
    QEI_IRQHandler                           0x0000022f   Thumb Code     0  startup_lpc17xx.o(.text)
    RIT_IRQHandler                           0x0000022f   Thumb Code     0  startup_lpc17xx.o(.text)
    RTC_IRQHandler                           0x0000022f   Thumb Code     0  startup_lpc17xx.o(.text)
    SPI_IRQHandler                           0x0000022f   Thumb Code     0  startup_lpc17xx.o(.text)
    SSP0_IRQHandler                          0x0000022f   Thumb Code     0  startup_lpc17xx.o(.text)
    SSP1_IRQHandler                          0x0000022f   Thumb Code     0  startup_lpc17xx.o(.text)
    TIMER0_IRQHandler                        0x0000022f   Thumb Code     0  startup_lpc17xx.o(.text)
    TIMER1_IRQHandler                        0x0000022f   Thumb Code     0  startup_lpc17xx.o(.text)
    TIMER2_IRQHandler                        0x0000022f   Thumb Code     0  startup_lpc17xx.o(.text)
    TIMER3_IRQHandler                        0x0000022f   Thumb Code     0  startup_lpc17xx.o(.text)
    UART1_IRQHandler                         0x0000022f   Thumb Code     0  startup_lpc17xx.o(.text)
    UART2_IRQHandler                         0x0000022f   Thumb Code     0  startup_lpc17xx.o(.text)
    UART3_IRQHandler                         0x0000022f   Thumb Code     0  startup_lpc17xx.o(.text)
    USBActivity_IRQHandler                   0x0000022f   Thumb Code     0  startup_lpc17xx.o(.text)
    USB_IRQHandler                           0x0000022f   Thumb Code     0  startup_lpc17xx.o(.text)
    WDT_IRQHandler                           0x0000022f   Thumb Code     0  startup_lpc17xx.o(.text)
    __user_initial_stackheap                 0x00000231   Thumb Code     0  startup_lpc17xx.o(.text)
    vsprintf                                 0x00000251   Thumb Code    32  vsprintf.o(.text)
    strlen                                   0x00000275   Thumb Code    62  strlen.o(.text)
    __use_two_region_memory                  0x000002b3   Thumb Code     2  heapauxi.o(.text)
    __rt_heap_escrow$2region                 0x000002b5   Thumb Code     2  heapauxi.o(.text)
    __rt_heap_expand$2region                 0x000002b7   Thumb Code     2  heapauxi.o(.text)
    _printf_truncate_signed                  0x000002b9   Thumb Code    18  _printf_truncate.o(.text)
    _printf_truncate_unsigned                0x000002cb   Thumb Code    18  _printf_truncate.o(.text)
    _sputc                                   0x000002dd   Thumb Code    10  _sputc.o(.text)
    __rt_ctype_table                         0x000002e9   Thumb Code    16  rt_ctype_table.o(.text)
    __I$use$semihosting                      0x000002f9   Thumb Code     0  use_no_semi.o(.text)
    __use_no_semihosting_swi                 0x000002f9   Thumb Code     2  use_no_semi.o(.text)
    __I$use$fp                               0x000002fa   Number         0  usenofp.o(x$fpl$usenofp)
    __semihosting_library_function           0x000002fb   Thumb Code     0  indicate_semi.o(.text)
    __aeabi_uldivmod                         0x00000301   Thumb Code     0  lludivv7m.o(.text)
    _ll_udiv                                 0x00000301   Thumb Code   238  lludivv7m.o(.text)
    _printf_pre_padding                      0x000003ef   Thumb Code    44  _printf_pad.o(.text)
    _printf_post_padding                     0x0000041b   Thumb Code    34  _printf_pad.o(.text)
    _printf_str                              0x0000043d   Thumb Code    82  _printf_str.o(.text)
    _printf_int_dec                          0x00000491   Thumb Code   104  _printf_dec.o(.text)
    _printf_charcount                        0x00000509   Thumb Code    40  _printf_charcount.o(.text)
    _printf_char_common                      0x0000053b   Thumb Code    32  _printf_char_common.o(.text)
    _printf_wctomb                           0x00000561   Thumb Code   182  _printf_wctomb.o(.text)
    _printf_longlong_dec                     0x0000061d   Thumb Code   108  _printf_longlong_dec.o(.text)
    _printf_longlong_oct                     0x00000699   Thumb Code    66  _printf_oct_int_ll.o(.text)
    _printf_int_oct                          0x000006db   Thumb Code    24  _printf_oct_int_ll.o(.text)
    _printf_ll_oct                           0x000006f3   Thumb Code    12  _printf_oct_int_ll.o(.text)
    _printf_longlong_hex                     0x00000709   Thumb Code    86  _printf_hex_int_ll_ptr.o(.text)
    _printf_int_hex                          0x0000075f   Thumb Code    28  _printf_hex_int_ll_ptr.o(.text)
    _printf_ll_hex                           0x0000077b   Thumb Code    12  _printf_hex_int_ll_ptr.o(.text)
    _printf_hex_ptr                          0x00000787   Thumb Code    18  _printf_hex_int_ll_ptr.o(.text)
    __printf                                 0x0000079d   Thumb Code   388  __printf_flags_ss_wp.o(.text)
    _ll_udiv10                               0x00000925   Thumb Code   138  lludiv10.o(.text)
    _printf_int_common                       0x000009af   Thumb Code   178  _printf_intcommon.o(.text)
    __lib_sel_fp_printf                      0x00000a61   Thumb Code     2  _printf_fp_dec.o(.text)
    _printf_fp_dec_real                      0x00000c13   Thumb Code   620  _printf_fp_dec.o(.text)
    _printf_fp_hex_real                      0x00000e81   Thumb Code   756  _printf_fp_hex.o(.text)
    _printf_cs_common                        0x0000117d   Thumb Code    20  _printf_char.o(.text)
    _printf_char                             0x00001191   Thumb Code    16  _printf_char.o(.text)
    _printf_string                           0x000011a1   Thumb Code     8  _printf_char.o(.text)
    _printf_lcs_common                       0x000011a9   Thumb Code    20  _printf_wchar.o(.text)
    _printf_wchar                            0x000011bd   Thumb Code    16  _printf_wchar.o(.text)
    _printf_wstring                          0x000011cd   Thumb Code     8  _printf_wchar.o(.text)
    _wcrtomb                                 0x000011d5   Thumb Code    64  _wcrtomb.o(.text)
    __user_setup_stackheap                   0x00001215   Thumb Code    74  sys_stackheap_outer.o(.text)
    __rt_locale                              0x00001261   Thumb Code     8  rt_locale_intlibspace.o(.text)
    _printf_fp_infnan                        0x00001269   Thumb Code   112  _printf_fp_infnan.o(.text)
    _btod_etento                             0x000012e9   Thumb Code   224  bigflt0.o(.text)
    exit                                     0x000013cd   Thumb Code    18  exit.o(.text)
    __user_libspace                          0x000013e1   Thumb Code     8  libspace.o(.text)
    __user_perproc_libspace                  0x000013e1   Thumb Code     0  libspace.o(.text)
    __user_perthread_libspace                0x000013e1   Thumb Code     0  libspace.o(.text)
    strcmp                                   0x000013e9   Thumb Code   128  strcmpv7m.o(.text)
    _sys_exit                                0x00001469   Thumb Code     8  sys_exit.o(.text)
    _btod_d2e                                0x00001475   Thumb Code    62  btod.o(CL$$btod_d2e)
    _d2e_denorm_low                          0x000014b3   Thumb Code    70  btod.o(CL$$btod_d2e_denorm_low)
    _d2e_norm_op1                            0x000014f9   Thumb Code    96  btod.o(CL$$btod_d2e_norm_op1)
    __btod_div_common                        0x00001559   Thumb Code   696  btod.o(CL$$btod_div_common)
    _e2e                                     0x00001891   Thumb Code   220  btod.o(CL$$btod_e2e)
    _btod_ediv                               0x0000196d   Thumb Code    42  btod.o(CL$$btod_ediv)
    _btod_emul                               0x00001997   Thumb Code    42  btod.o(CL$$btod_emul)
    __btod_mult_common                       0x000019c1   Thumb Code   580  btod.o(CL$$btod_mult_common)
    AF_ConfigPin                             0x00001c05   Thumb Code    30  lpc17xx_pinsel.o(i.AF_ConfigPin)
    CLKPWR_ConfigPPWR                        0x00001c25   Thumb Code    46  lpc17xx_clkpwr.o(i.CLKPWR_ConfigPPWR)
    CLKPWR_GetPCLK                           0x00001c5d   Thumb Code    58  lpc17xx_clkpwr.o(i.CLKPWR_GetPCLK)
    CLKPWR_GetPCLKSEL                        0x00001c9d   Thumb Code    34  lpc17xx_clkpwr.o(i.CLKPWR_GetPCLKSEL)
    Delay                                    0x00001cc5   Thumb Code    12  lpc1768_utility.o(i.Delay)
    GPIO_ClearValue                          0x00001cd1   Thumb Code    20  lpc17xx_gpio.o(i.GPIO_ClearValue)
    GPIO_SetDir                              0x00001d1d   Thumb Code    40  lpc17xx_gpio.o(i.GPIO_SetDir)
    GPIO_SetValue                            0x00001d45   Thumb Code    20  lpc17xx_gpio.o(i.GPIO_SetValue)
    Led_All_Off                              0x00001d59   Thumb Code    74  lpc1768_utility.o(i.Led_All_Off)
    Led_All_On                               0x00001da3   Thumb Code    74  lpc1768_utility.o(i.Led_All_On)
    Led_Init                                 0x00001ded   Thumb Code   234  lpc1768_utility.o(i.Led_Init)
    Led_Off                                  0x00001ed7   Thumb Code   112  lpc1768_utility.o(i.Led_Off)
    Led_On                                   0x00001f47   Thumb Code   132  lpc1768_utility.o(i.Led_On)
    Led_on_off_alt                           0x00001fcd   Thumb Code   112  uart_protocol.o(i.Led_on_off_alt)
    Led_shift                                0x00002045   Thumb Code   136  uart_protocol.o(i.Led_shift)
    PINSEL_ConfigPin                         0x000020d9   Thumb Code    36  lpc17xx_pinsel.o(i.PINSEL_ConfigPin)
    Printf                                   0x000020fd   Thumb Code    80  uart_protocol.o(i.Printf)
    SystemInit                               0x00002151   Thumb Code   302  system_lpc17xx.o(i.SystemInit)
    UART0_IRQHandler                         0x00002291   Thumb Code    92  uart_protocol.o(i.UART0_IRQHandler)
    UARTPutChar                              0x00002309   Thumb Code    18  debug_frmwrk.o(i.UARTPutChar)
    UART_ConfigStructInit                    0x0000231b   Thumb Code    18  lpc17xx_uart.o(i.UART_ConfigStructInit)
    UART_Init                                0x0000232d   Thumb Code   490  lpc17xx_uart.o(i.UART_Init)
    UART_IntConfig                           0x00002565   Thumb Code   252  lpc17xx_uart.o(i.UART_IntConfig)
    UART_ReceiveByte                         0x000026ad   Thumb Code    54  lpc17xx_uart.o(i.UART_ReceiveByte)
    UART_Send                                0x00002731   Thumb Code   152  lpc17xx_uart.o(i.UART_Send)
    UART_SendByte                            0x000027c9   Thumb Code    56  lpc17xx_uart.o(i.UART_SendByte)
    UART_TxCmd                               0x0000284d   Thumb Code   128  lpc17xx_uart.o(i.UART_TxCmd)
    Uart0_Init                               0x00002919   Thumb Code    68  lpc17xx_uart.o(i.Uart0_Init)
    __ARM_fpclassify                         0x00002961   Thumb Code    40  fpclassify.o(i.__ARM_fpclassify)
    _is_digit                                0x00002989   Thumb Code    14  __printf_wp.o(i._is_digit)
    check_failed                             0x00002997   Thumb Code     4  lpc17xx_libcfg_default.o(i.check_failed)
    hex_command                              0x0000299d   Thumb Code    60  uart_protocol.o(i.hex_command)
    main                                     0x000029f1   Thumb Code    68  uart_protocol.o(i.main)
    _get_lc_numeric                          0x00002cd1   Thumb Code    44  lc_numeric_c.o(locale$$code)
    _get_lc_ctype                            0x00002cfd   Thumb Code    44  lc_ctype_c.o(locale$$code)
    _printf_fp_dec                           0x00002d29   Thumb Code     4  printf1.o(x$fpl$printf1)
    _printf_fp_hex                           0x00002d2d   Thumb Code     4  printf2.o(x$fpl$printf2)
    Region$$Table$$Base                      0x00002e2c   Number         0  anon$$obj.o(Region$$Table)
    Region$$Table$$Limit                     0x00002e4c   Number         0  anon$$obj.o(Region$$Table)
    __ctype                                  0x00002e75   Data           0  lc_ctype_c.o(locale$$data)
    decode                                   0x10000000   Data           4  uart_protocol.o(.data)
    sint_flag                                0x10000004   Data           4  uart_protocol.o(.data)
    _command                                 0x10000008   Data           1  uart_protocol.o(.data)
    i                                        0x1000000c   Data           4  uart_protocol.o(.data)
    j                                        0x10000010   Data           4  uart_protocol.o(.data)
    SystemCoreClock                          0x10000014   Data           4  system_lpc17xx.o(.data)
    __libspace_start                         0x10000018   Data          96  libspace.o(.bss)
    __temporary_stack_top$libspace           0x10000078   Data           0  libspace.o(.bss)



==============================================================================

Memory Map of the image

  Image Entry point : 0x00000215

  Load Region LR_1 (Base: 0x00000000, Size: 0x00002f90, Max: 0xffffffff, ABSOLUTE)

    Execution Region ER_RO (Exec base: 0x00000000, Load base: 0x00000000, Size: 0x00002f78, Max: 0xffffffff, ABSOLUTE)

    Exec Addr    Load Addr    Size         Type   Attr      Idx    E Section Name        Object

    0x00000000   0x00000000   0x000000cc   Data   RO          809    RESET               startup_lpc17xx.o
    0x000000cc   0x000000cc   0x00000008   Code   RO          859  * !!!main             c_w.l(__main.o)
    0x000000d4   0x000000d4   0x00000034   Code   RO         1190    !!!scatter          c_w.l(__scatter.o)
    0x00000108   0x00000108   0x0000001a   Code   RO         1192    !!handler_copy      c_w.l(__scatter_copy.o)
    0x00000122   0x00000122   0x00000002   PAD
    0x00000124   0x00000124   0x0000001c   Code   RO         1194    !!handler_zi        c_w.l(__scatter_zi.o)
    0x00000140   0x00000140   0x00000000   Code   RO          947    .ARM.Collect$$_printf_percent$$00000000  c_w.l(_printf_percent.o)
    0x00000140   0x00000140   0x00000006   Code   RO          936    .ARM.Collect$$_printf_percent$$00000001  c_w.l(_printf_n.o)
    0x00000146   0x00000146   0x00000006   Code   RO          938    .ARM.Collect$$_printf_percent$$00000002  c_w.l(_printf_p.o)
    0x0000014c   0x0000014c   0x00000006   Code   RO          943    .ARM.Collect$$_printf_percent$$00000003  c_w.l(_printf_f.o)
    0x00000152   0x00000152   0x00000006   Code   RO          944    .ARM.Collect$$_printf_percent$$00000004  c_w.l(_printf_e.o)
    0x00000158   0x00000158   0x00000006   Code   RO          945    .ARM.Collect$$_printf_percent$$00000005  c_w.l(_printf_g.o)
    0x0000015e   0x0000015e   0x00000006   Code   RO          946    .ARM.Collect$$_printf_percent$$00000006  c_w.l(_printf_a.o)
    0x00000164   0x00000164   0x0000000a   Code   RO          951    .ARM.Collect$$_printf_percent$$00000007  c_w.l(_printf_ll.o)
    0x0000016e   0x0000016e   0x00000006   Code   RO          940    .ARM.Collect$$_printf_percent$$00000008  c_w.l(_printf_i.o)
    0x00000174   0x00000174   0x00000006   Code   RO          941    .ARM.Collect$$_printf_percent$$00000009  c_w.l(_printf_d.o)
    0x0000017a   0x0000017a   0x00000006   Code   RO          942    .ARM.Collect$$_printf_percent$$0000000A  c_w.l(_printf_u.o)
    0x00000180   0x00000180   0x00000006   Code   RO          939    .ARM.Collect$$_printf_percent$$0000000B  c_w.l(_printf_o.o)
    0x00000186   0x00000186   0x00000006   Code   RO          937    .ARM.Collect$$_printf_percent$$0000000C  c_w.l(_printf_x.o)
    0x0000018c   0x0000018c   0x00000006   Code   RO          948    .ARM.Collect$$_printf_percent$$0000000D  c_w.l(_printf_lli.o)
    0x00000192   0x00000192   0x00000006   Code   RO          949    .ARM.Collect$$_printf_percent$$0000000E  c_w.l(_printf_lld.o)
    0x00000198   0x00000198   0x00000006   Code   RO          950    .ARM.Collect$$_printf_percent$$0000000F  c_w.l(_printf_llu.o)
    0x0000019e   0x0000019e   0x00000006   Code   RO          955    .ARM.Collect$$_printf_percent$$00000010  c_w.l(_printf_llo.o)
    0x000001a4   0x000001a4   0x00000006   Code   RO          956    .ARM.Collect$$_printf_percent$$00000011  c_w.l(_printf_llx.o)
    0x000001aa   0x000001aa   0x0000000a   Code   RO          952    .ARM.Collect$$_printf_percent$$00000012  c_w.l(_printf_l.o)
    0x000001b4   0x000001b4   0x00000006   Code   RO          934    .ARM.Collect$$_printf_percent$$00000013  c_w.l(_printf_c.o)
    0x000001ba   0x000001ba   0x00000006   Code   RO          935    .ARM.Collect$$_printf_percent$$00000014  c_w.l(_printf_s.o)
    0x000001c0   0x000001c0   0x00000006   Code   RO          953    .ARM.Collect$$_printf_percent$$00000015  c_w.l(_printf_lc.o)
    0x000001c6   0x000001c6   0x00000006   Code   RO          954    .ARM.Collect$$_printf_percent$$00000016  c_w.l(_printf_ls.o)
    0x000001cc   0x000001cc   0x00000004   Code   RO          997    .ARM.Collect$$_printf_percent$$00000017  c_w.l(_printf_percent_end.o)
    0x000001d0   0x000001d0   0x00000002   Code   RO         1050    .ARM.Collect$$libinit$$00000000  c_w.l(libinit.o)
    0x000001d2   0x000001d2   0x00000000   Code   RO         1073    .ARM.Collect$$libinit$$00000002  c_w.l(libinit2.o)
    0x000001d2   0x000001d2   0x00000000   Code   RO         1075    .ARM.Collect$$libinit$$00000004  c_w.l(libinit2.o)
    0x000001d2   0x000001d2   0x00000000   Code   RO         1078    .ARM.Collect$$libinit$$0000000A  c_w.l(libinit2.o)
    0x000001d2   0x000001d2   0x00000000   Code   RO         1080    .ARM.Collect$$libinit$$0000000C  c_w.l(libinit2.o)
    0x000001d2   0x000001d2   0x00000000   Code   RO         1082    .ARM.Collect$$libinit$$0000000E  c_w.l(libinit2.o)
    0x000001d2   0x000001d2   0x00000006   Code   RO         1083    .ARM.Collect$$libinit$$0000000F  c_w.l(libinit2.o)
    0x000001d8   0x000001d8   0x00000000   Code   RO         1085    .ARM.Collect$$libinit$$00000011  c_w.l(libinit2.o)
    0x000001d8   0x000001d8   0x0000000c   Code   RO         1086    .ARM.Collect$$libinit$$00000012  c_w.l(libinit2.o)
    0x000001e4   0x000001e4   0x00000000   Code   RO         1087    .ARM.Collect$$libinit$$00000013  c_w.l(libinit2.o)
    0x000001e4   0x000001e4   0x00000000   Code   RO         1089    .ARM.Collect$$libinit$$00000015  c_w.l(libinit2.o)
    0x000001e4   0x000001e4   0x0000000a   Code   RO         1090    .ARM.Collect$$libinit$$00000016  c_w.l(libinit2.o)
    0x000001ee   0x000001ee   0x00000000   Code   RO         1091    .ARM.Collect$$libinit$$00000017  c_w.l(libinit2.o)
    0x000001ee   0x000001ee   0x00000000   Code   RO         1093    .ARM.Collect$$libinit$$00000019  c_w.l(libinit2.o)
    0x000001ee   0x000001ee   0x00000000   Code   RO         1095    .ARM.Collect$$libinit$$0000001B  c_w.l(libinit2.o)
    0x000001ee   0x000001ee   0x00000000   Code   RO         1097    .ARM.Collect$$libinit$$0000001D  c_w.l(libinit2.o)
    0x000001ee   0x000001ee   0x00000000   Code   RO         1099    .ARM.Collect$$libinit$$0000001F  c_w.l(libinit2.o)
    0x000001ee   0x000001ee   0x00000000   Code   RO         1101    .ARM.Collect$$libinit$$00000021  c_w.l(libinit2.o)
    0x000001ee   0x000001ee   0x00000000   Code   RO         1103    .ARM.Collect$$libinit$$00000023  c_w.l(libinit2.o)
    0x000001ee   0x000001ee   0x00000000   Code   RO         1105    .ARM.Collect$$libinit$$00000025  c_w.l(libinit2.o)
    0x000001ee   0x000001ee   0x00000000   Code   RO         1109    .ARM.Collect$$libinit$$0000002C  c_w.l(libinit2.o)
    0x000001ee   0x000001ee   0x00000000   Code   RO         1111    .ARM.Collect$$libinit$$0000002E  c_w.l(libinit2.o)
    0x000001ee   0x000001ee   0x00000000   Code   RO         1113    .ARM.Collect$$libinit$$00000030  c_w.l(libinit2.o)
    0x000001ee   0x000001ee   0x00000000   Code   RO         1115    .ARM.Collect$$libinit$$00000032  c_w.l(libinit2.o)
    0x000001ee   0x000001ee   0x00000002   Code   RO         1116    .ARM.Collect$$libinit$$00000033  c_w.l(libinit2.o)
    0x000001f0   0x000001f0   0x00000002   Code   RO         1147    .ARM.Collect$$libshutdown$$00000000  c_w.l(libshutdown.o)
    0x000001f2   0x000001f2   0x00000000   Code   RO         1173    .ARM.Collect$$libshutdown$$00000002  c_w.l(libshutdown2.o)
    0x000001f2   0x000001f2   0x00000000   Code   RO         1175    .ARM.Collect$$libshutdown$$00000004  c_w.l(libshutdown2.o)
    0x000001f2   0x000001f2   0x00000000   Code   RO         1178    .ARM.Collect$$libshutdown$$00000007  c_w.l(libshutdown2.o)
    0x000001f2   0x000001f2   0x00000000   Code   RO         1181    .ARM.Collect$$libshutdown$$0000000A  c_w.l(libshutdown2.o)
    0x000001f2   0x000001f2   0x00000000   Code   RO         1183    .ARM.Collect$$libshutdown$$0000000C  c_w.l(libshutdown2.o)
    0x000001f2   0x000001f2   0x00000000   Code   RO         1186    .ARM.Collect$$libshutdown$$0000000F  c_w.l(libshutdown2.o)
    0x000001f2   0x000001f2   0x00000002   Code   RO         1187    .ARM.Collect$$libshutdown$$00000010  c_w.l(libshutdown2.o)
    0x000001f4   0x000001f4   0x00000000   Code   RO          861    .ARM.Collect$$rtentry$$00000000  c_w.l(__rtentry.o)
    0x000001f4   0x000001f4   0x00000000   Code   RO          966    .ARM.Collect$$rtentry$$00000002  c_w.l(__rtentry2.o)
    0x000001f4   0x000001f4   0x00000006   Code   RO          978    .ARM.Collect$$rtentry$$00000004  c_w.l(__rtentry4.o)
    0x000001fa   0x000001fa   0x00000000   Code   RO          968    .ARM.Collect$$rtentry$$00000009  c_w.l(__rtentry2.o)
    0x000001fa   0x000001fa   0x00000004   Code   RO          969    .ARM.Collect$$rtentry$$0000000A  c_w.l(__rtentry2.o)
    0x000001fe   0x000001fe   0x00000000   Code   RO          971    .ARM.Collect$$rtentry$$0000000C  c_w.l(__rtentry2.o)
    0x000001fe   0x000001fe   0x00000008   Code   RO          972    .ARM.Collect$$rtentry$$0000000D  c_w.l(__rtentry2.o)
    0x00000206   0x00000206   0x00000002   Code   RO         1059    .ARM.Collect$$rtexit$$00000000  c_w.l(rtexit.o)
    0x00000208   0x00000208   0x00000000   Code   RO         1120    .ARM.Collect$$rtexit$$00000002  c_w.l(rtexit2.o)
    0x00000208   0x00000208   0x00000004   Code   RO         1121    .ARM.Collect$$rtexit$$00000003  c_w.l(rtexit2.o)
    0x0000020c   0x0000020c   0x00000006   Code   RO         1122    .ARM.Collect$$rtexit$$00000004  c_w.l(rtexit2.o)
    0x00000212   0x00000212   0x00000002   PAD
    0x00000214   0x00000214   0x0000003c   Code   RO          811  * .text               startup_lpc17xx.o
    0x00000250   0x00000250   0x00000024   Code   RO          853    .text               c_w.l(vsprintf.o)
    0x00000274   0x00000274   0x0000003e   Code   RO          855    .text               c_w.l(strlen.o)
    0x000002b2   0x000002b2   0x00000006   Code   RO          857    .text               c_w.l(heapauxi.o)
    0x000002b8   0x000002b8   0x00000024   Code   RO          870    .text               c_w.l(_printf_truncate.o)
    0x000002dc   0x000002dc   0x0000000a   Code   RO          880    .text               c_w.l(_sputc.o)
    0x000002e6   0x000002e6   0x00000002   PAD
    0x000002e8   0x000002e8   0x00000010   Code   RO         1002    .text               c_w.l(rt_ctype_table.o)
    0x000002f8   0x000002f8   0x00000002   Code   RO         1136    .text               c_w.l(use_no_semi.o)
    0x000002fa   0x000002fa   0x00000000   Code   RO         1138    .text               c_w.l(indicate_semi.o)
    0x000002fa   0x000002fa   0x00000000   Code   RO         1053    x$fpl$usenofp       fz_ws.l(usenofp.o)
    0x000002fa   0x000002fa   0x00000002   PAD
    0x000002fc   0x000002fc   0x00000004   Code   RO          810    .ARM.__at_0x02FC    startup_lpc17xx.o
    0x00000300   0x00000300   0x000000ee   Code   RO          851    .text               c_w.l(lludivv7m.o)
    0x000003ee   0x000003ee   0x0000004e   Code   RO          868    .text               c_w.l(_printf_pad.o)
    0x0000043c   0x0000043c   0x00000052   Code   RO          872    .text               c_w.l(_printf_str.o)
    0x0000048e   0x0000048e   0x00000002   PAD
    0x00000490   0x00000490   0x00000078   Code   RO          874    .text               c_w.l(_printf_dec.o)
    0x00000508   0x00000508   0x00000028   Code   RO          876    .text               c_w.l(_printf_charcount.o)
    0x00000530   0x00000530   0x00000030   Code   RO          878    .text               c_w.l(_printf_char_common.o)
    0x00000560   0x00000560   0x000000bc   Code   RO          882    .text               c_w.l(_printf_wctomb.o)
    0x0000061c   0x0000061c   0x0000007c   Code   RO          885    .text               c_w.l(_printf_longlong_dec.o)
    0x00000698   0x00000698   0x00000070   Code   RO          891    .text               c_w.l(_printf_oct_int_ll.o)
    0x00000708   0x00000708   0x00000094   Code   RO          911    .text               c_w.l(_printf_hex_int_ll_ptr.o)
    0x0000079c   0x0000079c   0x00000188   Code   RO          931    .text               c_w.l(__printf_flags_ss_wp.o)
    0x00000924   0x00000924   0x0000008a   Code   RO          982    .text               c_w.l(lludiv10.o)
    0x000009ae   0x000009ae   0x000000b2   Code   RO          984    .text               c_w.l(_printf_intcommon.o)
    0x00000a60   0x00000a60   0x0000041e   Code   RO          986    .text               c_w.l(_printf_fp_dec.o)
    0x00000e7e   0x00000e7e   0x00000002   PAD
    0x00000e80   0x00000e80   0x000002fc   Code   RO          988    .text               c_w.l(_printf_fp_hex.o)
    0x0000117c   0x0000117c   0x0000002c   Code   RO          993    .text               c_w.l(_printf_char.o)
    0x000011a8   0x000011a8   0x0000002c   Code   RO          995    .text               c_w.l(_printf_wchar.o)
    0x000011d4   0x000011d4   0x00000040   Code   RO          998    .text               c_w.l(_wcrtomb.o)
    0x00001214   0x00001214   0x0000004a   Code   RO         1000    .text               c_w.l(sys_stackheap_outer.o)
    0x0000125e   0x0000125e   0x00000002   PAD
    0x00001260   0x00001260   0x00000008   Code   RO         1007    .text               c_w.l(rt_locale_intlibspace.o)
    0x00001268   0x00001268   0x00000080   Code   RO         1009    .text               c_w.l(_printf_fp_infnan.o)
    0x000012e8   0x000012e8   0x000000e4   Code   RO         1011    .text               c_w.l(bigflt0.o)
    0x000013cc   0x000013cc   0x00000012   Code   RO         1039    .text               c_w.l(exit.o)
    0x000013de   0x000013de   0x00000002   PAD
    0x000013e0   0x000013e0   0x00000008   Code   RO         1056    .text               c_w.l(libspace.o)
    0x000013e8   0x000013e8   0x00000080   Code   RO         1070    .text               c_w.l(strcmpv7m.o)
    0x00001468   0x00001468   0x0000000c   Code   RO         1117    .text               c_w.l(sys_exit.o)
    0x00001474   0x00001474   0x0000003e   Code   RO         1014    CL$$btod_d2e        c_w.l(btod.o)
    0x000014b2   0x000014b2   0x00000046   Code   RO         1016    CL$$btod_d2e_denorm_low  c_w.l(btod.o)
    0x000014f8   0x000014f8   0x00000060   Code   RO         1015    CL$$btod_d2e_norm_op1  c_w.l(btod.o)
    0x00001558   0x00001558   0x00000338   Code   RO         1024    CL$$btod_div_common  c_w.l(btod.o)
    0x00001890   0x00001890   0x000000dc   Code   RO         1021    CL$$btod_e2e        c_w.l(btod.o)
    0x0000196c   0x0000196c   0x0000002a   Code   RO         1018    CL$$btod_ediv       c_w.l(btod.o)
    0x00001996   0x00001996   0x0000002a   Code   RO         1017    CL$$btod_emul       c_w.l(btod.o)
    0x000019c0   0x000019c0   0x00000244   Code   RO         1023    CL$$btod_mult_common  c_w.l(btod.o)
    0x00001c04   0x00001c04   0x0000001e   Code   RO          323    i.AF_ConfigPin      lpc17xx_pinsel.o
    0x00001c22   0x00001c22   0x00000002   PAD
    0x00001c24   0x00001c24   0x00000038   Code   RO          673    i.CLKPWR_ConfigPPWR  lpc17xx_clkpwr.o
    0x00001c5c   0x00001c5c   0x00000040   Code   RO          676    i.CLKPWR_GetPCLK    lpc17xx_clkpwr.o
    0x00001c9c   0x00001c9c   0x00000028   Code   RO          677    i.CLKPWR_GetPCLKSEL  lpc17xx_clkpwr.o
    0x00001cc4   0x00001cc4   0x0000000c   Code   RO          249    i.Delay             lpc1768_utility.o
    0x00001cd0   0x00001cd0   0x00000014   Code   RO           24    i.GPIO_ClearValue   lpc17xx_gpio.o
    0x00001ce4   0x00001ce4   0x00000038   Code   RO           26    i.GPIO_GetPointer   lpc17xx_gpio.o
    0x00001d1c   0x00001d1c   0x00000028   Code   RO           29    i.GPIO_SetDir       lpc17xx_gpio.o
    0x00001d44   0x00001d44   0x00000014   Code   RO           30    i.GPIO_SetValue     lpc17xx_gpio.o
    0x00001d58   0x00001d58   0x0000004a   Code   RO          250    i.Led_All_Off       lpc1768_utility.o
    0x00001da2   0x00001da2   0x0000004a   Code   RO          251    i.Led_All_On        lpc1768_utility.o
    0x00001dec   0x00001dec   0x000000ea   Code   RO          252    i.Led_Init          lpc1768_utility.o
    0x00001ed6   0x00001ed6   0x00000070   Code   RO          253    i.Led_Off           lpc1768_utility.o
    0x00001f46   0x00001f46   0x00000084   Code   RO          254    i.Led_On            lpc1768_utility.o
    0x00001fca   0x00001fca   0x00000002   PAD
    0x00001fcc   0x00001fcc   0x00000078   Code   RO          735    i.Led_on_off_alt    uart_protocol.o
    0x00002044   0x00002044   0x00000094   Code   RO          736    i.Led_shift         uart_protocol.o
    0x000020d8   0x000020d8   0x00000024   Code   RO          324    i.PINSEL_ConfigPin  lpc17xx_pinsel.o
    0x000020fc   0x000020fc   0x00000054   Code   RO          737    i.Printf            uart_protocol.o
    0x00002150   0x00002150   0x00000140   Code   RO          820    i.SystemInit        system_lpc17xx.o
    0x00002290   0x00002290   0x00000078   Code   RO          738    i.UART0_IRQHandler  uart_protocol.o
    0x00002308   0x00002308   0x00000012   Code   RO          585    i.UARTPutChar       debug_frmwrk.o
    0x0000231a   0x0000231a   0x00000012   Code   RO          379    i.UART_ConfigStructInit  lpc17xx_uart.o
    0x0000232c   0x0000232c   0x00000238   Code   RO          389    i.UART_Init         lpc17xx_uart.o
    0x00002564   0x00002564   0x00000148   Code   RO          390    i.UART_IntConfig    lpc17xx_uart.o
    0x000026ac   0x000026ac   0x00000084   Code   RO          400    i.UART_ReceiveByte  lpc17xx_uart.o
    0x00002730   0x00002730   0x00000098   Code   RO          401    i.UART_Send         lpc17xx_uart.o
    0x000027c8   0x000027c8   0x00000084   Code   RO          402    i.UART_SendByte     lpc17xx_uart.o
    0x0000284c   0x0000284c   0x000000cc   Code   RO          403    i.UART_TxCmd        lpc17xx_uart.o
    0x00002918   0x00002918   0x00000048   Code   RO          404    i.Uart0_Init        lpc17xx_uart.o
    0x00002960   0x00002960   0x00000028   Code   RO         1054    i.__ARM_fpclassify  m_ws.l(fpclassify.o)
    0x00002988   0x00002988   0x0000000e   Code   RO          924    i._is_digit         c_w.l(__printf_wp.o)
    0x00002996   0x00002996   0x00000004   Code   RO          570    i.check_failed      lpc17xx_libcfg_default.o
    0x0000299a   0x0000299a   0x00000002   PAD
    0x0000299c   0x0000299c   0x00000054   Code   RO          739    i.hex_command       uart_protocol.o
    0x000029f0   0x000029f0   0x00000050   Code   RO          740    i.main              uart_protocol.o
    0x00002a40   0x00002a40   0x00000030   Code   RO          327    i.set_OpenDrainMode  lpc17xx_pinsel.o
    0x00002a70   0x00002a70   0x00000040   Code   RO          328    i.set_PinFunc       lpc17xx_pinsel.o
    0x00002ab0   0x00002ab0   0x00000040   Code   RO          329    i.set_ResistorMode  lpc17xx_pinsel.o
    0x00002af0   0x00002af0   0x000001e0   Code   RO          405    i.uart_set_divisors  lpc17xx_uart.o
    0x00002cd0   0x00002cd0   0x0000002c   Code   RO         1037    locale$$code        c_w.l(lc_numeric_c.o)
    0x00002cfc   0x00002cfc   0x0000002c   Code   RO         1064    locale$$code        c_w.l(lc_ctype_c.o)
    0x00002d28   0x00002d28   0x00000004   Code   RO          957    x$fpl$printf1       fz_ws.l(printf1.o)
    0x00002d2c   0x00002d2c   0x00000004   Code   RO          959    x$fpl$printf2       fz_ws.l(printf2.o)
    0x00002d30   0x00002d30   0x00000008   Data   RO          883    .constdata          c_w.l(_printf_wctomb.o)
    0x00002d38   0x00002d38   0x00000028   Data   RO          912    .constdata          c_w.l(_printf_hex_int_ll_ptr.o)
    0x00002d60   0x00002d60   0x00000011   Data   RO          932    .constdata          c_w.l(__printf_flags_ss_wp.o)
    0x00002d71   0x00002d71   0x00000026   Data   RO          989    .constdata          c_w.l(_printf_fp_hex.o)
    0x00002d97   0x00002d97   0x00000001   PAD
    0x00002d98   0x00002d98   0x00000094   Data   RO         1012    .constdata          c_w.l(bigflt0.o)
    0x00002e2c   0x00002e2c   0x00000020   Data   RO         1188    Region$$Table       anon$$obj.o
    0x00002e4c   0x00002e4c   0x0000001c   Data   RO         1036    locale$$data        c_w.l(lc_numeric_c.o)
    0x00002e68   0x00002e68   0x00000110   Data   RO         1063    locale$$data        c_w.l(lc_ctype_c.o)


    Execution Region ER_RW (Exec base: 0x10000000, Load base: 0x00002f78, Size: 0x00000018, Max: 0xffffffff, ABSOLUTE)

    Exec Addr    Load Addr    Size         Type   Attr      Idx    E Section Name        Object

    0x10000000   0x00002f78   0x00000014   Data   RW          741    .data               uart_protocol.o
    0x10000014   0x00002f8c   0x00000004   Data   RW          821    .data               system_lpc17xx.o


    Execution Region ER_ZI (Exec base: 0x10000018, Load base: 0x00002f90, Size: 0x00000260, Max: 0xffffffff, ABSOLUTE)

    Exec Addr    Load Addr    Size         Type   Attr      Idx    E Section Name        Object

    0x10000018        -       0x00000060   Zero   RW         1057    .bss                c_w.l(libspace.o)
    0x10000078        -       0x00000000   Zero   RW          808    HEAP                startup_lpc17xx.o
    0x10000078        -       0x00000200   Zero   RW          807    STACK               startup_lpc17xx.o


==============================================================================

Image component sizes


      Code (inc. data)   RO Data    RW Data    ZI Data      Debug   Object Name

        18          0          0          0          0       1190   debug_frmwrk.o
       638         30          0          0          0      14325   lpc1768_utility.o
       160         22          0          0          0       1857   lpc17xx_clkpwr.o
       136         10          0          0          0      27440   lpc17xx_gpio.o
         4          0          0          0          0        923   lpc17xx_libcfg_default.o
       242         14          0          0          0       3722   lpc17xx_pinsel.o
      2086        412          0          0          0       7826   lpc17xx_uart.o
        64         26        204          0        512       1004   startup_lpc17xx.o
       320         18          0          4          0        811   system_lpc17xx.o
       636         88          0         20          0      27873   uart_protocol.o

    ----------------------------------------------------------------------
      4310        620        236         24        512      86971   Object Totals
         0          0         32          0          0          0   (incl. Generated)
         6          0          0          0          0          0   (incl. Padding)

    ----------------------------------------------------------------------

      Code (inc. data)   RO Data    RW Data    ZI Data      Debug   Library Member Name

         8          0          0          0          0         68   __main.o
       392          4         17          0          0         92   __printf_flags_ss_wp.o
        14          0          0          0          0         68   __printf_wp.o
         0          0          0          0          0          0   __rtentry.o
        12          0          0          0          0          0   __rtentry2.o
         6          0          0          0          0          0   __rtentry4.o
        52          8          0          0          0          0   __scatter.o
        26          0          0          0          0          0   __scatter_copy.o
        28          0          0          0          0          0   __scatter_zi.o
         6          0          0          0          0          0   _printf_a.o
         6          0          0          0          0          0   _printf_c.o
        44          0          0          0          0        108   _printf_char.o
        48          6          0          0          0         96   _printf_char_common.o
        40          0          0          0          0         68   _printf_charcount.o
         6          0          0          0          0          0   _printf_d.o
       120         16          0          0          0         92   _printf_dec.o
         6          0          0          0          0          0   _printf_e.o
         6          0          0          0          0          0   _printf_f.o
      1054          0          0          0          0        216   _printf_fp_dec.o
       764          8         38          0          0        100   _printf_fp_hex.o
       128         16          0          0          0         84   _printf_fp_infnan.o
         6          0          0          0          0          0   _printf_g.o
       148          4         40          0          0        160   _printf_hex_int_ll_ptr.o
         6          0          0          0          0          0   _printf_i.o
       178          0          0          0          0         88   _printf_intcommon.o
        10          0          0          0          0          0   _printf_l.o
         6          0          0          0          0          0   _printf_lc.o
        10          0          0          0          0          0   _printf_ll.o
         6          0          0          0          0          0   _printf_lld.o
         6          0          0          0          0          0   _printf_lli.o
         6          0          0          0          0          0   _printf_llo.o
         6          0          0          0          0          0   _printf_llu.o
         6          0          0          0          0          0   _printf_llx.o
       124         16          0          0          0         92   _printf_longlong_dec.o
         6          0          0          0          0          0   _printf_ls.o
         6          0          0          0          0          0   _printf_n.o
         6          0          0          0          0          0   _printf_o.o
       112         10          0          0          0        124   _printf_oct_int_ll.o
         6          0          0          0          0          0   _printf_p.o
        78          0          0          0          0        108   _printf_pad.o
         0          0          0          0          0          0   _printf_percent.o
         4          0          0          0          0          0   _printf_percent_end.o
         6          0          0          0          0          0   _printf_s.o
        82          0          0          0          0         80   _printf_str.o
        36          0          0          0          0         84   _printf_truncate.o
         6          0          0          0          0          0   _printf_u.o
        44          0          0          0          0        108   _printf_wchar.o
       188          6          8          0          0         92   _printf_wctomb.o
         6          0          0          0          0          0   _printf_x.o
        10          0          0          0          0         68   _sputc.o
        64          0          0          0          0         92   _wcrtomb.o
       228          4        148          0          0         96   bigflt0.o
      1936        128          0          0          0        672   btod.o
        18          0          0          0          0         80   exit.o
         6          0          0          0          0        152   heapauxi.o
         0          0          0          0          0          0   indicate_semi.o
        44         10        272          0          0         76   lc_ctype_c.o
        44         10         28          0          0         76   lc_numeric_c.o
         2          0          0          0          0          0   libinit.o
        30          0          0          0          0          0   libinit2.o
         2          0          0          0          0          0   libshutdown.o
         2          0          0          0          0          0   libshutdown2.o
         8          4          0          0         96         68   libspace.o
       138          0          0          0          0         80   lludiv10.o
       238          0          0          0          0        100   lludivv7m.o
        16          4          0          0          0         76   rt_ctype_table.o
         8          4          0          0          0         68   rt_locale_intlibspace.o
         2          0          0          0          0          0   rtexit.o
        10          0          0          0          0          0   rtexit2.o
       128          0          0          0          0         68   strcmpv7m.o
        62          0          0          0          0         76   strlen.o
        12          4          0          0          0         68   sys_exit.o
        74          0          0          0          0         80   sys_stackheap_outer.o
         2          0          0          0          0         68   use_no_semi.o
        36          4          0          0          0         76   vsprintf.o
         4          0          0          0          0         68   printf1.o
         4          0          0          0          0         68   printf2.o
         0          0          0          0          0          0   usenofp.o
        40          0          0          0          0         68   fpclassify.o

    ----------------------------------------------------------------------
      7054        266        552          0         96       4272   Library Totals
        16          0          1          0          0          0   (incl. Padding)

    ----------------------------------------------------------------------

      Code (inc. data)   RO Data    RW Data    ZI Data      Debug   Library Name

      6990        266        551          0         96       4068   c_w.l
         8          0          0          0          0        136   fz_ws.l
        40          0          0          0          0         68   m_ws.l

    ----------------------------------------------------------------------
      7054        266        552          0         96       4272   Library Totals

    ----------------------------------------------------------------------

==============================================================================


      Code (inc. data)   RO Data    RW Data    ZI Data      Debug   

     11364        886        788         24        608      87183   Grand Totals
     11364        886        788         24        608      87183   ELF Image Totals
     11364        886        788         24          0          0   ROM Totals

==============================================================================

    Total RO  Size (Code + RO Data)                12152 (  11.87kB)
    Total RW  Size (RW Data + ZI Data)               632 (   0.62kB)
    Total ROM Size (Code + RO Data + RW Data)      12176 (  11.89kB)

==============================================================================

