<html>
<body>
<pre>
<h1>µVision Build Log</h1>
<h2>Tool Versions:</h2>
IDE-Version: •ÏVision V5.24.2.0
Copyright (C) 2017 ARM Ltd and ARM Germany GmbH. All rights reserved.
License Information: YOO HYEONJU, INU, LIC=----
 
Tool Versions:
Toolchain:       MDK-Lite  Version: 5.24.1
Toolchain Path:  C:\Keil_v5\ARM\ARMCC\Bin
C Compiler:      Armcc.exe V5.06 update 5 (build 528)
Assembler:       Armasm.exe V5.06 update 5 (build 528)
Linker/Locator:  ArmLink.exe V5.06 update 5 (build 528)
Library Manager: ArmAr.exe V5.06 update 5 (build 528)
Hex Converter:   FromElf.exe V5.06 update 5 (build 528)
CPU DLL:         SARMCM3.DLL V5.24.1
Dialog DLL:      DARMP1.DLL V1.27.0.0
Target DLL:      UL2CM3.DLL V1.160.3.0
Dialog DLL:      TARMP1.DLL V1.26.0.0
 
<h2>Project:</h2>
C:\Users\lg\Desktop\Firmware\ADC\ADC.uvprojx
Project File Date:  06/18/2018

<h2>Output:</h2>
*** Using Compiler 'V5.06 update 5 (build 528)', folder: 'C:\Keil_v5\ARM\ARMCC\Bin'
Rebuild target 'Target 1'
compiling debug_frmwrk.c...
compiling lpc17xx_adc.c...
compiling ADC.c...
compiling lpc17xx_libcfg_default.c...
compiling lpc17xx_clkpwr.c...
compiling lpc17xx_gpio.c...
compiling lpc17xx_nvic.c...
compiling lpc17xx_pinsel.c...
compiling lpc17xx_uart.c...
compiling LPC1768_utility.c...
compiling lpc17xx_exti.c...
assembling startup_LPC17xx.s...
compiling lpc17xx_timer.c...
compiling LPC1768_fnd.c...
compiling system_LPC17xx.c...
linking...
Program Size: Code=4388 RO-data=456 RW-data=8 ZI-data=608  
FromELF: creating hex file...
".\Objects\ADC.axf" - 0 Error(s), 0 Warning(s).

<h2>Software Packages used:</h2>

Package Vendor: Keil
                http://www.keil.com/pack/Keil.LPC1700_DFP.2.4.0.pack
                Keil.LPC1700_DFP.2.4.0
                NXP LPC1700 Series Device Support, Drivers and Examples for MCB1700 and LPC1788-32
   * Component: Startup Version: 1.0.0

<h2>Collection of Component include folders:</h2>
  .\RTE\_Target_1
  C:\Keil_v5\ARM\PACK\Keil\LPC1700_DFP\2.4.0\Device\Include

<h2>Collection of Component Files used:</h2>

   * Component: Keil::Device:Startup:1.0.0
      Source file:   Device\Source\ARM\startup_LPC17xx.s
      Source file:   Device\Source\system_LPC17xx.c
      Include file:  Device\Include\LPC17xx.h
Build Time Elapsed:  00:00:03
</pre>
</body>
</html>
